Archive member included because of file (symbol)

c:/program files (x86)/atmel/atmel toolchain/arm gcc/native/4.8.1443/arm-gnu-toolchain/bin/../lib/gcc/arm-none-eabi/4.8.4/../../../../arm-none-eabi/lib/armv7-m\libm.a(lib_a-s_atan.o)
                              src/MathFunctions.o (atan)
c:/program files (x86)/atmel/atmel toolchain/arm gcc/native/4.8.1443/arm-gnu-toolchain/bin/../lib/gcc/arm-none-eabi/4.8.4/../../../../arm-none-eabi/lib/armv7-m\libm.a(lib_a-s_fabs.o)
                              c:/program files (x86)/atmel/atmel toolchain/arm gcc/native/4.8.1443/arm-gnu-toolchain/bin/../lib/gcc/arm-none-eabi/4.8.4/../../../../arm-none-eabi/lib/armv7-m\libm.a(lib_a-s_atan.o) (fabs)
c:/program files (x86)/atmel/atmel toolchain/arm gcc/native/4.8.1443/arm-gnu-toolchain/bin/../lib/gcc/arm-none-eabi/4.8.4/../../../../arm-none-eabi/lib/armv7-m\libm.a(lib_a-w_sqrt.o)
                              src/MathFunctions.o (sqrt)
c:/program files (x86)/atmel/atmel toolchain/arm gcc/native/4.8.1443/arm-gnu-toolchain/bin/../lib/gcc/arm-none-eabi/4.8.4/../../../../arm-none-eabi/lib/armv7-m\libm.a(lib_a-e_sqrt.o)
                              c:/program files (x86)/atmel/atmel toolchain/arm gcc/native/4.8.1443/arm-gnu-toolchain/bin/../lib/gcc/arm-none-eabi/4.8.4/../../../../arm-none-eabi/lib/armv7-m\libm.a(lib_a-w_sqrt.o) (__ieee754_sqrt)
c:/program files (x86)/atmel/atmel toolchain/arm gcc/native/4.8.1443/arm-gnu-toolchain/bin/../lib/gcc/arm-none-eabi/4.8.4/../../../../arm-none-eabi/lib/armv7-m\libm.a(lib_a-s_fpclassify.o)
                              c:/program files (x86)/atmel/atmel toolchain/arm gcc/native/4.8.1443/arm-gnu-toolchain/bin/../lib/gcc/arm-none-eabi/4.8.4/../../../../arm-none-eabi/lib/armv7-m\libm.a(lib_a-w_sqrt.o) (__fpclassifyd)
c:/program files (x86)/atmel/atmel toolchain/arm gcc/native/4.8.1443/arm-gnu-toolchain/bin/../lib/gcc/arm-none-eabi/4.8.4/../../../../arm-none-eabi/lib/armv7-m\libm.a(lib_a-s_lib_ver.o)
                              c:/program files (x86)/atmel/atmel toolchain/arm gcc/native/4.8.1443/arm-gnu-toolchain/bin/../lib/gcc/arm-none-eabi/4.8.4/../../../../arm-none-eabi/lib/armv7-m\libm.a(lib_a-w_sqrt.o) (__fdlib_version)
c:/program files (x86)/atmel/atmel toolchain/arm gcc/native/4.8.1443/arm-gnu-toolchain/bin/../lib/gcc/arm-none-eabi/4.8.4/../../../../arm-none-eabi/lib/armv7-m\libm.a(lib_a-s_matherr.o)
                              c:/program files (x86)/atmel/atmel toolchain/arm gcc/native/4.8.1443/arm-gnu-toolchain/bin/../lib/gcc/arm-none-eabi/4.8.4/../../../../arm-none-eabi/lib/armv7-m\libm.a(lib_a-w_sqrt.o) (matherr)
c:/program files (x86)/atmel/atmel toolchain/arm gcc/native/4.8.1443/arm-gnu-toolchain/bin/../lib/gcc/arm-none-eabi/4.8.4/armv7-m\libgcc.a(_arm_addsubdf3.o)
                              src/MathFunctions.o (__aeabi_dsub)
c:/program files (x86)/atmel/atmel toolchain/arm gcc/native/4.8.1443/arm-gnu-toolchain/bin/../lib/gcc/arm-none-eabi/4.8.4/armv7-m\libgcc.a(_arm_muldivdf3.o)
                              src/MathFunctions.o (__aeabi_dmul)
c:/program files (x86)/atmel/atmel toolchain/arm gcc/native/4.8.1443/arm-gnu-toolchain/bin/../lib/gcc/arm-none-eabi/4.8.4/armv7-m\libgcc.a(_arm_cmpdf2.o)
                              src/MathFunctions.o (__aeabi_dcmpeq)
c:/program files (x86)/atmel/atmel toolchain/arm gcc/native/4.8.1443/arm-gnu-toolchain/bin/../lib/gcc/arm-none-eabi/4.8.4/armv7-m\libgcc.a(_arm_fixdfsi.o)
                              src/Task_Move.o (__aeabi_d2iz)
c:/program files (x86)/atmel/atmel toolchain/arm gcc/native/4.8.1443/arm-gnu-toolchain/bin/../lib/gcc/arm-none-eabi/4.8.4/armv7-m\libgcc.a(_arm_fixunsdfsi.o)
                              src/Task_Move.o (__aeabi_d2uiz)
c:/program files (x86)/atmel/atmel toolchain/arm gcc/native/4.8.1443/arm-gnu-toolchain/bin/../lib/gcc/arm-none-eabi/4.8.4/../../../../arm-none-eabi/lib/armv7-m\libc.a(lib_a-errno.o)
                              c:/program files (x86)/atmel/atmel toolchain/arm gcc/native/4.8.1443/arm-gnu-toolchain/bin/../lib/gcc/arm-none-eabi/4.8.4/../../../../arm-none-eabi/lib/armv7-m\libm.a(lib_a-w_sqrt.o) (__errno)
c:/program files (x86)/atmel/atmel toolchain/arm gcc/native/4.8.1443/arm-gnu-toolchain/bin/../lib/gcc/arm-none-eabi/4.8.4/../../../../arm-none-eabi/lib/armv7-m\libc.a(lib_a-exit.o)
                              c:/program files (x86)/atmel/atmel toolchain/arm gcc/native/4.8.1443/arm-gnu-toolchain/bin/../lib/gcc/arm-none-eabi/4.8.4/../../../../arm-none-eabi/lib/armv7-m/crt0.o (exit)
c:/program files (x86)/atmel/atmel toolchain/arm gcc/native/4.8.1443/arm-gnu-toolchain/bin/../lib/gcc/arm-none-eabi/4.8.4/../../../../arm-none-eabi/lib/armv7-m\libc.a(lib_a-impure.o)
                              c:/program files (x86)/atmel/atmel toolchain/arm gcc/native/4.8.1443/arm-gnu-toolchain/bin/../lib/gcc/arm-none-eabi/4.8.4/../../../../arm-none-eabi/lib/armv7-m\libc.a(lib_a-exit.o) (_global_impure_ptr)
[...]
Memory Configuration

Name             Origin             Length             Attributes
rom              0x00080000         0x00080000         xr
sram0            0x20000000         0x00010000         xrw
sram1            0x20080000         0x00008000         xrw
ram              0x20070000         0x00018000         xrw
*default*        0x00000000         0xffffffff

Linker script and memory map

LOAD c:/program files (x86)/atmel/atmel toolchain/arm gcc/native/4.8.1443/arm-gnu-toolchain/bin/../lib/gcc/arm-none-eabi/4.8.4/armv7-m/crti.o
LOAD c:/program files (x86)/atmel/atmel toolchain/arm gcc/native/4.8.1443/arm-gnu-toolchain/bin/../lib/gcc/arm-none-eabi/4.8.4/armv7-m/crtbegin.o
LOAD c:/program files (x86)/atmel/atmel toolchain/arm gcc/native/4.8.1443/arm-gnu-toolchain/bin/../lib/gcc/arm-none-eabi/4.8.4/../../../../arm-none-eabi/lib/armv7-m/crt0.o
LOAD src/arlo/Arlo.o
LOAD src/ASF/common/utils/stdio/read.o
LOAD src/ASF/sam/drivers/pwm/pwm.o
LOAD src/ASF/sam/drivers/tc/tc.o
LOAD src/ASF/sam/drivers/twi/twi.o
LOAD src/comm/TWIComm.o
LOAD src/ConsoleFunctions.o
LOAD src/MathFunctions.o
LOAD src/PwmFunctions.o
LOAD src/StepCounter_ISR.o
LOAD src/Task_UnoComm.o
LOAD src/ASF/sam/drivers/usart/usart.o
LOAD src/ASF/common/utils/stdio/write.o
LOAD src/ASF/common/services/serial/usart_serial.o
LOAD src/ASF/sam/drivers/uart/uart.o
LOAD src/ASF/thirdparty/freertos/freertos-7.3.0/source/FreeRTOS_CLI.o
LOAD src/Task_GetCordinates.o
LOAD src/Task_Move.o
LOAD src/ASF/thirdparty/freertos/freertos-7.3.0/source/list.o
LOAD src/ASF/thirdparty/freertos/freertos-7.3.0/source/portable/gcc/sam/port.o
LOAD src/ASF/thirdparty/freertos/freertos-7.3.0/source/portable/memmang/heap_4.o
LOAD src/ASF/thirdparty/freertos/freertos-7.3.0/source/queue.o
LOAD src/ASF/thirdparty/freertos/freertos-7.3.0/source/tasks.o
LOAD src/ASF/thirdparty/freertos/freertos-7.3.0/source/timers.o
LOAD src/ASF/common/services/delay/sam/cycle_counter.o
LOAD src/ASF/common/services/clock/sam3x/sysclk.o
LOAD src/ASF/common/utils/interrupt/interrupt_sam_nvic.o
LOAD src/ASF/sam/boards/arduino_due_x/init.o
LOAD src/ASF/sam/drivers/pio/pio.o
LOAD src/ASF/sam/drivers/pio/pio_handler.o
LOAD src/ASF/sam/drivers/pmc/pmc.o
LOAD src/ASF/sam/drivers/pmc/sleep.o
LOAD src/ASF/sam/utils/cmsis/sam3x/source/templates/exceptions.o
LOAD src/ASF/sam/utils/cmsis/sam3x/source/templates/gcc/startup_sam3x.o
LOAD src/ASF/sam/utils/cmsis/sam3x/source/templates/system_sam3x.o
LOAD src/ASF/sam/utils/syscalls/gcc/syscalls.o
LOAD src/main.o
START GROUP
LOAD ../src/ASF/thirdparty/CMSIS/Lib/GCC\libarm_cortexM3l_math.a
LOAD c:/program files (x86)/atmel/atmel toolchain/arm gcc/native/4.8.1443/arm-gnu-toolchain/bin/../lib/gcc/arm-none-eabi/4.8.4/../../../../arm-none-eabi/lib/armv7-m\libm.a
END GROUP
START GROUP
LOAD c:/program files (x86)/atmel/atmel toolchain/arm gcc/native/4.8.1443/arm-gnu-toolchain/bin/../lib/gcc/arm-none-eabi/4.8.4/armv7-m\libgcc.a
LOAD c:/program files (x86)/atmel/atmel toolchain/arm gcc/native/4.8.1443/arm-gnu-toolchain/bin/../lib/gcc/arm-none-eabi/4.8.4/../../../../arm-none-eabi/lib/armv7-m\libc.a
END GROUP
LOAD c:/program files (x86)/atmel/atmel toolchain/arm gcc/native/4.8.1443/arm-gnu-toolchain/bin/../lib/gcc/arm-none-eabi/4.8.4/armv7-m/crtend.o
LOAD c:/program files (x86)/atmel/atmel toolchain/arm gcc/native/4.8.1443/arm-gnu-toolchain/bin/../lib/gcc/arm-none-eabi/4.8.4/armv7-m/crtn.o
                0x00002000                __stack_size__ = DEFINED (__stack_size__)?__stack_size__:0x2000
                0x20087ffc                __ram_end__ = ((ORIGIN (ram) + 0x18000) - 0x4)

.text           0x00080000     0x7bbc
                0x00080000                . = ALIGN (0x4)
                0x00080000                _sfixed = .
 *(.vectors .vectors.*)
 .vectors       0x00080000       0xf4 src/ASF/sam/utils/cmsis/sam3x/source/templates/gcc/startup_sam3x.o
                0x00080000                exception_table
 *(.text .text.* .gnu.linkonce.t.*)
 .text          0x000800f4       0x54 c:/program files (x86)/atmel/atmel toolchain/arm gcc/native/4.8.1443/arm-gnu-toolchain/bin/../lib/gcc/arm-none-eabi/4.8.4/armv7-m/crtbegin.o
 .text.arlo_arm_init
                0x00080148       0x48 src/arlo/Arlo.o
                0x00080148                arlo_arm_init
 .text.arlo_nav_init
                0x00080190       0x30 src/arlo/Arlo.o
                0x00080190                arlo_nav_init
 .text.arlo_init
                0x000801c0       0x1c src/arlo/Arlo.o
                0x000801c0                arlo_init
 .text.arlo_lift_object
                0x000801dc       0x24 src/arlo/Arlo.o
                0x000801dc                arlo_lift_object
 .text._read    0x00080200       0x40 src/ASF/common/utils/stdio/read.o
                0x00080200                _read
 .text.pwm_clocks_generate
                0x00080240       0x58 src/ASF/sam/drivers/pwm/pwm.o
 .text.pwm_init
                0x00080298       0x40 src/ASF/sam/drivers/pwm/pwm.o
                0x00080298                pwm_init
 .text.pwm_channel_init
                0x000802d8      0x104 src/ASF/sam/drivers/pwm/pwm.o
                0x000802d8                pwm_channel_init
 .text.pwm_channel_update_duty
                0x000803dc       0x24 src/ASF/sam/drivers/pwm/pwm.o
                0x000803dc                pwm_channel_update_duty
 .text.pwm_channel_enable
                0x00080400        0xc src/ASF/sam/drivers/pwm/pwm.o
                0x00080400                pwm_channel_enable
 .text.pwm_channel_disable
                0x0008040c        0xc src/ASF/sam/drivers/pwm/pwm.o
                0x0008040c                pwm_channel_disable
 .text.twi_set_speed
                0x00080418       0x44 src/ASF/sam/drivers/twi/twi.o
                0x00080418                twi_set_speed
 .text.twi_master_init
                0x0008045c       0x40 src/ASF/sam/drivers/twi/twi.o
                0x0008045c                twi_master_init
 .text.twi_master_read
                0x0008049c       0xd4 src/ASF/sam/drivers/twi/twi.o
                0x0008049c                twi_master_read
 .text.twi_master_write
                0x00080570       0xc4 src/ASF/sam/drivers/twi/twi.o
                0x00080570                twi_master_write
 .text.twi_init
                0x00080634       0x4c src/comm/TWIComm.o
                0x00080634                twi_init
 .text.twi_send_packet
                0x00080680       0x54 src/comm/TWIComm.o
                0x00080680                twi_send_packet
 .text.twi_request_packet
                0x000806d4       0x38 src/comm/TWIComm.o
                0x000806d4                twi_request_packet
 .text.twi_arm_init
                0x0008070c       0x40 src/comm/TWIComm.o
                0x0008070c                twi_arm_init
 .text.twi_nav_init
                0x0008074c       0x20 src/comm/TWIComm.o
                0x0008074c                twi_nav_init
 .text.twi_start_pick_up
                0x0008076c       0x14 src/comm/TWIComm.o
                0x0008076c                twi_start_pick_up
 .text.twi_start_drop_off
                0x00080780       0x14 src/comm/TWIComm.o
                0x00080780                twi_start_drop_off
 .text.twi_check_pick_up_status
                0x00080794       0x20 src/comm/TWIComm.o
                0x00080794                twi_check_pick_up_status
 .text.twi_check_drop_off_status
                0x000807b4       0x20 src/comm/TWIComm.o
                0x000807b4                twi_check_drop_off_status
 .text.twi_control_arm
                0x000807d4       0x48 src/comm/TWIComm.o
                0x000807d4                twi_control_arm
 .text.usart_serial_getchar
                0x0008081c       0xa8 src/ConsoleFunctions.o
 .text.usart_serial_putchar
                0x000808c4       0xa8 src/ConsoleFunctions.o
 .text.configureConsole
                0x0008096c       0x7c src/ConsoleFunctions.o
                0x0008096c                configureConsole
 .text.calculateDistance
                0x000809e8       0x70 src/MathFunctions.o
                0x000809e8                calculateDistance
 .text.calculateAzimuthAngle
                0x00080a58      0x210 src/MathFunctions.o
                0x00080a58                calculateAzimuthAngle
 .text.calcluteRotationAngle
                0x00080c68       0xa8 src/MathFunctions.o
                0x00080c68                calcluteRotationAngle
 .text.initPin21
                0x00080d10       0x4c src/PwmFunctions.o
                0x00080d10                initPin21
 .text.initPin22
                0x00080d5c       0x4c src/PwmFunctions.o
                0x00080d5c                initPin22
 .text.PWM_init
                0x00080da8       0x5c src/PwmFunctions.o
                0x00080da8                PWM_init
 .text.leftWheel
                0x00080e04       0x30 src/PwmFunctions.o
                0x00080e04                leftWheel
 .text.rightWheel
                0x00080e34       0x30 src/PwmFunctions.o
                0x00080e34                rightWheel
 .text.pin12_edge_handler
                0x00080e64       0x28 src/StepCounter_ISR.o
                0x00080e64                pin12_edge_handler
 .text.pin14_edge_handler
                0x00080e8c       0x28 src/StepCounter_ISR.o
                0x00080e8c                pin14_edge_handler
 .text.attach_interupt
                0x00080eb4       0x94 src/StepCounter_ISR.o
                0x00080eb4                attach_interupt
 .text.reset_Counter
                0x00080f48       0x14 src/StepCounter_ISR.o
                0x00080f48                reset_Counter
 .text.task_unoComm
                0x00080f5c       0x38 src/Task_UnoComm.o
                0x00080f5c                task_unoComm
 .text.usart_write
                0x00080f94       0x14 src/ASF/sam/drivers/usart/usart.o
                0x00080f94                usart_write
 .text.usart_read
                0x00080fa8       0x18 src/ASF/sam/drivers/usart/usart.o
                0x00080fa8                usart_read
 .text._write   0x00080fc0       0x54 src/ASF/common/utils/stdio/write.o
                0x00080fc0                _write
 .text.uart_init
                0x00081014       0x38 src/ASF/sam/drivers/uart/uart.o
                0x00081014                uart_init
 .text.uart_write
                0x0008104c       0x10 src/ASF/sam/drivers/uart/uart.o
                0x0008104c                uart_write
 .text.uart_read
                0x0008105c       0x14 src/ASF/sam/drivers/uart/uart.o
                0x0008105c                uart_read
 .text.task_getCordinates
                0x00081070       0x24 src/Task_GetCordinates.o
                0x00081070                task_getCordinates
 *fill*         0x00081094        0x4 
 .text.move     0x00081098      0x360 src/Task_Move.o
                0x00081098                move
 .text.coordinatesInit
                0x000813f8       0x70 src/Task_Move.o
                0x000813f8                coordinatesInit
 .text.updateLastPresent
                0x00081468       0x18 src/Task_Move.o
                0x00081468                updateLastPresent
 .text.calculateAngleDistance
                0x00081480       0xa0 src/Task_Move.o
                0x00081480                calculateAngleDistance
 .text.updateNextPosGL
                0x00081520       0xcc src/Task_Move.o
                0x00081520                updateNextPosGL
 .text.updateNextPosLasse
                0x000815ec      0x12c src/Task_Move.o
                0x000815ec                updateNextPosLasse
 .text.task_move
                0x00081718      0x318 src/Task_Move.o
                0x00081718                task_move
 .text.vListInitialise
                0x00081a30       0x18 src/ASF/thirdparty/freertos/freertos-7.3.0/source/list.o
                0x00081a30                vListInitialise
 .text.vListInitialiseItem
                0x00081a48        0x8 src/ASF/thirdparty/freertos/freertos-7.3.0/source/list.o
                0x00081a48                vListInitialiseItem
 .text.vListInsertEnd
                0x00081a50       0x1c src/ASF/thirdparty/freertos/freertos-7.3.0/source/list.o
                0x00081a50                vListInsertEnd
 .text.vListInsert
                0x00081a6c       0x44 src/ASF/thirdparty/freertos/freertos-7.3.0/source/list.o
                0x00081a6c                vListInsert
 .text.uxListRemove
                0x00081ab0       0x28 src/ASF/thirdparty/freertos/freertos-7.3.0/source/list.o
                0x00081ab0                uxListRemove
 .text.prvPortStartFirstTask
                0x00081ad8       0x14 src/ASF/thirdparty/freertos/freertos-7.3.0/source/portable/gcc/sam/port.o
 .text.pxPortInitialiseStack
                0x00081aec       0x1c src/ASF/thirdparty/freertos/freertos-7.3.0/source/portable/gcc/sam/port.o
                0x00081aec                pxPortInitialiseStack
 .text.SVC_Handler
                0x00081b08       0x20 src/ASF/thirdparty/freertos/freertos-7.3.0/source/portable/gcc/sam/port.o
                0x00081b08                SVC_Handler
 .text.vPortYieldFromISR
                0x00081b28       0x10 src/ASF/thirdparty/freertos/freertos-7.3.0/source/portable/gcc/sam/port.o
                0x00081b28                vPortYieldFromISR
 .text.ulPortSetInterruptMask
                0x00081b38       0x10 src/ASF/thirdparty/freertos/freertos-7.3.0/source/portable/gcc/sam/port.o
                0x00081b38                ulPortSetInterruptMask
 .text.vPortEnterCritical
                0x00081b48       0x18 src/ASF/thirdparty/freertos/freertos-7.3.0/source/portable/gcc/sam/port.o
                0x00081b48                vPortEnterCritical
 .text.vPortClearInterruptMask
                0x00081b60        0x8 src/ASF/thirdparty/freertos/freertos-7.3.0/source/portable/gcc/sam/port.o
                0x00081b60                vPortClearInterruptMask
 .text.vPortExitCritical
                0x00081b68       0x1c src/ASF/thirdparty/freertos/freertos-7.3.0/source/portable/gcc/sam/port.o
                0x00081b68                vPortExitCritical
 .text.PendSV_Handler
                0x00081b84       0x3c src/ASF/thirdparty/freertos/freertos-7.3.0/source/portable/gcc/sam/port.o
                0x00081b84                PendSV_Handler
 .text.SysTick_Handler
                0x00081bc0       0x2c src/ASF/thirdparty/freertos/freertos-7.3.0/source/portable/gcc/sam/port.o
                0x00081bc0                SysTick_Handler
 .text.vPortSetupTimerInterrupt
                0x00081bec       0x18 src/ASF/thirdparty/freertos/freertos-7.3.0/source/portable/gcc/sam/port.o
                0x00081bec                vPortSetupTimerInterrupt
 .text.xPortStartScheduler
                0x00081c04       0x38 src/ASF/thirdparty/freertos/freertos-7.3.0/source/portable/gcc/sam/port.o
                0x00081c04                xPortStartScheduler
 .text.prvInsertBlockIntoFreeList
                0x00081c3c       0x58 src/ASF/thirdparty/freertos/freertos-7.3.0/source/portable/memmang/heap_4.o
 .text.pvPortMalloc
                0x00081c94       0xc4 src/ASF/thirdparty/freertos/freertos-7.3.0/source/portable/memmang/heap_4.o
                0x00081c94                pvPortMalloc
 .text.vPortFree
                0x00081d58       0x34 src/ASF/thirdparty/freertos/freertos-7.3.0/source/portable/memmang/heap_4.o
                0x00081d58                vPortFree
 .text.prvCopyDataToQueue
                0x00081d8c       0x64 src/ASF/thirdparty/freertos/freertos-7.3.0/source/queue.o
 .text.prvCopyDataFromQueue
                0x00081df0       0x28 src/ASF/thirdparty/freertos/freertos-7.3.0/source/queue.o
 .text.prvUnlockQueue
                0x00081e18       0x8c src/ASF/thirdparty/freertos/freertos-7.3.0/source/queue.o
 .text.xQueueGenericReset
                0x00081ea4       0x7c src/ASF/thirdparty/freertos/freertos-7.3.0/source/queue.o
                0x00081ea4                xQueueGenericReset
 .text.xQueueGenericCreate
                0x00081f20       0x58 src/ASF/thirdparty/freertos/freertos-7.3.0/source/queue.o
                0x00081f20                xQueueGenericCreate
 .text.xQueueGenericSend
                0x00081f78      0x124 src/ASF/thirdparty/freertos/freertos-7.3.0/source/queue.o
                0x00081f78                xQueueGenericSend
 .text.xQueueGenericSendFromISR
                0x0008209c       0x90 src/ASF/thirdparty/freertos/freertos-7.3.0/source/queue.o
                0x0008209c                xQueueGenericSendFromISR
 .text.xQueueGenericReceive
                0x0008212c      0x164 src/ASF/thirdparty/freertos/freertos-7.3.0/source/queue.o
                0x0008212c                xQueueGenericReceive
 .text.vQueueWaitForMessageRestricted
                0x00082290       0x4c src/ASF/thirdparty/freertos/freertos-7.3.0/source/queue.o
                0x00082290                vQueueWaitForMessageRestricted
 .text.prvAddCurrentTaskToDelayedList
                0x000822dc       0x5c src/ASF/thirdparty/freertos/freertos-7.3.0/source/tasks.o
 .text.xTaskGenericCreate
                0x00082338      0x208 src/ASF/thirdparty/freertos/freertos-7.3.0/source/tasks.o
                0x00082338                xTaskGenericCreate
 .text.xTaskIsTaskSuspended
                0x00082540       0x3c src/ASF/thirdparty/freertos/freertos-7.3.0/source/tasks.o
                0x00082540                xTaskIsTaskSuspended
 .text.vTaskResume
                0x0008257c       0x88 src/ASF/thirdparty/freertos/freertos-7.3.0/source/tasks.o
                0x0008257c                vTaskResume
 .text.vTaskStartScheduler
                0x00082604       0x6c src/ASF/thirdparty/freertos/freertos-7.3.0/source/tasks.o
                0x00082604                vTaskStartScheduler
 .text.vTaskSuspendAll
                0x00082670       0x10 src/ASF/thirdparty/freertos/freertos-7.3.0/source/tasks.o
                0x00082670                vTaskSuspendAll
 .text.xTaskGetTickCount
                0x00082680       0x20 src/ASF/thirdparty/freertos/freertos-7.3.0/source/tasks.o
                0x00082680                xTaskGetTickCount
 .text.vTaskIncrementTick
                0x000826a0      0x12c src/ASF/thirdparty/freertos/freertos-7.3.0/source/tasks.o
                0x000826a0                vTaskIncrementTick
 .text.xTaskResumeAll
                0x000827cc      0x108 src/ASF/thirdparty/freertos/freertos-7.3.0/source/tasks.o
                0x000827cc                xTaskResumeAll
 .text.vTaskDelayUntil
                0x000828d4       0x98 src/ASF/thirdparty/freertos/freertos-7.3.0/source/tasks.o
                0x000828d4                vTaskDelayUntil
 .text.prvIdleTask
                0x0008296c       0x84 src/ASF/thirdparty/freertos/freertos-7.3.0/source/tasks.o
 .text.vTaskSwitchContext
                0x000829f0       0x90 src/ASF/thirdparty/freertos/freertos-7.3.0/source/tasks.o
                0x000829f0                vTaskSwitchContext
 .text.vTaskSuspend
                0x00082a80       0x90 src/ASF/thirdparty/freertos/freertos-7.3.0/source/tasks.o
                0x00082a80                vTaskSuspend
 .text.vTaskPlaceOnEventList
                0x00082b10       0x64 src/ASF/thirdparty/freertos/freertos-7.3.0/source/tasks.o
                0x00082b10                vTaskPlaceOnEventList
 .text.vTaskPlaceOnEventListRestricted
                0x00082b74       0x48 src/ASF/thirdparty/freertos/freertos-7.3.0/source/tasks.o
                0x00082b74                vTaskPlaceOnEventListRestricted
 .text.xTaskRemoveFromEventList
                0x00082bbc       0x84 src/ASF/thirdparty/freertos/freertos-7.3.0/source/tasks.o
                0x00082bbc                xTaskRemoveFromEventList
 .text.vTaskSetTimeOutState
                0x00082c40       0x28 src/ASF/thirdparty/freertos/freertos-7.3.0/source/tasks.o
                0x00082c40                vTaskSetTimeOutState
 .text.xTaskCheckForTimeOut
                0x00082c68       0x8c src/ASF/thirdparty/freertos/freertos-7.3.0/source/tasks.o
                0x00082c68                xTaskCheckForTimeOut
 .text.vTaskMissedYield
                0x00082cf4        0xc src/ASF/thirdparty/freertos/freertos-7.3.0/source/tasks.o
                0x00082cf4                vTaskMissedYield
 .text.xTaskGetCurrentTaskHandle
                0x00082d00        0xc src/ASF/thirdparty/freertos/freertos-7.3.0/source/tasks.o
                0x00082d00                xTaskGetCurrentTaskHandle
 .text.xTaskGetSchedulerState
                0x00082d0c       0x20 src/ASF/thirdparty/freertos/freertos-7.3.0/source/tasks.o
                0x00082d0c                xTaskGetSchedulerState
 .text.vTaskPriorityInherit
                0x00082d2c       0x7c src/ASF/thirdparty/freertos/freertos-7.3.0/source/tasks.o
                0x00082d2c                vTaskPriorityInherit
 .text.vTaskPriorityDisinherit
                0x00082da8       0x50 src/ASF/thirdparty/freertos/freertos-7.3.0/source/tasks.o
                0x00082da8                vTaskPriorityDisinherit
 .text.prvInsertTimerInActiveList
                0x00082df8       0x50 src/ASF/thirdparty/freertos/freertos-7.3.0/source/timers.o
 .text.prvCheckForValidListAndQueue
                0x00082e48       0x5c src/ASF/thirdparty/freertos/freertos-7.3.0/source/timers.o
 .text.xTimerCreateTimerTask
                0x00082ea4       0x4c src/ASF/thirdparty/freertos/freertos-7.3.0/source/timers.o
                0x00082ea4                xTimerCreateTimerTask
 .text.xTimerGenericCommand
                0x00082ef0       0x58 src/ASF/thirdparty/freertos/freertos-7.3.0/source/timers.o
                0x00082ef0                xTimerGenericCommand
 .text.prvSampleTimeNow
                0x00082f48       0xbc src/ASF/thirdparty/freertos/freertos-7.3.0/source/timers.o
 .text.prvTimerTask
                0x00083004      0x180 src/ASF/thirdparty/freertos/freertos-7.3.0/source/timers.o
 .text.sysclk_init
                0x00083184       0x64 src/ASF/common/services/clock/sam3x/sysclk.o
                0x00083184                sysclk_init
 .text.board_init
                0x000831e8       0x90 src/ASF/sam/boards/arduino_due_x/init.o
                0x000831e8                board_init
 .text.pio_get  0x00083278       0x18 src/ASF/sam/drivers/pio/pio.o
                0x00083278                pio_get
 .text.pio_set_peripheral
                0x00083290       0x40 src/ASF/sam/drivers/pio/pio.o
                0x00083290                pio_set_peripheral
 .text.pio_set_input
                0x000832d0       0x34 src/ASF/sam/drivers/pio/pio.o
                0x000832d0                pio_set_input
 .text.pio_set_output
                0x00083304       0x28 src/ASF/sam/drivers/pio/pio.o
                0x00083304                pio_set_output
 .text.pio_configure_interrupt
                0x0008332c       0x30 src/ASF/sam/drivers/pio/pio.o
                0x0008332c                pio_configure_interrupt
 .text.pio_enable_interrupt
                0x0008335c        0x8 src/ASF/sam/drivers/pio/pio.o
                0x0008335c                pio_enable_interrupt
 .text.pio_get_interrupt_status
                0x00083364        0x4 src/ASF/sam/drivers/pio/pio.o
                0x00083364                pio_get_interrupt_status
 .text.pio_get_interrupt_mask
                0x00083368        0x4 src/ASF/sam/drivers/pio/pio.o
                0x00083368                pio_get_interrupt_mask
 .text.pio_configure_pin
                0x0008336c       0xd4 src/ASF/sam/drivers/pio/pio.o
                0x0008336c                pio_configure_pin
 .text.pio_configure_pin_group
                0x00083440       0xa0 src/ASF/sam/drivers/pio/pio.o
                0x00083440                pio_configure_pin_group
 .text.pio_handler_process
                0x000834e0       0x58 src/ASF/sam/drivers/pio/pio_handler.o
                0x000834e0                pio_handler_process
 .text.pio_handler_set
                0x00083538       0x3c src/ASF/sam/drivers/pio/pio_handler.o
                0x00083538                pio_handler_set
 .text.PIOA_Handler
                0x00083574       0x14 src/ASF/sam/drivers/pio/pio_handler.o
                0x00083574                PIOA_Handler
 .text.PIOB_Handler
                0x00083588       0x14 src/ASF/sam/drivers/pio/pio_handler.o
                0x00083588                PIOB_Handler
 .text.PIOC_Handler
                0x0008359c       0x14 src/ASF/sam/drivers/pio/pio_handler.o
                0x0008359c                PIOC_Handler
 .text.PIOD_Handler
                0x000835b0       0x14 src/ASF/sam/drivers/pio/pio_handler.o
                0x000835b0                PIOD_Handler
 .text.pmc_switch_mck_to_pllack
                0x000835c4       0x64 src/ASF/sam/drivers/pmc/pmc.o
                0x000835c4                pmc_switch_mck_to_pllack
 .text.pmc_switch_mainck_to_xtal
                0x00083628       0x54 src/ASF/sam/drivers/pmc/pmc.o
                0x00083628                pmc_switch_mainck_to_xtal
 .text.pmc_osc_is_ready_mainck
                0x0008367c       0x10 src/ASF/sam/drivers/pmc/pmc.o
                0x0008367c                pmc_osc_is_ready_mainck
 .text.pmc_disable_pllack
                0x0008368c       0x10 src/ASF/sam/drivers/pmc/pmc.o
                0x0008368c                pmc_disable_pllack
 .text.pmc_is_locked_pllack
                0x0008369c       0x10 src/ASF/sam/drivers/pmc/pmc.o
                0x0008369c                pmc_is_locked_pllack
 .text.pmc_enable_periph_clk
                0x000836ac       0x58 src/ASF/sam/drivers/pmc/pmc.o
                0x000836ac                pmc_enable_periph_clk
 .text.Dummy_Handler
                0x00083704        0x4 src/ASF/sam/utils/cmsis/sam3x/source/templates/exceptions.o
                0x00083704                DACC_Handler
                0x00083704                DebugMon_Handler
                0x00083704                DMAC_Handler
                0x00083704                TRNG_Handler
                0x00083704                HardFault_Handler
                0x00083704                TC2_Handler
                0x00083704                USART3_Handler
                0x00083704                TWI1_Handler
                0x00083704                NMI_Handler
                0x00083704                TC7_Handler
                0x00083704                ADC_Handler
                0x00083704                SMC_Handler
                0x00083704                USART0_Handler
                0x00083704                RTT_Handler
                0x00083704                EFC1_Handler
                0x00083704                RTC_Handler
                0x00083704                UsageFault_Handler
                0x00083704                TC6_Handler
                0x00083704                WDT_Handler
                0x00083704                CAN0_Handler
                0x00083704                TC4_Handler
                0x00083704                TC1_Handler
                0x00083704                HSMCI_Handler
                0x00083704                TC3_Handler
                0x00083704                Dummy_Handler
                0x00083704                TWI0_Handler
                0x00083704                USART1_Handler
                0x00083704                SSC_Handler
                0x00083704                EFC0_Handler
                0x00083704                PMC_Handler
                0x00083704                PWM_Handler
                0x00083704                CAN1_Handler
                0x00083704                MemManage_Handler
                0x00083704                SUPC_Handler
                0x00083704                TC8_Handler
                0x00083704                USART2_Handler
                0x00083704                EMAC_Handler
                0x00083704                UART_Handler
                0x00083704                BusFault_Handler
                0x00083704                RSTC_Handler
                0x00083704                TC0_Handler
                0x00083704                TC5_Handler
                0x00083704                UOTGHS_Handler
                0x00083704                SPI0_Handler
 .text.Reset_Handler
                0x00083708       0xb0 src/ASF/sam/utils/cmsis/sam3x/source/templates/gcc/startup_sam3x.o
                0x00083708                Reset_Handler
 .text.SystemCoreClockUpdate
                0x000837b8      0x11c src/ASF/sam/utils/cmsis/sam3x/source/templates/system_sam3x.o
                0x000837b8                SystemCoreClockUpdate
 .text._sbrk    0x000838d4       0x34 src/ASF/sam/utils/syscalls/gcc/syscalls.o
                0x000838d4                _sbrk
 .text._close   0x00083908        0x8 src/ASF/sam/utils/syscalls/gcc/syscalls.o
                0x00083908                _close
 .text._fstat   0x00083910        0xc src/ASF/sam/utils/syscalls/gcc/syscalls.o
                0x00083910                _fstat
 .text._isatty  0x0008391c        0x4 src/ASF/sam/utils/syscalls/gcc/syscalls.o
                0x0008391c                _isatty
 .text._lseek   0x00083920        0x4 src/ASF/sam/utils/syscalls/gcc/syscalls.o
                0x00083920                _lseek
 .text.main     0x00083924      0x128 src/main.o
                0x00083924                main
 *fill*         0x00083a4c        0x4 
 .text.atan     0x00083a50      0x350 c:/program files (x86)/atmel/atmel toolchain/arm gcc/native/4.8.1443/arm-gnu-toolchain/bin/../lib/gcc/arm-none-eabi/4.8.4/../../../../arm-none-eabi/lib/armv7-m\libm.a(lib_a-s_atan.o)
                0x00083a50                atan
 .text.fabs     0x00083da0        0x8 c:/program files (x86)/atmel/atmel toolchain/arm gcc/native/4.8.1443/arm-gnu-toolchain/bin/../lib/gcc/arm-none-eabi/4.8.4/../../../../arm-none-eabi/lib/armv7-m\libm.a(lib_a-s_fabs.o)
                0x00083da0                fabs
 .text.sqrt     0x00083da8       0xac c:/program files (x86)/atmel/atmel toolchain/arm gcc/native/4.8.1443/arm-gnu-toolchain/bin/../lib/gcc/arm-none-eabi/4.8.4/../../../../arm-none-eabi/lib/armv7-m\libm.a(lib_a-w_sqrt.o)
                0x00083da8                sqrt
 .text.__ieee754_sqrt
                0x00083e54      0x180 c:/program files (x86)/atmel/atmel toolchain/arm gcc/native/4.8.1443/arm-gnu-toolchain/bin/../lib/gcc/arm-none-eabi/4.8.4/../../../../arm-none-eabi/lib/armv7-m\libm.a(lib_a-e_sqrt.o)
                0x00083e54                __ieee754_sqrt
 .text.__fpclassifyd
                0x00083fd4       0x50 c:/program files (x86)/atmel/atmel toolchain/arm gcc/native/4.8.1443/arm-gnu-toolchain/bin/../lib/gcc/arm-none-eabi/4.8.4/../../../../arm-none-eabi/lib/armv7-m\libm.a(lib_a-s_fpclassify.o)
                0x00083fd4                __fpclassifyd
 .text.matherr  0x00084024        0x4 c:/program files (x86)/atmel/atmel toolchain/arm gcc/native/4.8.1443/arm-gnu-toolchain/bin/../lib/gcc/arm-none-eabi/4.8.4/../../../../arm-none-eabi/lib/armv7-m\libm.a(lib_a-s_matherr.o)
                0x00084024                matherr
 .text          0x00084028      0x370 c:/program files (x86)/atmel/atmel toolchain/arm gcc/native/4.8.1443/arm-gnu-toolchain/bin/../lib/gcc/arm-none-eabi/4.8.4/armv7-m\libgcc.a(_arm_addsubdf3.o)
                0x00084028                __aeabi_drsub
                0x00084030                __aeabi_dsub
                0x00084030                __subdf3
                0x00084034                __aeabi_dadd
                0x00084034                __adddf3
                0x000842ac                __floatunsidf
                0x000842ac                __aeabi_ui2d
                0x000842cc                __floatsidf
                0x000842cc                __aeabi_i2d
                0x000842f0                __aeabi_f2d
                0x000842f0                __extendsfdf2
                0x0008432c                __floatundidf
                0x0008432c                __aeabi_ul2d
                0x0008433c                __floatdidf
                0x0008433c                __aeabi_l2d
 .text          0x00084398      0x424 c:/program files (x86)/atmel/atmel toolchain/arm gcc/native/4.8.1443/arm-gnu-toolchain/bin/../lib/gcc/arm-none-eabi/4.8.4/armv7-m\libgcc.a(_arm_muldivdf3.o)
                0x00084398                __aeabi_dmul
                0x00084398                __muldf3
                0x000845ec                __divdf3
                0x000845ec                __aeabi_ddiv
 .text          0x000847bc      0x110 c:/program files (x86)/atmel/atmel toolchain/arm gcc/native/4.8.1443/arm-gnu-toolchain/bin/../lib/gcc/arm-none-eabi/4.8.4/armv7-m\libgcc.a(_arm_cmpdf2.o)
                0x000847bc                __gtdf2
                0x000847bc                __gedf2
                0x000847c4                __ltdf2
                0x000847c4                __ledf2
                0x000847cc                __nedf2
                0x000847cc                __eqdf2
                0x000847cc                __cmpdf2
                0x00084848                __aeabi_cdrcmple
                0x00084858                __aeabi_cdcmpeq
                0x00084858                __aeabi_cdcmple
                0x00084868                __aeabi_dcmpeq
                0x0008487c                __aeabi_dcmplt
                0x00084890                __aeabi_dcmple
                0x000848a4                __aeabi_dcmpge
                0x000848b8                __aeabi_dcmpgt
 .text          0x000848cc       0x50 c:/program files (x86)/atmel/atmel toolchain/arm gcc/native/4.8.1443/arm-gnu-toolchain/bin/../lib/gcc/arm-none-eabi/4.8.4/armv7-m\libgcc.a(_arm_fixdfsi.o)
                0x000848cc                __aeabi_d2iz
                0x000848cc                __fixdfsi
 .text          0x0008491c       0x40 c:/program files (x86)/atmel/atmel toolchain/arm gcc/native/4.8.1443/arm-gnu-toolchain/bin/../lib/gcc/arm-none-eabi/4.8.4/armv7-m\libgcc.a(_arm_fixunsdfsi.o)
                0x0008491c                __aeabi_d2uiz
                0x0008491c                __fixunsdfsi
 .text.__errno  0x0008495c        0xc c:/program files (x86)/atmel/atmel toolchain/arm gcc/native/4.8.1443/arm-gnu-toolchain/bin/../lib/gcc/arm-none-eabi/4.8.4/../../../../arm-none-eabi/lib/armv7-m\libc.a(lib_a-errno.o)
                0x0008495c                __errno
 .text.__libc_init_array
                0x00084968       0x50 c:/program files (x86)/atmel/atmel toolchain/arm gcc/native/4.8.1443/arm-gnu-toolchain/bin/../lib/gcc/arm-none-eabi/4.8.4/../../../../arm-none-eabi/lib/armv7-m\libc.a(lib_a-init.o)
                0x00084968                __libc_init_array
 .text.iprintf  0x000849b8       0x28 c:/program files (x86)/atmel/atmel toolchain/arm gcc/native/4.8.1443/arm-gnu-toolchain/bin/../lib/gcc/arm-none-eabi/4.8.4/../../../../arm-none-eabi/lib/armv7-m\libc.a(lib_a-iprintf.o)
                0x000849b8                iprintf
 .text          0x000849e0       0xec c:/program files (x86)/atmel/atmel toolchain/arm gcc/native/4.8.1443/arm-gnu-toolchain/bin/../lib/gcc/arm-none-eabi/4.8.4/../../../../arm-none-eabi/lib/armv7-m\libc.a(lib_a-memcpy.o)
                0x000849e0                memcpy
 .text.memset   0x00084acc       0x94 c:/program files (x86)/atmel/atmel toolchain/arm gcc/native/4.8.1443/arm-gnu-toolchain/bin/../lib/gcc/arm-none-eabi/4.8.4/../../../../arm-none-eabi/lib/armv7-m\libc.a(lib_a-memset.o)
                0x00084acc                memset
 .text.setbuf   0x00084b60       0x10 c:/program files (x86)/atmel/atmel toolchain/arm gcc/native/4.8.1443/arm-gnu-toolchain/bin/../lib/gcc/arm-none-eabi/4.8.4/../../../../arm-none-eabi/lib/armv7-m\libc.a(lib_a-setbuf.o)
                0x00084b60                setbuf
 .text.setvbuf  0x00084b70      0x100 c:/program files (x86)/atmel/atmel toolchain/arm gcc/native/4.8.1443/arm-gnu-toolchain/bin/../lib/gcc/arm-none-eabi/4.8.4/../../../../arm-none-eabi/lib/armv7-m\libc.a(lib_a-setvbuf.o)
                0x00084b70                setvbuf
 .text.strlen   0x00084c70       0x60 c:/program files (x86)/atmel/atmel toolchain/arm gcc/native/4.8.1443/arm-gnu-toolchain/bin/../lib/gcc/arm-none-eabi/4.8.4/../../../../arm-none-eabi/lib/armv7-m\libc.a(lib_a-strlen.o)
                0x00084c70                strlen
 .text.strncpy  0x00084cd0       0x64 c:/program files (x86)/atmel/atmel toolchain/arm gcc/native/4.8.1443/arm-gnu-toolchain/bin/../lib/gcc/arm-none-eabi/4.8.4/../../../../arm-none-eabi/lib/armv7-m\libc.a(lib_a-strncpy.o)
                0x00084cd0                strncpy
 .text.__sprint_r.part.0
                0x00084d34       0x78 c:/program files (x86)/atmel/atmel toolchain/arm gcc/native/4.8.1443/arm-gnu-toolchain/bin/../lib/gcc/arm-none-eabi/4.8.4/../../../../arm-none-eabi/lib/armv7-m\libc.a(lib_a-vfiprintf.o)
 .text._vfiprintf_r
                0x00084dac      0xc54 c:/program files (x86)/atmel/atmel toolchain/arm gcc/native/4.8.1443/arm-gnu-toolchain/bin/../lib/gcc/arm-none-eabi/4.8.4/../../../../arm-none-eabi/lib/armv7-m\libc.a(lib_a-vfiprintf.o)
                0x00084dac                _vfiprintf_r
 .text.__sbprintf
                0x00085a00       0x7c c:/program files (x86)/atmel/atmel toolchain/arm gcc/native/4.8.1443/arm-gnu-toolchain/bin/../lib/gcc/arm-none-eabi/4.8.4/../../../../arm-none-eabi/lib/armv7-m\libc.a(lib_a-vfiprintf.o)
 .text.__swsetup_r
                0x00085a7c       0xc4 c:/program files (x86)/atmel/atmel toolchain/arm gcc/native/4.8.1443/arm-gnu-toolchain/bin/../lib/gcc/arm-none-eabi/4.8.4/../../../../arm-none-eabi/lib/armv7-m\libc.a(lib_a-wsetup.o)
                0x00085a7c                __swsetup_r
 .text.startup.register_fini
                0x00085b40       0x14 c:/program files (x86)/atmel/atmel toolchain/arm gcc/native/4.8.1443/arm-gnu-toolchain/bin/../lib/gcc/arm-none-eabi/4.8.4/../../../../arm-none-eabi/lib/armv7-m\libc.a(lib_a-__call_atexit.o)
 .text.atexit   0x00085b54        0xc c:/program files (x86)/atmel/atmel toolchain/arm gcc/native/4.8.1443/arm-gnu-toolchain/bin/../lib/gcc/arm-none-eabi/4.8.4/../../../../arm-none-eabi/lib/armv7-m\libc.a(lib_a-atexit.o)
                0x00085b54                atexit
 .text.__sflush_r
                0x00085b60      0x148 c:/program files (x86)/atmel/atmel toolchain/arm gcc/native/4.8.1443/arm-gnu-toolchain/bin/../lib/gcc/arm-none-eabi/4.8.4/../../../../arm-none-eabi/lib/armv7-m\libc.a(lib_a-fflush.o)
                0x00085b60                __sflush_r
 .text._fflush_r
                0x00085ca8       0x2c c:/program files (x86)/atmel/atmel toolchain/arm gcc/native/4.8.1443/arm-gnu-toolchain/bin/../lib/gcc/arm-none-eabi/4.8.4/../../../../arm-none-eabi/lib/armv7-m\libc.a(lib_a-fflush.o)
                0x00085ca8                _fflush_r
 .text._cleanup_r
                0x00085cd4        0xc c:/program files (x86)/atmel/atmel toolchain/arm gcc/native/4.8.1443/arm-gnu-toolchain/bin/../lib/gcc/arm-none-eabi/4.8.4/../../../../arm-none-eabi/lib/armv7-m\libc.a(lib_a-findfp.o)
                0x00085cd4                _cleanup_r
 .text.__sinit  0x00085ce0       0xf4 c:/program files (x86)/atmel/atmel toolchain/arm gcc/native/4.8.1443/arm-gnu-toolchain/bin/../lib/gcc/arm-none-eabi/4.8.4/../../../../arm-none-eabi/lib/armv7-m\libc.a(lib_a-findfp.o)
                0x00085ce0                __sinit
 .text.__sfp_lock_acquire
                0x00085dd4        0x4 c:/program files (x86)/atmel/atmel toolchain/arm gcc/native/4.8.1443/arm-gnu-toolchain/bin/../lib/gcc/arm-none-eabi/4.8.4/../../../../arm-none-eabi/lib/armv7-m\libc.a(lib_a-findfp.o)
                0x00085dd4                __sfp_lock_acquire
 .text.__sfp_lock_release
                0x00085dd8        0x4 c:/program files (x86)/atmel/atmel toolchain/arm gcc/native/4.8.1443/arm-gnu-toolchain/bin/../lib/gcc/arm-none-eabi/4.8.4/../../../../arm-none-eabi/lib/armv7-m\libc.a(lib_a-findfp.o)
                0x00085dd8                __sfp_lock_release
 .text.__libc_fini_array
                0x00085ddc       0x30 c:/program files (x86)/atmel/atmel toolchain/arm gcc/native/4.8.1443/arm-gnu-toolchain/bin/../lib/gcc/arm-none-eabi/4.8.4/../../../../arm-none-eabi/lib/armv7-m\libc.a(lib_a-fini.o)
                0x00085ddc                __libc_fini_array
 .text._fputwc_r
                0x00085e0c       0xc0 c:/program files (x86)/atmel/atmel toolchain/arm gcc/native/4.8.1443/arm-gnu-toolchain/bin/../lib/gcc/arm-none-eabi/4.8.4/../../../../arm-none-eabi/lib/armv7-m\libc.a(lib_a-fputwc.o)
                0x00085e0c                _fputwc_r
 .text._malloc_trim_r
                0x00085ecc       0x9c c:/program files (x86)/atmel/atmel toolchain/arm gcc/native/4.8.1443/arm-gnu-toolchain/bin/../lib/gcc/arm-none-eabi/4.8.4/../../../../arm-none-eabi/lib/armv7-m\libc.a(lib_a-freer.o)
                0x00085ecc                _malloc_trim_r
 .text._free_r  0x00085f68      0x198 c:/program files (x86)/atmel/atmel toolchain/arm gcc/native/4.8.1443/arm-gnu-toolchain/bin/../lib/gcc/arm-none-eabi/4.8.4/../../../../arm-none-eabi/lib/armv7-m\libc.a(lib_a-freer.o)
                0x00085f68                _free_r
 .text.__sfvwrite_r
                0x00086100      0x318 c:/program files (x86)/atmel/atmel toolchain/arm gcc/native/4.8.1443/arm-gnu-toolchain/bin/../lib/gcc/arm-none-eabi/4.8.4/../../../../arm-none-eabi/lib/armv7-m\libc.a(lib_a-fvwrite.o)
                0x00086100                __sfvwrite_r
 .text._fwalk   0x00086418       0x48 c:/program files (x86)/atmel/atmel toolchain/arm gcc/native/4.8.1443/arm-gnu-toolchain/bin/../lib/gcc/arm-none-eabi/4.8.4/../../../../arm-none-eabi/lib/armv7-m\libc.a(lib_a-fwalk.o)
                0x00086418                _fwalk
 .text.__locale_charset
                0x00086460        0x8 c:/program files (x86)/atmel/atmel toolchain/arm gcc/native/4.8.1443/arm-gnu-toolchain/bin/../lib/gcc/arm-none-eabi/4.8.4/../../../../arm-none-eabi/lib/armv7-m\libc.a(lib_a-locale.o)
                0x00086460                __locale_charset
 .text.__locale_mb_cur_max
                0x00086468        0xc c:/program files (x86)/atmel/atmel toolchain/arm gcc/native/4.8.1443/arm-gnu-toolchain/bin/../lib/gcc/arm-none-eabi/4.8.4/../../../../arm-none-eabi/lib/armv7-m\libc.a(lib_a-locale.o)
                0x00086468                __locale_mb_cur_max
 .text.__smakebuf_r
                0x00086474       0xe0 c:/program files (x86)/atmel/atmel toolchain/arm gcc/native/4.8.1443/arm-gnu-toolchain/bin/../lib/gcc/arm-none-eabi/4.8.4/../../../../arm-none-eabi/lib/armv7-m\libc.a(lib_a-makebuf.o)
                0x00086474                __smakebuf_r
 .text.malloc   0x00086554       0x10 c:/program files (x86)/atmel/atmel toolchain/arm gcc/native/4.8.1443/arm-gnu-toolchain/bin/../lib/gcc/arm-none-eabi/4.8.4/../../../../arm-none-eabi/lib/armv7-m\libc.a(lib_a-malloc.o)
                0x00086554                malloc
 .text._malloc_r
                0x00086564      0x538 c:/program files (x86)/atmel/atmel toolchain/arm gcc/native/4.8.1443/arm-gnu-toolchain/bin/../lib/gcc/arm-none-eabi/4.8.4/../../../../arm-none-eabi/lib/armv7-m\libc.a(lib_a-mallocr.o)
                0x00086564                _malloc_r
 .text.memchr   0x00086a9c       0x94 c:/program files (x86)/atmel/atmel toolchain/arm gcc/native/4.8.1443/arm-gnu-toolchain/bin/../lib/gcc/arm-none-eabi/4.8.4/../../../../arm-none-eabi/lib/armv7-m\libc.a(lib_a-memchr-stub.o)
                0x00086a9c                memchr
 .text.memmove  0x00086b30       0xcc c:/program files (x86)/atmel/atmel toolchain/arm gcc/native/4.8.1443/arm-gnu-toolchain/bin/../lib/gcc/arm-none-eabi/4.8.4/../../../../arm-none-eabi/lib/armv7-m\libc.a(lib_a-memmove.o)
                0x00086b30                memmove
 .text.__malloc_lock
                0x00086bfc        0x4 c:/program files (x86)/atmel/atmel toolchain/arm gcc/native/4.8.1443/arm-gnu-toolchain/bin/../lib/gcc/arm-none-eabi/4.8.4/../../../../arm-none-eabi/lib/armv7-m\libc.a(lib_a-mlock.o)
                0x00086bfc                __malloc_lock
 .text.__malloc_unlock
                0x00086c00        0x4 c:/program files (x86)/atmel/atmel toolchain/arm gcc/native/4.8.1443/arm-gnu-toolchain/bin/../lib/gcc/arm-none-eabi/4.8.4/../../../../arm-none-eabi/lib/armv7-m\libc.a(lib_a-mlock.o)
                0x00086c00                __malloc_unlock
 .text._realloc_r
                0x00086c04      0x3c0 c:/program files (x86)/atmel/atmel toolchain/arm gcc/native/4.8.1443/arm-gnu-toolchain/bin/../lib/gcc/arm-none-eabi/4.8.4/../../../../arm-none-eabi/lib/armv7-m\libc.a(lib_a-reallocr.o)
                0x00086c04                _realloc_r
 .text._sbrk_r  0x00086fc4       0x24 c:/program files (x86)/atmel/atmel toolchain/arm gcc/native/4.8.1443/arm-gnu-toolchain/bin/../lib/gcc/arm-none-eabi/4.8.4/../../../../arm-none-eabi/lib/armv7-m\libc.a(lib_a-sbrkr.o)
                0x00086fc4                _sbrk_r
 .text.__sread  0x00086fe8       0x24 c:/program files (x86)/atmel/atmel toolchain/arm gcc/native/4.8.1443/arm-gnu-toolchain/bin/../lib/gcc/arm-none-eabi/4.8.4/../../../../arm-none-eabi/lib/armv7-m\libc.a(lib_a-stdio.o)
                0x00086fe8                __sread
 .text.__swrite
                0x0008700c       0x38 c:/program files (x86)/atmel/atmel toolchain/arm gcc/native/4.8.1443/arm-gnu-toolchain/bin/../lib/gcc/arm-none-eabi/4.8.4/../../../../arm-none-eabi/lib/armv7-m\libc.a(lib_a-stdio.o)
                0x0008700c                __swrite
 .text.__sseek  0x00087044       0x20 c:/program files (x86)/atmel/atmel toolchain/arm gcc/native/4.8.1443/arm-gnu-toolchain/bin/../lib/gcc/arm-none-eabi/4.8.4/../../../../arm-none-eabi/lib/armv7-m\libc.a(lib_a-stdio.o)
                0x00087044                __sseek
 .text.__sclose
                0x00087064        0x8 c:/program files (x86)/atmel/atmel toolchain/arm gcc/native/4.8.1443/arm-gnu-toolchain/bin/../lib/gcc/arm-none-eabi/4.8.4/../../../../arm-none-eabi/lib/armv7-m\libc.a(lib_a-stdio.o)
                0x00087064                __sclose
 .text.__swbuf_r
                0x0008706c       0xa8 c:/program files (x86)/atmel/atmel toolchain/arm gcc/native/4.8.1443/arm-gnu-toolchain/bin/../lib/gcc/arm-none-eabi/4.8.4/../../../../arm-none-eabi/lib/armv7-m\libc.a(lib_a-wbuf.o)
                0x0008706c                __swbuf_r
 .text._wcrtomb_r
                0x00087114       0x50 c:/program files (x86)/atmel/atmel toolchain/arm gcc/native/4.8.1443/arm-gnu-toolchain/bin/../lib/gcc/arm-none-eabi/4.8.4/../../../../arm-none-eabi/lib/armv7-m\libc.a(lib_a-wcrtomb.o)
                0x00087114                _wcrtomb_r
 .text.__ascii_wctomb
                0x00087164       0x1c c:/program files (x86)/atmel/atmel toolchain/arm gcc/native/4.8.1443/arm-gnu-toolchain/bin/../lib/gcc/arm-none-eabi/4.8.4/../../../../arm-none-eabi/lib/armv7-m\libc.a(lib_a-wctomb_r.o)
                0x00087164                __ascii_wctomb
 .text._write_r
                0x00087180       0x28 c:/program files (x86)/atmel/atmel toolchain/arm gcc/native/4.8.1443/arm-gnu-toolchain/bin/../lib/gcc/arm-none-eabi/4.8.4/../../../../arm-none-eabi/lib/armv7-m\libc.a(lib_a-writer.o)
                0x00087180                _write_r
 .text.__register_exitproc
                0x000871a8       0xa8 c:/program files (x86)/atmel/atmel toolchain/arm gcc/native/4.8.1443/arm-gnu-toolchain/bin/../lib/gcc/arm-none-eabi/4.8.4/../../../../arm-none-eabi/lib/armv7-m\libc.a(lib_a-__atexit.o)
                0x000871a8                __register_exitproc
 .text._close_r
                0x00087250       0x24 c:/program files (x86)/atmel/atmel toolchain/arm gcc/native/4.8.1443/arm-gnu-toolchain/bin/../lib/gcc/arm-none-eabi/4.8.4/../../../../arm-none-eabi/lib/armv7-m\libc.a(lib_a-closer.o)
                0x00087250                _close_r
 .text._fclose_r
                0x00087274       0x80 c:/program files (x86)/atmel/atmel toolchain/arm gcc/native/4.8.1443/arm-gnu-toolchain/bin/../lib/gcc/arm-none-eabi/4.8.4/../../../../arm-none-eabi/lib/armv7-m\libc.a(lib_a-fclose.o)
                0x00087274                _fclose_r
 .text.fclose   0x000872f4       0x10 c:/program files (x86)/atmel/atmel toolchain/arm gcc/native/4.8.1443/arm-gnu-toolchain/bin/../lib/gcc/arm-none-eabi/4.8.4/../../../../arm-none-eabi/lib/armv7-m\libc.a(lib_a-fclose.o)
                0x000872f4                fclose
 .text._fstat_r
                0x00087304       0x28 c:/program files (x86)/atmel/atmel toolchain/arm gcc/native/4.8.1443/arm-gnu-toolchain/bin/../lib/gcc/arm-none-eabi/4.8.4/../../../../arm-none-eabi/lib/armv7-m\libc.a(lib_a-fstatr.o)
                0x00087304                _fstat_r
 .text._isatty_r
                0x0008732c       0x24 c:/program files (x86)/atmel/atmel toolchain/arm gcc/native/4.8.1443/arm-gnu-toolchain/bin/../lib/gcc/arm-none-eabi/4.8.4/../../../../arm-none-eabi/lib/armv7-m\libc.a(lib_a-isattyr.o)
                0x0008732c                _isatty_r
 .text._lseek_r
                0x00087350       0x28 c:/program files (x86)/atmel/atmel toolchain/arm gcc/native/4.8.1443/arm-gnu-toolchain/bin/../lib/gcc/arm-none-eabi/4.8.4/../../../../arm-none-eabi/lib/armv7-m\libc.a(lib_a-lseekr.o)
                0x00087350                _lseek_r
 .text._read_r  0x00087378       0x28 c:/program files (x86)/atmel/atmel toolchain/arm gcc/native/4.8.1443/arm-gnu-toolchain/bin/../lib/gcc/arm-none-eabi/4.8.4/../../../../arm-none-eabi/lib/armv7-m\libc.a(lib_a-readr.o)
                0x00087378                _read_r
 .text          0x000873a0       0x2c c:/program files (x86)/atmel/atmel toolchain/arm gcc/native/4.8.1443/arm-gnu-toolchain/bin/../lib/gcc/arm-none-eabi/4.8.4/armv7-m\libgcc.a(_aeabi_uldivmod.o)
                0x000873a0                __aeabi_uldivmod
 .text          0x000873cc       0x60 c:/program files (x86)/atmel/atmel toolchain/arm gcc/native/4.8.1443/arm-gnu-toolchain/bin/../lib/gcc/arm-none-eabi/4.8.4/armv7-m\libgcc.a(bpabi.o)
                0x000873cc                __gnu_ldivmod_helper
                0x000873fc                __gnu_uldivmod_helper
 .text          0x0008742c        0x4 c:/program files (x86)/atmel/atmel toolchain/arm gcc/native/4.8.1443/arm-gnu-toolchain/bin/../lib/gcc/arm-none-eabi/4.8.4/armv7-m\libgcc.a(_dvmd_tls.o)
                0x0008742c                __aeabi_idiv0
                0x0008742c                __aeabi_ldiv0
 .text          0x00087430      0x2a0 c:/program files (x86)/atmel/atmel toolchain/arm gcc/native/4.8.1443/arm-gnu-toolchain/bin/../lib/gcc/arm-none-eabi/4.8.4/armv7-m\libgcc.a(_divdi3.o)
                0x00087430                __divdi3
 .text          0x000876d0      0x290 c:/program files (x86)/atmel/atmel toolchain/arm gcc/native/4.8.1443/arm-gnu-toolchain/bin/../lib/gcc/arm-none-eabi/4.8.4/armv7-m\libgcc.a(_udivdi3.o)
                0x000876d0                __udivdi3
 *(.glue_7t)
 .glue_7t       0x00000000        0x0 linker stubs
 *(.glue_7)
 .glue_7        0x00000000        0x0 linker stubs
 *(.rodata .rodata* .gnu.linkonce.r.*)
 .rodata.str1.4
                0x00087960       0x13 src/arlo/Arlo.o
                                 0x14 (size before relaxing)
 *fill*         0x00087973        0x1 
 .rodata        0x00087974       0x2c src/ASF/sam/drivers/pwm/pwm.o
 .rodata.str1.4
                0x000879a0        0x4 src/ASF/sam/drivers/twi/twi.o
 .rodata.str1.4
                0x000879a4       0x3d src/comm/TWIComm.o
                                 0x40 (size before relaxing)
 *fill*         0x000879e1        0x3 
 .rodata.str1.4
                0x000879e4       0x2b src/Task_Move.o
                                 0x2c (size before relaxing)
 *fill*         0x00087a0f        0x1 
 .rodata.str1.4
                0x00087a10       0x19 src/ASF/thirdparty/freertos/freertos-7.3.0/source/tasks.o
                                 0x20 (size before relaxing)
 *fill*         0x00087a29        0x3 
 .rodata.str1.4
                0x00087a2c        0x8 src/ASF/thirdparty/freertos/freertos-7.3.0/source/timers.o
 .rodata.str1.4
                0x00087a34       0xbe src/main.o
                                 0xc0 (size before relaxing)
 *fill*         0x00087af2        0x6 
 .rodata.atanlo
                0x00087af8       0x20 c:/program files (x86)/atmel/atmel toolchain/arm gcc/native/4.8.1443/arm-gnu-toolchain/bin/../lib/gcc/arm-none-eabi/4.8.4/../../../../arm-none-eabi/lib/armv7-m\libm.a(lib_a-s_atan.o)
 .rodata.atanhi
                0x00087b18       0x20 c:/program files (x86)/atmel/atmel toolchain/arm gcc/native/4.8.1443/arm-gnu-toolchain/bin/../lib/gcc/arm-none-eabi/4.8.4/../../../../arm-none-eabi/lib/armv7-m\libm.a(lib_a-s_atan.o)
 .rodata.str1.4
                0x00087b38        0x5 c:/program files (x86)/atmel/atmel toolchain/arm gcc/native/4.8.1443/arm-gnu-toolchain/bin/../lib/gcc/arm-none-eabi/4.8.4/../../../../arm-none-eabi/lib/armv7-m\libm.a(lib_a-w_sqrt.o)
                                  0x8 (size before relaxing)
 *fill*         0x00087b3d        0x3 
 .rodata.str1.4
                0x00087b40        0x2 c:/program files (x86)/atmel/atmel toolchain/arm gcc/native/4.8.1443/arm-gnu-toolchain/bin/../lib/gcc/arm-none-eabi/4.8.4/../../../../arm-none-eabi/lib/armv7-m\libc.a(lib_a-impure.o)
                                  0x4 (size before relaxing)
 *fill*         0x00087b42        0x2 
 .rodata._global_impure_ptr
                0x00087b44        0x4 c:/program files (x86)/atmel/atmel toolchain/arm gcc/native/4.8.1443/arm-gnu-toolchain/bin/../lib/gcc/arm-none-eabi/4.8.4/../../../../arm-none-eabi/lib/armv7-m\libc.a(lib_a-impure.o)
                0x00087b44                _global_impure_ptr
 .rodata.str1.4
                0x00087b48       0x30 c:/program files (x86)/atmel/atmel toolchain/arm gcc/native/4.8.1443/arm-gnu-toolchain/bin/../lib/gcc/arm-none-eabi/4.8.4/../../../../arm-none-eabi/lib/armv7-m\libc.a(lib_a-vfiprintf.o)
 .rodata.zeroes.6721
                0x00087b78       0x10 c:/program files (x86)/atmel/atmel toolchain/arm gcc/native/4.8.1443/arm-gnu-toolchain/bin/../lib/gcc/arm-none-eabi/4.8.4/../../../../arm-none-eabi/lib/armv7-m\libc.a(lib_a-vfiprintf.o)
 .rodata.blanks.6720
                0x00087b88       0x10 c:/program files (x86)/atmel/atmel toolchain/arm gcc/native/4.8.1443/arm-gnu-toolchain/bin/../lib/gcc/arm-none-eabi/4.8.4/../../../../arm-none-eabi/lib/armv7-m\libc.a(lib_a-vfiprintf.o)
 *(.ARM.extab* .gnu.linkonce.armextab.*)
                0x00087b98                . = ALIGN (0x4)
 *(.init)
 .init          0x00087b98        0x4 c:/program files (x86)/atmel/atmel toolchain/arm gcc/native/4.8.1443/arm-gnu-toolchain/bin/../lib/gcc/arm-none-eabi/4.8.4/armv7-m/crti.o
                0x00087b98                _init
 .init          0x00087b9c        0x8 c:/program files (x86)/atmel/atmel toolchain/arm gcc/native/4.8.1443/arm-gnu-toolchain/bin/../lib/gcc/arm-none-eabi/4.8.4/armv7-m/crtn.o
                0x00087ba4                . = ALIGN (0x4)
                0x00087ba4                __preinit_array_start = .
 *(.preinit_array)
                0x00087ba4                __preinit_array_end = .
                0x00087ba4                . = ALIGN (0x4)
                0x00087ba4                __init_array_start = .
 *(SORT(.init_array.*))
 .init_array.00000
                0x00087ba4        0x4 c:/program files (x86)/atmel/atmel toolchain/arm gcc/native/4.8.1443/arm-gnu-toolchain/bin/../lib/gcc/arm-none-eabi/4.8.4/../../../../arm-none-eabi/lib/armv7-m\libc.a(lib_a-__call_atexit.o)
 *(.init_array)
 .init_array    0x00087ba8        0x4 c:/program files (x86)/atmel/atmel toolchain/arm gcc/native/4.8.1443/arm-gnu-toolchain/bin/../lib/gcc/arm-none-eabi/4.8.4/armv7-m/crtbegin.o
                0x00087bac                __init_array_end = .
                0x00087bac                . = ALIGN (0x4)
 *crtbegin.o(.ctors)
 *(EXCLUDE_FILE(*crtend.o) .ctors)
 *(SORT(.ctors.*))
 *crtend.o(.ctors)
                0x00087bac                . = ALIGN (0x4)
 *(.fini)
 .fini          0x00087bac        0x4 c:/program files (x86)/atmel/atmel toolchain/arm gcc/native/4.8.1443/arm-gnu-toolchain/bin/../lib/gcc/arm-none-eabi/4.8.4/armv7-m/crti.o
                0x00087bac                _fini
 .fini          0x00087bb0        0x8 c:/program files (x86)/atmel/atmel toolchain/arm gcc/native/4.8.1443/arm-gnu-toolchain/bin/../lib/gcc/arm-none-eabi/4.8.4/armv7-m/crtn.o
                0x00087bb8                . = ALIGN (0x4)
                0x00087bb8                __fini_array_start = .
 *(.fini_array)
 .fini_array    0x00087bb8        0x4 c:/program files (x86)/atmel/atmel toolchain/arm gcc/native/4.8.1443/arm-gnu-toolchain/bin/../lib/gcc/arm-none-eabi/4.8.4/armv7-m/crtbegin.o
 *(SORT(.fini_array.*))
                0x00087bbc                __fini_array_end = .
 *crtbegin.o(.dtors)
 *(EXCLUDE_FILE(*crtend.o) .dtors)
 *(SORT(.dtors.*))
 *crtend.o(.dtors)
                0x00087bbc                . = ALIGN (0x4)
                0x00087bbc                _efixed = .
                0x00087bbc                PROVIDE (__exidx_start, .)

.vfp11_veneer   0x00087bbc        0x0
 .vfp11_veneer  0x00000000        0x0 linker stubs

.v4_bx          0x00087bbc        0x0
 .v4_bx         0x00000000        0x0 linker stubs

.iplt           0x00087bbc        0x0
 .iplt          0x00000000        0x0 c:/program files (x86)/atmel/atmel toolchain/arm gcc/native/4.8.1443/arm-gnu-toolchain/bin/../lib/gcc/arm-none-eabi/4.8.4/armv7-m/crtbegin.o

.ARM.exidx      0x00087bbc        0x8
 *(.ARM.exidx* .gnu.linkonce.armexidx.*)
 .ARM.exidx     0x00087bbc        0x8 c:/program files (x86)/atmel/atmel toolchain/arm gcc/native/4.8.1443/arm-gnu-toolchain/bin/../lib/gcc/arm-none-eabi/4.8.4/armv7-m\libgcc.a(_divdi3.o)
 .ARM.exidx     0x00087bc4        0x0 c:/program files (x86)/atmel/atmel toolchain/arm gcc/native/4.8.1443/arm-gnu-toolchain/bin/../lib/gcc/arm-none-eabi/4.8.4/armv7-m\libgcc.a(_udivdi3.o)
                                  0x8 (size before relaxing)
                0x00087bc4                PROVIDE (__exidx_end, .)

.eh_frame       0x00087bc4        0x0
 .eh_frame      0x00087bc4        0x0 c:/program files (x86)/atmel/atmel toolchain/arm gcc/native/4.8.1443/arm-gnu-toolchain/bin/../lib/gcc/arm-none-eabi/4.8.4/armv7-m/crtbegin.o

.rel.dyn        0x00087bc4        0x0
 .rel.iplt      0x00000000        0x0 c:/program files (x86)/atmel/atmel toolchain/arm gcc/native/4.8.1443/arm-gnu-toolchain/bin/../lib/gcc/arm-none-eabi/4.8.4/armv7-m/crtbegin.o

.jcr            0x00087bc4        0x0
 .jcr           0x00087bc4        0x0 c:/program files (x86)/atmel/atmel toolchain/arm gcc/native/4.8.1443/arm-gnu-toolchain/bin/../lib/gcc/arm-none-eabi/4.8.4/armv7-m/crtbegin.o

.igot.plt       0x00087bc4        0x0
 .igot.plt      0x00000000        0x0 c:/program files (x86)/atmel/atmel toolchain/arm gcc/native/4.8.1443/arm-gnu-toolchain/bin/../lib/gcc/arm-none-eabi/4.8.4/armv7-m/crtbegin.o
                0x00087bc4                . = ALIGN (0x4)
                0x00087bc4                _etext = .

.relocate       0x20070000      0x9dc load address 0x00087bc4
                0x20070000                . = ALIGN (0x4)
                0x20070000                _srelocate = .
 *(.ramfunc .ramfunc.*)
 .ramfunc       0x20070000      0x12c src/ASF/sam/utils/cmsis/sam3x/source/templates/system_sam3x.o
                0x20070000                SystemInit
                0x200700a4                system_init_flash
 *(.data .data.*)
 *fill*         0x2007012c        0x4 
 .data.Td       0x20070130        0x8 src/Task_Move.o
                0x20070130                Td
 .data.Ti       0x20070138        0x8 src/Task_Move.o
                0x20070138                Ti
 .data.direction
                0x20070140        0x4 src/Task_Move.o
                0x20070140                direction
 .data.rotationSpeed
                0x20070144        0x4 src/Task_Move.o
                0x20070144                rotationSpeed
 .data.dT       0x20070148        0x8 src/Task_Move.o
                0x20070148                dT
 .data.speed    0x20070150        0x2 src/Task_Move.o
                0x20070150                speed
 .data.i.8832   0x20070152        0x1 src/Task_Move.o
 .data.i.8828   0x20070153        0x1 src/Task_Move.o
 *fill*         0x20070154        0x4 
 .data.K        0x20070158        0x8 src/Task_Move.o
                0x20070158                K
 .data.uxCriticalNesting
                0x20070160        0x4 src/ASF/thirdparty/freertos/freertos-7.3.0/source/portable/gcc/sam/port.o
 .data.xFreeBytesRemaining
                0x20070164        0x4 src/ASF/thirdparty/freertos/freertos-7.3.0/source/portable/memmang/heap_4.o
 .data.xNextTaskUnblockTime
                0x20070168        0x2 src/ASF/thirdparty/freertos/freertos-7.3.0/source/tasks.o
 *fill*         0x2007016a        0x2 
 .data.SystemCoreClock
                0x2007016c        0x4 src/ASF/sam/utils/cmsis/sam3x/source/templates/system_sam3x.o
                0x2007016c                SystemCoreClock
 .data.__fdlib_version
                0x20070170        0x1 c:/program files (x86)/atmel/atmel toolchain/arm gcc/native/4.8.1443/arm-gnu-toolchain/bin/../lib/gcc/arm-none-eabi/4.8.4/../../../../arm-none-eabi/lib/armv7-m\libm.a(lib_a-s_lib_ver.o)
                0x20070170                __fdlib_version
 *fill*         0x20070171        0x7 
 .data.impure_data
                0x20070178      0x428 c:/program files (x86)/atmel/atmel toolchain/arm gcc/native/4.8.1443/arm-gnu-toolchain/bin/../lib/gcc/arm-none-eabi/4.8.4/../../../../arm-none-eabi/lib/armv7-m\libc.a(lib_a-impure.o)
 .data._impure_ptr
                0x200705a0        0x4 c:/program files (x86)/atmel/atmel toolchain/arm gcc/native/4.8.1443/arm-gnu-toolchain/bin/../lib/gcc/arm-none-eabi/4.8.4/../../../../arm-none-eabi/lib/armv7-m\libc.a(lib_a-impure.o)
                0x200705a0                _impure_ptr
 .data.lc_ctype_charset
                0x200705a4       0x20 c:/program files (x86)/atmel/atmel toolchain/arm gcc/native/4.8.1443/arm-gnu-toolchain/bin/../lib/gcc/arm-none-eabi/4.8.4/../../../../arm-none-eabi/lib/armv7-m\libc.a(lib_a-locale.o)
 .data.__mb_cur_max
                0x200705c4        0x4 c:/program files (x86)/atmel/atmel toolchain/arm gcc/native/4.8.1443/arm-gnu-toolchain/bin/../lib/gcc/arm-none-eabi/4.8.4/../../../../arm-none-eabi/lib/armv7-m\libc.a(lib_a-locale.o)
                0x200705c4                __mb_cur_max
 .data.__malloc_av_
                0x200705c8      0x408 c:/program files (x86)/atmel/atmel toolchain/arm gcc/native/4.8.1443/arm-gnu-toolchain/bin/../lib/gcc/arm-none-eabi/4.8.4/../../../../arm-none-eabi/lib/armv7-m\libc.a(lib_a-mallocr.o)
                0x200705c8                __malloc_av_
 .data.__malloc_trim_threshold
                0x200709d0        0x4 c:/program files (x86)/atmel/atmel toolchain/arm gcc/native/4.8.1443/arm-gnu-toolchain/bin/../lib/gcc/arm-none-eabi/4.8.4/../../../../arm-none-eabi/lib/armv7-m\libc.a(lib_a-mallocr.o)
                0x200709d0                __malloc_trim_threshold
 .data.__malloc_sbrk_base
                0x200709d4        0x4 c:/program files (x86)/atmel/atmel toolchain/arm gcc/native/4.8.1443/arm-gnu-toolchain/bin/../lib/gcc/arm-none-eabi/4.8.4/../../../../arm-none-eabi/lib/armv7-m\libc.a(lib_a-mallocr.o)
                0x200709d4                __malloc_sbrk_base
 .data.__wctomb
                0x200709d8        0x4 c:/program files (x86)/atmel/atmel toolchain/arm gcc/native/4.8.1443/arm-gnu-toolchain/bin/../lib/gcc/arm-none-eabi/4.8.4/../../../../arm-none-eabi/lib/armv7-m\libc.a(lib_a-wctomb_r.o)
                0x200709d8                __wctomb
                0x200709dc                . = ALIGN (0x4)
                0x200709dc                _erelocate = .

.bss            0x200709e0     0x8404 load address 0x000885a8
                0x200709e0                . = ALIGN (0x4)
                0x200709e0                _sbss = .
                0x200709e0                _szero = .
 *(.bss .bss.*)
 .bss           0x200709e0       0x1c c:/program files (x86)/atmel/atmel toolchain/arm gcc/native/4.8.1443/arm-gnu-toolchain/bin/../lib/gcc/arm-none-eabi/4.8.4/armv7-m/crtbegin.o
 .bss.rx_arm_buffer
                0x200709fc        0x4 src/arlo/Arlo.o
                0x200709fc                rx_arm_buffer
 .bss.tx_nav_buffer
                0x20070a00        0x4 src/arlo/Arlo.o
                0x20070a00                tx_nav_buffer
 .bss.rx_nav_buffer
                0x20070a04        0x8 src/arlo/Arlo.o
                0x20070a04                rx_nav_buffer
 .bss.tx_arm_buffer
                0x20070a0c        0x4 src/arlo/Arlo.o
                0x20070a0c                tx_arm_buffer
 .bss.controlValue
                0x20070a10        0x8 src/Task_Move.o
                0x20070a10                controlValue
 .bss.currentState
                0x20070a18        0x1 src/Task_Move.o
                0x20070a18                currentState
 *fill*         0x20070a19        0x7 
 .bss.measurementValue
                0x20070a20        0x8 src/Task_Move.o
                0x20070a20                measurementValue
 .bss.liftStart
                0x20070a28        0x1 src/Task_Move.o
                0x20070a28                liftStart
 *fill*         0x20070a29        0x3 
 .bss.angle     0x20070a2c        0x4 src/Task_Move.o
                0x20070a2c                angle
 .bss.derivate  0x20070a30        0x8 src/Task_Move.o
                0x20070a30                derivate
 .bss.proportionalError
                0x20070a38        0x8 src/Task_Move.o
                0x20070a38                proportionalError
 .bss.prevD     0x20070a40        0x8 src/Task_Move.o
                0x20070a40                prevD
 .bss.totMovement
                0x20070a48        0x8 src/Task_Move.o
                0x20070a48                totMovement
 .bss.distance  0x20070a50        0x4 src/Task_Move.o
                0x20070a50                distance
 *fill*         0x20070a54        0x4 
 .bss.referenceValue
                0x20070a58        0x8 src/Task_Move.o
                0x20070a58                referenceValue
 .bss.sum       0x20070a60        0x4 src/Task_Move.o
                0x20070a60                sum
 *fill*         0x20070a64        0x4 
 .bss.integral  0x20070a68        0x8 src/Task_Move.o
                0x20070a68                integral
 .bss.newData   0x20070a70        0x1 src/Task_Move.o
                0x20070a70                newData
 .bss.liftProcessFinished
                0x20070a71        0x1 src/Task_Move.o
                0x20070a71                liftProcessFinished
 *fill*         0x20070a72        0x6 
 .bss.xHeap     0x20070a78     0x8000 src/ASF/thirdparty/freertos/freertos-7.3.0/source/portable/memmang/heap_4.o
 .bss.pxEnd     0x20078a78        0x4 src/ASF/thirdparty/freertos/freertos-7.3.0/source/portable/memmang/heap_4.o
 .bss.xStart    0x20078a7c        0x8 src/ASF/thirdparty/freertos/freertos-7.3.0/source/portable/memmang/heap_4.o
 .bss.uxMissedTicks
                0x20078a84        0x4 src/ASF/thirdparty/freertos/freertos-7.3.0/source/tasks.o
 .bss.xSuspendedTaskList
                0x20078a88       0x14 src/ASF/thirdparty/freertos/freertos-7.3.0/source/tasks.o
 .bss.pxDelayedTaskList
                0x20078a9c        0x4 src/ASF/thirdparty/freertos/freertos-7.3.0/source/tasks.o
 .bss.xSchedulerRunning
                0x20078aa0        0x4 src/ASF/thirdparty/freertos/freertos-7.3.0/source/tasks.o
 .bss.uxTasksDeleted
                0x20078aa4        0x4 src/ASF/thirdparty/freertos/freertos-7.3.0/source/tasks.o
 .bss.xTasksWaitingTermination
                0x20078aa8       0x14 src/ASF/thirdparty/freertos/freertos-7.3.0/source/tasks.o
 .bss.xDelayedTaskList2
                0x20078abc       0x14 src/ASF/thirdparty/freertos/freertos-7.3.0/source/tasks.o
 .bss.uxTopReadyPriority
                0x20078ad0        0x4 src/ASF/thirdparty/freertos/freertos-7.3.0/source/tasks.o
 .bss.pxReadyTasksLists
                0x20078ad4       0xc8 src/ASF/thirdparty/freertos/freertos-7.3.0/source/tasks.o
 .bss.uxSchedulerSuspended
                0x20078b9c        0x4 src/ASF/thirdparty/freertos/freertos-7.3.0/source/tasks.o
 .bss.pxCurrentTCB
                0x20078ba0        0x4 src/ASF/thirdparty/freertos/freertos-7.3.0/source/tasks.o
                0x20078ba0                pxCurrentTCB
 .bss.xPendingReadyList
                0x20078ba4       0x14 src/ASF/thirdparty/freertos/freertos-7.3.0/source/tasks.o
 .bss.xNumOfOverflows
                0x20078bb8        0x4 src/ASF/thirdparty/freertos/freertos-7.3.0/source/tasks.o
 .bss.xTickCount
                0x20078bbc        0x2 src/ASF/thirdparty/freertos/freertos-7.3.0/source/tasks.o
 *fill*         0x20078bbe        0x2 
 .bss.pxOverflowDelayedTaskList
                0x20078bc0        0x4 src/ASF/thirdparty/freertos/freertos-7.3.0/source/tasks.o
 .bss.uxTaskNumber
                0x20078bc4        0x4 src/ASF/thirdparty/freertos/freertos-7.3.0/source/tasks.o
 .bss.xDelayedTaskList1
                0x20078bc8       0x14 src/ASF/thirdparty/freertos/freertos-7.3.0/source/tasks.o
 .bss.xMissedYield
                0x20078bdc        0x4 src/ASF/thirdparty/freertos/freertos-7.3.0/source/tasks.o
 .bss.uxCurrentNumberOfTasks
                0x20078be0        0x4 src/ASF/thirdparty/freertos/freertos-7.3.0/source/tasks.o
 .bss.uxTopUsedPriority
                0x20078be4        0x4 src/ASF/thirdparty/freertos/freertos-7.3.0/source/tasks.o
 .bss.pxCurrentTimerList
                0x20078be8        0x4 src/ASF/thirdparty/freertos/freertos-7.3.0/source/timers.o
 .bss.xActiveTimerList1
                0x20078bec       0x14 src/ASF/thirdparty/freertos/freertos-7.3.0/source/timers.o
 .bss.xActiveTimerList2
                0x20078c00       0x14 src/ASF/thirdparty/freertos/freertos-7.3.0/source/timers.o
 .bss.xLastTime.4484
                0x20078c14        0x2 src/ASF/thirdparty/freertos/freertos-7.3.0/source/timers.o
 *fill*         0x20078c16        0x2 
 .bss.xTimerQueue
                0x20078c18        0x4 src/ASF/thirdparty/freertos/freertos-7.3.0/source/timers.o
 .bss.pxOverflowTimerList
                0x20078c1c        0x4 src/ASF/thirdparty/freertos/freertos-7.3.0/source/timers.o
 .bss.gs_ul_nb_sources
                0x20078c20        0x4 src/ASF/sam/drivers/pio/pio_handler.o
 .bss.gs_interrupt_sources
                0x20078c24       0x70 src/ASF/sam/drivers/pio/pio_handler.o
 .bss.heap.5098
                0x20078c94        0x4 src/ASF/sam/utils/syscalls/gcc/syscalls.o
 .bss.xTaskCoordinate
                0x20078c98        0x4 src/main.o
                0x20078c98                xTaskCoordinate
 .bss.xTaskCom  0x20078c9c        0x4 src/main.o
                0x20078c9c                xTaskCom
 .bss.xTaskMove
                0x20078ca0        0x4 src/main.o
                0x20078ca0                xTaskMove
 .bss.__malloc_max_total_mem
                0x20078ca4        0x4 c:/program files (x86)/atmel/atmel toolchain/arm gcc/native/4.8.1443/arm-gnu-toolchain/bin/../lib/gcc/arm-none-eabi/4.8.4/../../../../arm-none-eabi/lib/armv7-m\libc.a(lib_a-mallocr.o)
                0x20078ca4                __malloc_max_total_mem
 .bss.__malloc_max_sbrked_mem
                0x20078ca8        0x4 c:/program files (x86)/atmel/atmel toolchain/arm gcc/native/4.8.1443/arm-gnu-toolchain/bin/../lib/gcc/arm-none-eabi/4.8.4/../../../../arm-none-eabi/lib/armv7-m\libc.a(lib_a-mallocr.o)
                0x20078ca8                __malloc_max_sbrked_mem
 .bss.__malloc_top_pad
                0x20078cac        0x4 c:/program files (x86)/atmel/atmel toolchain/arm gcc/native/4.8.1443/arm-gnu-toolchain/bin/../lib/gcc/arm-none-eabi/4.8.4/../../../../arm-none-eabi/lib/armv7-m\libc.a(lib_a-mallocr.o)
                0x20078cac                __malloc_top_pad
 .bss.__malloc_current_mallinfo
                0x20078cb0       0x28 c:/program files (x86)/atmel/atmel toolchain/arm gcc/native/4.8.1443/arm-gnu-toolchain/bin/../lib/gcc/arm-none-eabi/4.8.4/../../../../arm-none-eabi/lib/armv7-m\libc.a(lib_a-mallocr.o)
                0x20078cb0                __malloc_current_mallinfo
 *(COMMON)
 COMMON         0x20078cd8        0x4 src/ASF/common/utils/stdio/read.o
                0x20078cd8                ptr_get
 COMMON         0x20078cdc       0x28 src/comm/TWIComm.o
                0x20078cdc                tx_packet
                0x20078cf0                rx_packet
 COMMON         0x20078d04       0x50 src/PwmFunctions.o
                0x20078d04                PWM_pin_22
                0x20078d2c                PWM_pin_21
 COMMON         0x20078d54        0x4 src/StepCounter_ISR.o
                0x20078d54                counter_2
                0x20078d56                counter_1
 COMMON         0x20078d58        0x8 src/ASF/common/utils/stdio/write.o
                0x20078d58                ptr_put
                0x20078d5c                stdio_base
 COMMON         0x20078d60       0x80 src/Task_Move.o
                0x20078d60                coord
                0x20078dd0                totalPulses
                0x20078dd8                nextState
                0x20078ddc                course
 COMMON         0x20078de0        0x4 c:/program files (x86)/atmel/atmel toolchain/arm gcc/native/4.8.1443/arm-gnu-toolchain/bin/../lib/gcc/arm-none-eabi/4.8.4/../../../../arm-none-eabi/lib/armv7-m\libc.a(lib_a-reent.o)
                0x20078de0                errno
                0x20078de4                . = ALIGN (0x4)
                0x20078de4                _ebss = .
                0x20078de4                _ezero = .

.stack          0x20078de4     0x2004 load address 0x000909ac
                0x20078de8                . = ALIGN (0x8)
 *fill*         0x20078de4        0x4 
                0x20078de8                _sstack = .
                0x2007ade8                . = (. + __stack_size__)
 *fill*         0x20078de8     0x2000 
                0x2007ade8                . = ALIGN (0x8)
                0x2007ade8                _estack = .
                0x2007ade8                . = ALIGN (0x4)
                0x2007ade8                _end = .
OUTPUT(TestSchema1.elf elf32-littlearm)

.ARM.attributes
                0x00000000       0x29
 .ARM.attributes
                0x00000000       0x1d c:/program files (x86)/atmel/atmel toolchain/arm gcc/native/4.8.1443/arm-gnu-toolchain/bin/../lib/gcc/arm-none-eabi/4.8.4/armv7-m/crti.o
 .ARM.attributes
                0x0000001d       0x2d c:/program files (x86)/atmel/atmel toolchain/arm gcc/native/4.8.1443/arm-gnu-toolchain/bin/../lib/gcc/arm-none-eabi/4.8.4/armv7-m/crtbegin.o
 .ARM.attributes
                0x0000004a       0x33 src/arlo/Arlo.o
 .ARM.attributes
                0x0000007d       0x33 src/ASF/common/utils/stdio/read.o
 .ARM.attributes
                0x000000b0       0x33 src/ASF/sam/drivers/pwm/pwm.o
 .ARM.attributes
                0x000000e3       0x33 src/ASF/sam/drivers/twi/twi.o
 .ARM.attributes
                0x00000116       0x33 src/comm/TWIComm.o
 .ARM.attributes
                0x00000149       0x33 src/ConsoleFunctions.o
 .ARM.attributes
                0x0000017c       0x33 src/MathFunctions.o
 .ARM.attributes
                0x000001af       0x33 src/PwmFunctions.o
 .ARM.attributes
                0x000001e2       0x33 src/StepCounter_ISR.o
 .ARM.attributes
                0x00000215       0x33 src/Task_UnoComm.o
 .ARM.attributes
                0x00000248       0x33 src/ASF/sam/drivers/usart/usart.o
 .ARM.attributes
                0x0000027b       0x33 src/ASF/common/utils/stdio/write.o
 .ARM.attributes
                0x000002ae       0x33 src/ASF/sam/drivers/uart/uart.o
 .ARM.attributes
                0x000002e1       0x33 src/Task_GetCordinates.o
 .ARM.attributes
                0x00000314       0x33 src/Task_Move.o
 .ARM.attributes
                0x00000347       0x33 src/ASF/thirdparty/freertos/freertos-7.3.0/source/list.o
 .ARM.attributes
                0x0000037a       0x33 src/ASF/thirdparty/freertos/freertos-7.3.0/source/portable/gcc/sam/port.o
 .ARM.attributes
                0x000003ad       0x33 src/ASF/thirdparty/freertos/freertos-7.3.0/source/portable/memmang/heap_4.o
 .ARM.attributes
                0x000003e0       0x33 src/ASF/thirdparty/freertos/freertos-7.3.0/source/queue.o
 .ARM.attributes
                0x00000413       0x33 src/ASF/thirdparty/freertos/freertos-7.3.0/source/tasks.o
 .ARM.attributes
                0x00000446       0x33 src/ASF/thirdparty/freertos/freertos-7.3.0/source/timers.o
 .ARM.attributes
                0x00000479       0x33 src/ASF/common/services/clock/sam3x/sysclk.o
 .ARM.attributes
                0x000004ac       0x33 src/ASF/sam/boards/arduino_due_x/init.o
 .ARM.attributes
                0x000004df       0x33 src/ASF/sam/drivers/pio/pio.o
 .ARM.attributes
                0x00000512       0x33 src/ASF/sam/drivers/pio/pio_handler.o
 .ARM.attributes
                0x00000545       0x33 src/ASF/sam/drivers/pmc/pmc.o
 .ARM.attributes
                0x00000578       0x33 src/ASF/sam/utils/cmsis/sam3x/source/templates/exceptions.o
 .ARM.attributes
                0x000005ab       0x33 src/ASF/sam/utils/cmsis/sam3x/source/templates/gcc/startup_sam3x.o
 .ARM.attributes
                0x000005de       0x33 src/ASF/sam/utils/cmsis/sam3x/source/templates/system_sam3x.o
 .ARM.attributes
                0x00000611       0x33 src/ASF/sam/utils/syscalls/gcc/syscalls.o
 .ARM.attributes
                0x00000644       0x33 src/main.o
 .ARM.attributes
                0x00000677       0x2d c:/program files (x86)/atmel/atmel toolchain/arm gcc/native/4.8.1443/arm-gnu-toolchain/bin/../lib/gcc/arm-none-eabi/4.8.4/../../../../arm-none-eabi/lib/armv7-m\libm.a(lib_a-s_atan.o)
 .ARM.attributes
                0x000006a4       0x2d c:/program files (x86)/atmel/atmel toolchain/arm gcc/native/4.8.1443/arm-gnu-toolchain/bin/../lib/gcc/arm-none-eabi/4.8.4/../../../../arm-none-eabi/lib/armv7-m\libm.a(lib_a-s_fabs.o)
 .ARM.attributes
                0x000006d1       0x2d c:/program files (x86)/atmel/atmel toolchain/arm gcc/native/4.8.1443/arm-gnu-toolchain/bin/../lib/gcc/arm-none-eabi/4.8.4/../../../../arm-none-eabi/lib/armv7-m\libm.a(lib_a-w_sqrt.o)
 .ARM.attributes
                0x000006fe       0x2d c:/program files (x86)/atmel/atmel toolchain/arm gcc/native/4.8.1443/arm-gnu-toolchain/bin/../lib/gcc/arm-none-eabi/4.8.4/../../../../arm-none-eabi/lib/armv7-m\libm.a(lib_a-e_sqrt.o)
 .ARM.attributes
                0x0000072b       0x2d c:/program files (x86)/atmel/atmel toolchain/arm gcc/native/4.8.1443/arm-gnu-toolchain/bin/../lib/gcc/arm-none-eabi/4.8.4/../../../../arm-none-eabi/lib/armv7-m\libm.a(lib_a-s_fpclassify.o)
 .ARM.attributes
                0x00000758       0x2d c:/program files (x86)/atmel/atmel toolchain/arm gcc/native/4.8.1443/arm-gnu-toolchain/bin/../lib/gcc/arm-none-eabi/4.8.4/../../../../arm-none-eabi/lib/armv7-m\libm.a(lib_a-s_lib_ver.o)
 .ARM.attributes
                0x00000785       0x2d c:/program files (x86)/atmel/atmel toolchain/arm gcc/native/4.8.1443/arm-gnu-toolchain/bin/../lib/gcc/arm-none-eabi/4.8.4/../../../../arm-none-eabi/lib/armv7-m\libm.a(lib_a-s_matherr.o)
 .ARM.attributes
                0x000007b2       0x1d c:/program files (x86)/atmel/atmel toolchain/arm gcc/native/4.8.1443/arm-gnu-toolchain/bin/../lib/gcc/arm-none-eabi/4.8.4/armv7-m\libgcc.a(_arm_addsubdf3.o)
 .ARM.attributes
                0x000007cf       0x1d c:/program files (x86)/atmel/atmel toolchain/arm gcc/native/4.8.1443/arm-gnu-toolchain/bin/../lib/gcc/arm-none-eabi/4.8.4/armv7-m\libgcc.a(_arm_muldivdf3.o)
 .ARM.attributes
                0x000007ec       0x1d c:/program files (x86)/atmel/atmel toolchain/arm gcc/native/4.8.1443/arm-gnu-toolchain/bin/../lib/gcc/arm-none-eabi/4.8.4/armv7-m\libgcc.a(_arm_cmpdf2.o)
 .ARM.attributes
                0x00000809       0x1d c:/program files (x86)/atmel/atmel toolchain/arm gcc/native/4.8.1443/arm-gnu-toolchain/bin/../lib/gcc/arm-none-eabi/4.8.4/armv7-m\libgcc.a(_arm_fixdfsi.o)
 .ARM.attributes
                0x00000826       0x1d c:/program files (x86)/atmel/atmel toolchain/arm gcc/native/4.8.1443/arm-gnu-toolchain/bin/../lib/gcc/arm-none-eabi/4.8.4/armv7-m\libgcc.a(_arm_fixunsdfsi.o)
 .ARM.attributes
                0x00000843       0x2d c:/program files (x86)/atmel/atmel toolchain/arm gcc/native/4.8.1443/arm-gnu-toolchain/bin/../lib/gcc/arm-none-eabi/4.8.4/../../../../arm-none-eabi/lib/armv7-m\libc.a(lib_a-errno.o)
 .ARM.attributes
                0x00000870       0x2d c:/program files (x86)/atmel/atmel toolchain/arm gcc/native/4.8.1443/arm-gnu-toolchain/bin/../lib/gcc/arm-none-eabi/4.8.4/../../../../arm-none-eabi/lib/armv7-m\libc.a(lib_a-impure.o)
 .ARM.attributes
                0x0000089d       0x2d c:/program files (x86)/atmel/atmel toolchain/arm gcc/native/4.8.1443/arm-gnu-toolchain/bin/../lib/gcc/arm-none-eabi/4.8.4/../../../../arm-none-eabi/lib/armv7-m\libc.a(lib_a-init.o)
 .ARM.attributes
                0x000008ca       0x2d c:/program files (x86)/atmel/atmel toolchain/arm gcc/native/4.8.1443/arm-gnu-toolchain/bin/../lib/gcc/arm-none-eabi/4.8.4/../../../../arm-none-eabi/lib/armv7-m\libc.a(lib_a-iprintf.o)
 .ARM.attributes
                0x000008f7       0x1b c:/program files (x86)/atmel/atmel toolchain/arm gcc/native/4.8.1443/arm-gnu-toolchain/bin/../lib/gcc/arm-none-eabi/4.8.4/../../../../arm-none-eabi/lib/armv7-m\libc.a(lib_a-memcpy.o)
 .ARM.attributes
                0x00000912       0x2d c:/program files (x86)/atmel/atmel toolchain/arm gcc/native/4.8.1443/arm-gnu-toolchain/bin/../lib/gcc/arm-none-eabi/4.8.4/../../../../arm-none-eabi/lib/armv7-m\libc.a(lib_a-memset.o)
 .ARM.attributes
                0x0000093f       0x2d c:/program files (x86)/atmel/atmel toolchain/arm gcc/native/4.8.1443/arm-gnu-toolchain/bin/../lib/gcc/arm-none-eabi/4.8.4/../../../../arm-none-eabi/lib/armv7-m\libc.a(lib_a-setbuf.o)
 .ARM.attributes
                0x0000096c       0x2d c:/program files (x86)/atmel/atmel toolchain/arm gcc/native/4.8.1443/arm-gnu-toolchain/bin/../lib/gcc/arm-none-eabi/4.8.4/../../../../arm-none-eabi/lib/armv7-m\libc.a(lib_a-setvbuf.o)
 .ARM.attributes
                0x00000999       0x2d c:/program files (x86)/atmel/atmel toolchain/arm gcc/native/4.8.1443/arm-gnu-toolchain/bin/../lib/gcc/arm-none-eabi/4.8.4/../../../../arm-none-eabi/lib/armv7-m\libc.a(lib_a-strlen.o)
 .ARM.attributes
                0x000009c6       0x2d c:/program files (x86)/atmel/atmel toolchain/arm gcc/native/4.8.1443/arm-gnu-toolchain/bin/../lib/gcc/arm-none-eabi/4.8.4/../../../../arm-none-eabi/lib/armv7-m\libc.a(lib_a-strncpy.o)
 .ARM.attributes
                0x000009f3       0x2d c:/program files (x86)/atmel/atmel toolchain/arm gcc/native/4.8.1443/arm-gnu-toolchain/bin/../lib/gcc/arm-none-eabi/4.8.4/../../../../arm-none-eabi/lib/armv7-m\libc.a(lib_a-vfiprintf.o)
 .ARM.attributes
                0x00000a20       0x2d c:/program files (x86)/atmel/atmel toolchain/arm gcc/native/4.8.1443/arm-gnu-toolchain/bin/../lib/gcc/arm-none-eabi/4.8.4/../../../../arm-none-eabi/lib/armv7-m\libc.a(lib_a-wsetup.o)
 .ARM.attributes
                0x00000a4d       0x2d c:/program files (x86)/atmel/atmel toolchain/arm gcc/native/4.8.1443/arm-gnu-toolchain/bin/../lib/gcc/arm-none-eabi/4.8.4/../../../../arm-none-eabi/lib/armv7-m\libc.a(lib_a-__call_atexit.o)
 .ARM.attributes
                0x00000a7a       0x2d c:/program files (x86)/atmel/atmel toolchain/arm gcc/native/4.8.1443/arm-gnu-toolchain/bin/../lib/gcc/arm-none-eabi/4.8.4/../../../../arm-none-eabi/lib/armv7-m\libc.a(lib_a-atexit.o)
 .ARM.attributes
                0x00000aa7       0x2d c:/program files (x86)/atmel/atmel toolchain/arm gcc/native/4.8.1443/arm-gnu-toolchain/bin/../lib/gcc/arm-none-eabi/4.8.4/../../../../arm-none-eabi/lib/armv7-m\libc.a(lib_a-fflush.o)
 .ARM.attributes
                0x00000ad4       0x2d c:/program files (x86)/atmel/atmel toolchain/arm gcc/native/4.8.1443/arm-gnu-toolchain/bin/../lib/gcc/arm-none-eabi/4.8.4/../../../../arm-none-eabi/lib/armv7-m\libc.a(lib_a-findfp.o)
 .ARM.attributes
                0x00000b01       0x2d c:/program files (x86)/atmel/atmel toolchain/arm gcc/native/4.8.1443/arm-gnu-toolchain/bin/../lib/gcc/arm-none-eabi/4.8.4/../../../../arm-none-eabi/lib/armv7-m\libc.a(lib_a-fini.o)
 .ARM.attributes
                0x00000b2e       0x2d c:/program files (x86)/atmel/atmel toolchain/arm gcc/native/4.8.1443/arm-gnu-toolchain/bin/../lib/gcc/arm-none-eabi/4.8.4/../../../../arm-none-eabi/lib/armv7-m\libc.a(lib_a-fputwc.o)
 .ARM.attributes
                0x00000b5b       0x2d c:/program files (x86)/atmel/atmel toolchain/arm gcc/native/4.8.1443/arm-gnu-toolchain/bin/../lib/gcc/arm-none-eabi/4.8.4/../../../../arm-none-eabi/lib/armv7-m\libc.a(lib_a-freer.o)
 .ARM.attributes
                0x00000b88       0x2d c:/program files (x86)/atmel/atmel toolchain/arm gcc/native/4.8.1443/arm-gnu-toolchain/bin/../lib/gcc/arm-none-eabi/4.8.4/../../../../arm-none-eabi/lib/armv7-m\libc.a(lib_a-fvwrite.o)
 .ARM.attributes
                0x00000bb5       0x2d c:/program files (x86)/atmel/atmel toolchain/arm gcc/native/4.8.1443/arm-gnu-toolchain/bin/../lib/gcc/arm-none-eabi/4.8.4/../../../../arm-none-eabi/lib/armv7-m\libc.a(lib_a-fwalk.o)
 .ARM.attributes
                0x00000be2       0x2d c:/program files (x86)/atmel/atmel toolchain/arm gcc/native/4.8.1443/arm-gnu-toolchain/bin/../lib/gcc/arm-none-eabi/4.8.4/../../../../arm-none-eabi/lib/armv7-m\libc.a(lib_a-locale.o)
 .ARM.attributes
                0x00000c0f       0x2d c:/program files (x86)/atmel/atmel toolchain/arm gcc/native/4.8.1443/arm-gnu-toolchain/bin/../lib/gcc/arm-none-eabi/4.8.4/../../../../arm-none-eabi/lib/armv7-m\libc.a(lib_a-makebuf.o)
 .ARM.attributes
                0x00000c3c       0x2d c:/program files (x86)/atmel/atmel toolchain/arm gcc/native/4.8.1443/arm-gnu-toolchain/bin/../lib/gcc/arm-none-eabi/4.8.4/../../../../arm-none-eabi/lib/armv7-m\libc.a(lib_a-malloc.o)
 .ARM.attributes
                0x00000c69       0x2d c:/program files (x86)/atmel/atmel toolchain/arm gcc/native/4.8.1443/arm-gnu-toolchain/bin/../lib/gcc/arm-none-eabi/4.8.4/../../../../arm-none-eabi/lib/armv7-m\libc.a(lib_a-mallocr.o)
 .ARM.attributes
                0x00000c96       0x2d c:/program files (x86)/atmel/atmel toolchain/arm gcc/native/4.8.1443/arm-gnu-toolchain/bin/../lib/gcc/arm-none-eabi/4.8.4/../../../../arm-none-eabi/lib/armv7-m\libc.a(lib_a-memchr-stub.o)
 .ARM.attributes
                0x00000cc3       0x2d c:/program files (x86)/atmel/atmel toolchain/arm gcc/native/4.8.1443/arm-gnu-toolchain/bin/../lib/gcc/arm-none-eabi/4.8.4/../../../../arm-none-eabi/lib/armv7-m\libc.a(lib_a-memmove.o)
 .ARM.attributes
                0x00000cf0       0x2d c:/program files (x86)/atmel/atmel toolchain/arm gcc/native/4.8.1443/arm-gnu-toolchain/bin/../lib/gcc/arm-none-eabi/4.8.4/../../../../arm-none-eabi/lib/armv7-m\libc.a(lib_a-mlock.o)
 .ARM.attributes
                0x00000d1d       0x2d c:/program files (x86)/atmel/atmel toolchain/arm gcc/native/4.8.1443/arm-gnu-toolchain/bin/../lib/gcc/arm-none-eabi/4.8.4/../../../../arm-none-eabi/lib/armv7-m\libc.a(lib_a-reallocr.o)
 .ARM.attributes
                0x00000d4a       0x2d c:/program files (x86)/atmel/atmel toolchain/arm gcc/native/4.8.1443/arm-gnu-toolchain/bin/../lib/gcc/arm-none-eabi/4.8.4/../../../../arm-none-eabi/lib/armv7-m\libc.a(lib_a-sbrkr.o)
 .ARM.attributes
                0x00000d77       0x2d c:/program files (x86)/atmel/atmel toolchain/arm gcc/native/4.8.1443/arm-gnu-toolchain/bin/../lib/gcc/arm-none-eabi/4.8.4/../../../../arm-none-eabi/lib/armv7-m\libc.a(lib_a-stdio.o)
 .ARM.attributes
                0x00000da4       0x2d c:/program files (x86)/atmel/atmel toolchain/arm gcc/native/4.8.1443/arm-gnu-toolchain/bin/../lib/gcc/arm-none-eabi/4.8.4/../../../../arm-none-eabi/lib/armv7-m\libc.a(lib_a-wbuf.o)
 .ARM.attributes
                0x00000dd1       0x2d c:/program files (x86)/atmel/atmel toolchain/arm gcc/native/4.8.1443/arm-gnu-toolchain/bin/../lib/gcc/arm-none-eabi/4.8.4/../../../../arm-none-eabi/lib/armv7-m\libc.a(lib_a-wcrtomb.o)
 .ARM.attributes
                0x00000dfe       0x2d c:/program files (x86)/atmel/atmel toolchain/arm gcc/native/4.8.1443/arm-gnu-toolchain/bin/../lib/gcc/arm-none-eabi/4.8.4/../../../../arm-none-eabi/lib/armv7-m\libc.a(lib_a-wctomb_r.o)
 .ARM.attributes
                0x00000e2b       0x2d c:/program files (x86)/atmel/atmel toolchain/arm gcc/native/4.8.1443/arm-gnu-toolchain/bin/../lib/gcc/arm-none-eabi/4.8.4/../../../../arm-none-eabi/lib/armv7-m\libc.a(lib_a-writer.o)
 .ARM.attributes
                0x00000e58       0x2d c:/program files (x86)/atmel/atmel toolchain/arm gcc/native/4.8.1443/arm-gnu-toolchain/bin/../lib/gcc/arm-none-eabi/4.8.4/../../../../arm-none-eabi/lib/armv7-m\libc.a(lib_a-__atexit.o)
 .ARM.attributes
                0x00000e85       0x2d c:/program files (x86)/atmel/atmel toolchain/arm gcc/native/4.8.1443/arm-gnu-toolchain/bin/../lib/gcc/arm-none-eabi/4.8.4/../../../../arm-none-eabi/lib/armv7-m\libc.a(lib_a-closer.o)
 .ARM.attributes
                0x00000eb2       0x2d c:/program files (x86)/atmel/atmel toolchain/arm gcc/native/4.8.1443/arm-gnu-toolchain/bin/../lib/gcc/arm-none-eabi/4.8.4/../../../../arm-none-eabi/lib/armv7-m\libc.a(lib_a-fclose.o)
 .ARM.attributes
                0x00000edf       0x2d c:/program files (x86)/atmel/atmel toolchain/arm gcc/native/4.8.1443/arm-gnu-toolchain/bin/../lib/gcc/arm-none-eabi/4.8.4/../../../../arm-none-eabi/lib/armv7-m\libc.a(lib_a-fstatr.o)
 .ARM.attributes
                0x00000f0c       0x2d c:/program files (x86)/atmel/atmel toolchain/arm gcc/native/4.8.1443/arm-gnu-toolchain/bin/../lib/gcc/arm-none-eabi/4.8.4/../../../../arm-none-eabi/lib/armv7-m\libc.a(lib_a-isattyr.o)
 .ARM.attributes
                0x00000f39       0x2d c:/program files (x86)/atmel/atmel toolchain/arm gcc/native/4.8.1443/arm-gnu-toolchain/bin/../lib/gcc/arm-none-eabi/4.8.4/../../../../arm-none-eabi/lib/armv7-m\libc.a(lib_a-lseekr.o)
 .ARM.attributes
                0x00000f66       0x2d c:/program files (x86)/atmel/atmel toolchain/arm gcc/native/4.8.1443/arm-gnu-toolchain/bin/../lib/gcc/arm-none-eabi/4.8.4/../../../../arm-none-eabi/lib/armv7-m\libc.a(lib_a-readr.o)
 .ARM.attributes
                0x00000f93       0x2d c:/program files (x86)/atmel/atmel toolchain/arm gcc/native/4.8.1443/arm-gnu-toolchain/bin/../lib/gcc/arm-none-eabi/4.8.4/../../../../arm-none-eabi/lib/armv7-m\libc.a(lib_a-reent.o)
 .ARM.attributes
                0x00000fc0       0x1d c:/program files (x86)/atmel/atmel toolchain/arm gcc/native/4.8.1443/arm-gnu-toolchain/bin/../lib/gcc/arm-none-eabi/4.8.4/armv7-m\libgcc.a(_aeabi_uldivmod.o)
 .ARM.attributes
                0x00000fdd       0x2d c:/program files (x86)/atmel/atmel toolchain/arm gcc/native/4.8.1443/arm-gnu-toolchain/bin/../lib/gcc/arm-none-eabi/4.8.4/armv7-m\libgcc.a(bpabi.o)
 .ARM.attributes
                0x0000100a       0x1d c:/program files (x86)/atmel/atmel toolchain/arm gcc/native/4.8.1443/arm-gnu-toolchain/bin/../lib/gcc/arm-none-eabi/4.8.4/armv7-m\libgcc.a(_dvmd_tls.o)
 .ARM.attributes
                0x00001027       0x2d c:/program files (x86)/atmel/atmel toolchain/arm gcc/native/4.8.1443/arm-gnu-toolchain/bin/../lib/gcc/arm-none-eabi/4.8.4/armv7-m\libgcc.a(_divdi3.o)
 .ARM.attributes
                0x00001054       0x2d c:/program files (x86)/atmel/atmel toolchain/arm gcc/native/4.8.1443/arm-gnu-toolchain/bin/../lib/gcc/arm-none-eabi/4.8.4/armv7-m\libgcc.a(_udivdi3.o)
 .ARM.attributes
                0x00001081       0x1d c:/program files (x86)/atmel/atmel toolchain/arm gcc/native/4.8.1443/arm-gnu-toolchain/bin/../lib/gcc/arm-none-eabi/4.8.4/armv7-m/crtn.o

.comment        0x00000000       0x5b
 .comment       0x00000000       0x5b src/arlo/Arlo.o
                                 0x5c (size before relaxing)
 .comment       0x00000000       0x5c src/ASF/common/utils/stdio/read.o
 .comment       0x00000000       0x5c src/ASF/sam/drivers/pwm/pwm.o
 .comment       0x00000000       0x5c src/ASF/sam/drivers/twi/twi.o
 .comment       0x00000000       0x5c src/comm/TWIComm.o
 .comment       0x00000000       0x5c src/ConsoleFunctions.o
 .comment       0x00000000       0x5c src/MathFunctions.o
 .comment       0x00000000       0x5c src/PwmFunctions.o
 .comment       0x00000000       0x5c src/StepCounter_ISR.o
 .comment       0x00000000       0x5c src/Task_UnoComm.o
 .comment       0x00000000       0x5c src/ASF/sam/drivers/usart/usart.o
 .comment       0x00000000       0x5c src/ASF/common/utils/stdio/write.o
 .comment       0x00000000       0x5c src/ASF/sam/drivers/uart/uart.o
 .comment       0x00000000       0x5c src/Task_GetCordinates.o
 .comment       0x00000000       0x5c src/Task_Move.o
 .comment       0x00000000       0x5c src/ASF/thirdparty/freertos/freertos-7.3.0/source/list.o
 .comment       0x00000000       0x5c src/ASF/thirdparty/freertos/freertos-7.3.0/source/portable/gcc/sam/port.o
 .comment       0x00000000       0x5c src/ASF/thirdparty/freertos/freertos-7.3.0/source/portable/memmang/heap_4.o
 .comment       0x00000000       0x5c src/ASF/thirdparty/freertos/freertos-7.3.0/source/queue.o
 .comment       0x00000000       0x5c src/ASF/thirdparty/freertos/freertos-7.3.0/source/tasks.o
 .comment       0x00000000       0x5c src/ASF/thirdparty/freertos/freertos-7.3.0/source/timers.o
 .comment       0x00000000       0x5c src/ASF/common/services/clock/sam3x/sysclk.o
 .comment       0x00000000       0x5c src/ASF/sam/boards/arduino_due_x/init.o
 .comment       0x00000000       0x5c src/ASF/sam/drivers/pio/pio.o
 .comment       0x00000000       0x5c src/ASF/sam/drivers/pio/pio_handler.o
 .comment       0x00000000       0x5c src/ASF/sam/drivers/pmc/pmc.o
 .comment       0x00000000       0x5c src/ASF/sam/utils/cmsis/sam3x/source/templates/exceptions.o
 .comment       0x00000000       0x5c src/ASF/sam/utils/cmsis/sam3x/source/templates/gcc/startup_sam3x.o
 .comment       0x00000000       0x5c src/ASF/sam/utils/cmsis/sam3x/source/templates/system_sam3x.o
 .comment       0x00000000       0x5c src/ASF/sam/utils/syscalls/gcc/syscalls.o
 .comment       0x00000000       0x5c src/main.o

.debug_info     0x00000000    0x16860
 .debug_info    0x00000000      0xd94 src/arlo/Arlo.o
 .debug_info    0x00000d94      0x1bb src/ASF/common/utils/stdio/read.o
 .debug_info    0x00000f4f     0x1574 src/ASF/sam/drivers/pwm/pwm.o
 .debug_info    0x000024c3      0xb62 src/ASF/sam/drivers/twi/twi.o
 .debug_info    0x00003025     0x138c src/comm/TWIComm.o
 .debug_info    0x000043b1     0x129a src/ConsoleFunctions.o
 .debug_info    0x0000564b      0x4cd src/MathFunctions.o
 .debug_info    0x00005b18     0x13d6 src/PwmFunctions.o
 .debug_info    0x00006eee     0x132f src/StepCounter_ISR.o
 .debug_info    0x0000821d      0xaf8 src/Task_UnoComm.o
 .debug_info    0x00008d15     0x1bfa src/ASF/sam/drivers/usart/usart.o
 .debug_info    0x0000a90f      0x1c0 src/ASF/common/utils/stdio/write.o
 .debug_info    0x0000aacf      0x889 src/ASF/sam/drivers/uart/uart.o