Archive member included because of file (symbol)

c:/program files (x86)/atmel/atmel toolchain/arm gcc/native/4.8.1443/arm-gnu-toolchain/bin/../lib/gcc/arm-none-eabi/4.8.4/../../../../arm-none-eabi/lib/armv7-m\libc.a(lib_a-exit.o)
                              c:/program files (x86)/atmel/atmel toolchain/arm gcc/native/4.8.1443/arm-gnu-toolchain/bin/../lib/gcc/arm-none-eabi/4.8.4/../../../../arm-none-eabi/lib/armv7-m/crt0.o (exit)
c:/program files (x86)/atmel/atmel toolchain/arm gcc/native/4.8.1443/arm-gnu-toolchain/bin/../lib/gcc/arm-none-eabi/4.8.4/../../../../arm-none-eabi/lib/armv7-m\libc.a(lib_a-impure.o)
                              c:/program files (x86)/atmel/atmel toolchain/arm gcc/native/4.8.1443/arm-gnu-toolchain/bin/../lib/gcc/arm-none-eabi/4.8.4/../../../../arm-none-eabi/lib/armv7-m\libc.a(lib_a-exit.o) (_global_impure_ptr)
c:/program files (x86)/atmel/atmel toolchain/arm gcc/native/4.8.1443/arm-gnu-toolchain/bin/../lib/gcc/arm-none-eabi/4.8.4/../../../../arm-none-eabi/lib/armv7-m\libc.a(lib_a-init.o)
                              c:/program files (x86)/atmel/atmel toolchain/arm gcc/native/4.8.1443/arm-gnu-toolchain/bin/../lib/gcc/arm-none-eabi/4.8.4/../../../../arm-none-eabi/lib/armv7-m/crt0.o (__libc_init_array)
c:/program files (x86)/atmel/atmel toolchain/arm gcc/native/4.8.1443/arm-gnu-toolchain/bin/../lib/gcc/arm-none-eabi/4.8.4/../../../../arm-none-eabi/lib/armv7-m\libc.a(lib_a-iprintf.o)
                              main.o (iprintf)
c:/program files (x86)/atmel/atmel toolchain/arm gcc/native/4.8.1443/arm-gnu-toolchain/bin/../lib/gcc/arm-none-eabi/4.8.4/../../../../arm-none-eabi/lib/armv7-m\libc.a(lib_a-memset.o)
                              c:/program files (x86)/atmel/atmel toolchain/arm gcc/native/4.8.1443/arm-gnu-toolchain/bin/../lib/gcc/arm-none-eabi/4.8.4/../../../../arm-none-eabi/lib/armv7-m/crt0.o (memset)
c:/program files (x86)/atmel/atmel toolchain/arm gcc/native/4.8.1443/arm-gnu-toolchain/bin/../lib/gcc/arm-none-eabi/4.8.4/../../../../arm-none-eabi/lib/armv7-m\libc.a(lib_a-puts.o)
                              src/ASF/sam/drivers/adc/adc.o (puts)
c:/program files (x86)/atmel/atmel toolchain/arm gcc/native/4.8.1443/arm-gnu-toolchain/bin/../lib/gcc/arm-none-eabi/4.8.4/../../../../arm-none-eabi/lib/armv7-m\libc.a(lib_a-setbuf.o)
                              src/ASF/thirdparty/wireless/addons/sio2host/uart/sio2host.o (setbuf)
c:/program files (x86)/atmel/atmel toolchain/arm gcc/native/4.8.1443/arm-gnu-toolchain/bin/../lib/gcc/arm-none-eabi/4.8.4/../../../../arm-none-eabi/lib/armv7-m\libc.a(lib_a-setvbuf.o)
                              c:/program files (x86)/atmel/atmel toolchain/arm gcc/native/4.8.1443/arm-gnu-toolchain/bin/../lib/gcc/arm-none-eabi/4.8.4/../../../../arm-none-eabi/lib/armv7-m\libc.a(lib_a-setbuf.o) (setvbuf)
c:/program files (x86)/atmel/atmel toolchain/arm gcc/native/4.8.1443/arm-gnu-toolchain/bin/../lib/gcc/arm-none-eabi/4.8.4/../../../../arm-none-eabi/lib/armv7-m\libc.a(lib_a-strlen.o)
                              c:/program files (x86)/atmel/atmel toolchain/arm gcc/native/4.8.1443/arm-gnu-toolchain/bin/../lib/gcc/arm-none-eabi/4.8.4/../../../../arm-none-eabi/lib/armv7-m\libc.a(lib_a-puts.o) (strlen)
c:/program files (x86)/atmel/atmel toolchain/arm gcc/native/4.8.1443/arm-gnu-toolchain/bin/../lib/gcc/arm-none-eabi/4.8.4/../../../../arm-none-eabi/lib/armv7-m\libc.a(lib_a-vfiprintf.o)
                              c:/program files (x86)/atmel/atmel toolchain/arm gcc/native/4.8.1443/arm-gnu-toolchain/bin/../lib/gcc/arm-none-eabi/4.8.4/../../../../arm-none-eabi/lib/armv7-m\libc.a(lib_a-iprintf.o) (_vfiprintf_r)
c:/program files (x86)/atmel/atmel toolchain/arm gcc/native/4.8.1443/arm-gnu-toolchain/bin/../lib/gcc/arm-none-eabi/4.8.4/../../../../arm-none-eabi/lib/armv7-m\libc.a(lib_a-wsetup.o)
                              c:/program files (x86)/atmel/atmel toolchain/arm gcc/native/4.8.1443/arm-gnu-toolchain/bin/../lib/gcc/arm-none-eabi/4.8.4/../../../../arm-none-eabi/lib/armv7-m\libc.a(lib_a-vfiprintf.o) (__swsetup_r)
c:/program files (x86)/atmel/atmel toolchain/arm gcc/native/4.8.1443/arm-gnu-toolchain/bin/../lib/gcc/arm-none-eabi/4.8.4/../../../../arm-none-eabi/lib/armv7-m\libc.a(lib_a-__call_atexit.o)
                              c:/program files (x86)/atmel/atmel toolchain/arm gcc/native/4.8.1443/arm-gnu-toolchain/bin/../lib/gcc/arm-none-eabi/4.8.4/../../../../arm-none-eabi/lib/armv7-m\libc.a(lib_a-exit.o) (__call_exitprocs)
c:/program files (x86)/atmel/atmel toolchain/arm gcc/native/4.8.1443/arm-gnu-toolchain/bin/../lib/gcc/arm-none-eabi/4.8.4/../../../../arm-none-eabi/lib/armv7-m\libc.a(lib_a-atexit.o)
                              c:/program files (x86)/atmel/atmel toolchain/arm gcc/native/4.8.1443/arm-gnu-toolchain/bin/../lib/gcc/arm-none-eabi/4.8.4/../../../../arm-none-eabi/lib/armv7-m\libc.a(lib_a-__call_atexit.o) (atexit)
[...]
Memory Configuration

Name             Origin             Length             Attributes
rom              0x00080000         0x00080000         xr
sram0            0x20000000         0x00010000         xrw
sram1            0x20080000         0x00008000         xrw
ram              0x20070000         0x00018000         xrw
*default*        0x00000000         0xffffffff

Linker script and memory map

LOAD c:/program files (x86)/atmel/atmel toolchain/arm gcc/native/4.8.1443/arm-gnu-toolchain/bin/../lib/gcc/arm-none-eabi/4.8.4/armv7-m/crti.o
LOAD c:/program files (x86)/atmel/atmel toolchain/arm gcc/native/4.8.1443/arm-gnu-toolchain/bin/../lib/gcc/arm-none-eabi/4.8.4/armv7-m/crtbegin.o
LOAD c:/program files (x86)/atmel/atmel toolchain/arm gcc/native/4.8.1443/arm-gnu-toolchain/bin/../lib/gcc/arm-none-eabi/4.8.4/../../../../arm-none-eabi/lib/armv7-m/crt0.o
LOAD main.o
LOAD src/ASF/common/services/serial/usart_serial.o
LOAD src/ASF/common/utils/stdio/read.o
LOAD src/ASF/common/utils/stdio/write.o
LOAD src/ASF/sam/drivers/adc/adc.o
LOAD src/ASF/sam/drivers/adc/adc_sam3u.o
LOAD src/ASF/sam/drivers/uart/uart.o
LOAD src/ASF/sam/drivers/usart/usart.o
LOAD src/ASF/thirdparty/wireless/addons/sio2host/uart/sio2host.o
LOAD src/ConsoleFunctions.o
LOAD src/InterruptStepCounter.o
LOAD src/PwmFunctions.o
LOAD src/ASF/common/services/clock/sam3x/sysclk.o
LOAD src/ASF/common/services/delay/sam/cycle_counter.o
LOAD src/ASF/common/utils/interrupt/interrupt_sam_nvic.o
LOAD src/ASF/sam/boards/arduino_due_x/init.o
LOAD src/ASF/sam/drivers/pio/pio.o
LOAD src/ASF/sam/drivers/pio/pio_handler.o
LOAD src/ASF/sam/drivers/pmc/pmc.o
LOAD src/ASF/sam/drivers/pmc/sleep.o
LOAD src/ASF/sam/drivers/pwm/pwm.o
LOAD src/ASF/sam/utils/cmsis/sam3x/source/templates/exceptions.o
LOAD src/ASF/sam/utils/cmsis/sam3x/source/templates/gcc/startup_sam3x.o
LOAD src/ASF/sam/utils/cmsis/sam3x/source/templates/system_sam3x.o
LOAD src/ASF/sam/utils/syscalls/gcc/syscalls.o
START GROUP
LOAD ../src/ASF/thirdparty/CMSIS/Lib/GCC\libarm_cortexM3l_math.a
LOAD c:/program files (x86)/atmel/atmel toolchain/arm gcc/native/4.8.1443/arm-gnu-toolchain/bin/../lib/gcc/arm-none-eabi/4.8.4/../../../../arm-none-eabi/lib/armv7-m\libm.a
END GROUP
START GROUP
LOAD c:/program files (x86)/atmel/atmel toolchain/arm gcc/native/4.8.1443/arm-gnu-toolchain/bin/../lib/gcc/arm-none-eabi/4.8.4/armv7-m\libgcc.a
LOAD c:/program files (x86)/atmel/atmel toolchain/arm gcc/native/4.8.1443/arm-gnu-toolchain/bin/../lib/gcc/arm-none-eabi/4.8.4/../../../../arm-none-eabi/lib/armv7-m\libc.a
END GROUP
LOAD c:/program files (x86)/atmel/atmel toolchain/arm gcc/native/4.8.1443/arm-gnu-toolchain/bin/../lib/gcc/arm-none-eabi/4.8.4/armv7-m/crtend.o
LOAD c:/program files (x86)/atmel/atmel toolchain/arm gcc/native/4.8.1443/arm-gnu-toolchain/bin/../lib/gcc/arm-none-eabi/4.8.4/armv7-m/crtn.o
                0x00002000                __stack_size__ = DEFINED (__stack_size__)?__stack_size__:0x2000
                0x20087ffc                __ram_end__ = ((ORIGIN (ram) + 0x18000) - 0x4)

.text           0x00080000     0x3fcc
                0x00080000                . = ALIGN (0x4)
                0x00080000                _sfixed = .
 *(.vectors .vectors.*)
 .vectors       0x00080000       0xf4 src/ASF/sam/utils/cmsis/sam3x/source/templates/gcc/startup_sam3x.o
                0x00080000                exception_table
 *(.text .text.* .gnu.linkonce.t.*)
 .text          0x000800f4       0x54 c:/program files (x86)/atmel/atmel toolchain/arm gcc/native/4.8.1443/arm-gnu-toolchain/bin/../lib/gcc/arm-none-eabi/4.8.4/armv7-m/crtbegin.o
 .text.main     0x00080148       0xc0 main.o
                0x00080148                main
 .text.usart_serial_read_packet
                0x00080208       0xc4 src/ASF/common/services/serial/usart_serial.o
                0x00080208                usart_serial_read_packet
 .text._read    0x000802cc       0x40 src/ASF/common/utils/stdio/read.o
                0x000802cc                _read
 .text._write   0x0008030c       0x54 src/ASF/common/utils/stdio/write.o
                0x0008030c                _write
 .text.uart_init
                0x00080360       0x38 src/ASF/sam/drivers/uart/uart.o
                0x00080360                uart_init
 .text.uart_write
                0x00080398       0x10 src/ASF/sam/drivers/uart/uart.o
                0x00080398                uart_write
 .text.uart_read
                0x000803a8       0x14 src/ASF/sam/drivers/uart/uart.o
                0x000803a8                uart_read
 .text.usart_write
                0x000803bc       0x14 src/ASF/sam/drivers/usart/usart.o
                0x000803bc                usart_write
 .text.usart_read
                0x000803d0       0x18 src/ASF/sam/drivers/usart/usart.o
                0x000803d0                usart_read
 .text.USART0_Handler
                0x000803e8       0x6c src/ASF/thirdparty/wireless/addons/sio2host/uart/sio2host.o
                0x000803e8                USART0_Handler
 .text.usart_serial_getchar
                0x00080454       0xa8 src/ConsoleFunctions.o
 .text.usart_serial_putchar
                0x000804fc       0xa8 src/ConsoleFunctions.o
 .text.configureConsole
                0x000805a4       0x80 src/ConsoleFunctions.o
                0x000805a4                configureConsole
 .text.pin12_edge_handler
                0x00080624       0x28 src/InterruptStepCounter.o
                0x00080624                pin12_edge_handler
 .text.pin14_edge_handler
                0x0008064c       0x28 src/InterruptStepCounter.o
                0x0008064c                pin14_edge_handler
 .text.configInterrupts
                0x00080674       0x94 src/InterruptStepCounter.o
                0x00080674                configInterrupts
 .text.initPin21
                0x00080708       0x4c src/PwmFunctions.o
                0x00080708                initPin21
 .text.initPin22
                0x00080754       0x4c src/PwmFunctions.o
                0x00080754                initPin22
 .text.PWM_init
                0x000807a0       0x5c src/PwmFunctions.o
                0x000807a0                PWM_init
 .text.pwm_pin_21
                0x000807fc       0x30 src/PwmFunctions.o
                0x000807fc                pwm_pin_21
 .text.pwm_pin_22
                0x0008082c       0x30 src/PwmFunctions.o
                0x0008082c                pwm_pin_22
 .text.board_init
                0x0008085c       0x80 src/ASF/sam/boards/arduino_due_x/init.o
                0x0008085c                board_init
 .text.pio_get  0x000808dc       0x18 src/ASF/sam/drivers/pio/pio.o
                0x000808dc                pio_get
 .text.pio_set_peripheral
                0x000808f4       0x40 src/ASF/sam/drivers/pio/pio.o
                0x000808f4                pio_set_peripheral
 .text.pio_set_input
                0x00080934       0x34 src/ASF/sam/drivers/pio/pio.o
                0x00080934                pio_set_input
 .text.pio_set_output
                0x00080968       0x28 src/ASF/sam/drivers/pio/pio.o
                0x00080968                pio_set_output
 .text.pio_configure_interrupt
                0x00080990       0x30 src/ASF/sam/drivers/pio/pio.o
                0x00080990                pio_configure_interrupt
 .text.pio_enable_interrupt
                0x000809c0        0x8 src/ASF/sam/drivers/pio/pio.o
                0x000809c0                pio_enable_interrupt
 .text.pio_get_interrupt_status
                0x000809c8        0x4 src/ASF/sam/drivers/pio/pio.o
                0x000809c8                pio_get_interrupt_status
 .text.pio_get_interrupt_mask
                0x000809cc        0x4 src/ASF/sam/drivers/pio/pio.o
                0x000809cc                pio_get_interrupt_mask
 .text.pio_configure_pin
                0x000809d0       0xd4 src/ASF/sam/drivers/pio/pio.o
                0x000809d0                pio_configure_pin
 .text.pio_configure_pin_group
                0x00080aa4       0xa0 src/ASF/sam/drivers/pio/pio.o
                0x00080aa4                pio_configure_pin_group
 .text.pio_handler_process
                0x00080b44       0x58 src/ASF/sam/drivers/pio/pio_handler.o
                0x00080b44                pio_handler_process
 .text.pio_handler_set
                0x00080b9c       0x3c src/ASF/sam/drivers/pio/pio_handler.o
                0x00080b9c                pio_handler_set
 .text.PIOA_Handler
                0x00080bd8       0x14 src/ASF/sam/drivers/pio/pio_handler.o
                0x00080bd8                PIOA_Handler
 .text.PIOB_Handler
                0x00080bec       0x14 src/ASF/sam/drivers/pio/pio_handler.o
                0x00080bec                PIOB_Handler
 .text.PIOC_Handler
                0x00080c00       0x14 src/ASF/sam/drivers/pio/pio_handler.o
                0x00080c00                PIOC_Handler
 .text.PIOD_Handler
                0x00080c14       0x14 src/ASF/sam/drivers/pio/pio_handler.o
                0x00080c14                PIOD_Handler
 .text.pmc_enable_periph_clk
                0x00080c28       0x58 src/ASF/sam/drivers/pmc/pmc.o
                0x00080c28                pmc_enable_periph_clk
 .text.pwm_clocks_generate
                0x00080c80       0x58 src/ASF/sam/drivers/pwm/pwm.o
 .text.pwm_init
                0x00080cd8       0x40 src/ASF/sam/drivers/pwm/pwm.o
                0x00080cd8                pwm_init
 .text.pwm_channel_init
                0x00080d18      0x104 src/ASF/sam/drivers/pwm/pwm.o
                0x00080d18                pwm_channel_init
 .text.pwm_channel_update_duty
                0x00080e1c       0x24 src/ASF/sam/drivers/pwm/pwm.o
                0x00080e1c                pwm_channel_update_duty
 .text.pwm_channel_enable
                0x00080e40        0xc src/ASF/sam/drivers/pwm/pwm.o
                0x00080e40                pwm_channel_enable
 .text.pwm_channel_disable
                0x00080e4c        0xc src/ASF/sam/drivers/pwm/pwm.o
                0x00080e4c                pwm_channel_disable
 .text.Dummy_Handler
                0x00080e58        0x4 src/ASF/sam/utils/cmsis/sam3x/source/templates/exceptions.o
                0x00080e58                DACC_Handler
                0x00080e58                DebugMon_Handler
                0x00080e58                DMAC_Handler
                0x00080e58                TRNG_Handler
                0x00080e58                HardFault_Handler
                0x00080e58                TC2_Handler
                0x00080e58                SysTick_Handler
                0x00080e58                USART3_Handler
                0x00080e58                TWI1_Handler
                0x00080e58                PendSV_Handler
                0x00080e58                NMI_Handler
                0x00080e58                TC7_Handler
                0x00080e58                ADC_Handler
                0x00080e58                SMC_Handler
                0x00080e58                RTT_Handler
                0x00080e58                EFC1_Handler
                0x00080e58                RTC_Handler
                0x00080e58                UsageFault_Handler
                0x00080e58                TC6_Handler
                0x00080e58                WDT_Handler
                0x00080e58                CAN0_Handler
                0x00080e58                TC4_Handler
                0x00080e58                TC1_Handler
                0x00080e58                HSMCI_Handler
                0x00080e58                TC3_Handler
                0x00080e58                Dummy_Handler
                0x00080e58                TWI0_Handler
                0x00080e58                USART1_Handler
                0x00080e58                SSC_Handler
                0x00080e58                EFC0_Handler
                0x00080e58                PMC_Handler
                0x00080e58                PWM_Handler
                0x00080e58                CAN1_Handler
                0x00080e58                MemManage_Handler
                0x00080e58                SUPC_Handler
                0x00080e58                SVC_Handler
                0x00080e58                TC8_Handler
                0x00080e58                USART2_Handler
                0x00080e58                EMAC_Handler
                0x00080e58                UART_Handler
                0x00080e58                BusFault_Handler
                0x00080e58                RSTC_Handler
                0x00080e58                TC0_Handler
                0x00080e58                TC5_Handler
                0x00080e58                UOTGHS_Handler
                0x00080e58                SPI0_Handler
 .text.Reset_Handler
                0x00080e5c       0xb0 src/ASF/sam/utils/cmsis/sam3x/source/templates/gcc/startup_sam3x.o
                0x00080e5c                Reset_Handler
 .text._sbrk    0x00080f0c       0x34 src/ASF/sam/utils/syscalls/gcc/syscalls.o
                0x00080f0c                _sbrk
 .text._close   0x00080f40        0x8 src/ASF/sam/utils/syscalls/gcc/syscalls.o
                0x00080f40                _close
 .text._fstat   0x00080f48        0xc src/ASF/sam/utils/syscalls/gcc/syscalls.o
                0x00080f48                _fstat
 .text._isatty  0x00080f54        0x4 src/ASF/sam/utils/syscalls/gcc/syscalls.o
                0x00080f54                _isatty
 .text._lseek   0x00080f58        0x4 src/ASF/sam/utils/syscalls/gcc/syscalls.o
                0x00080f58                _lseek
 .text.__libc_init_array
                0x00080f5c       0x50 c:/program files (x86)/atmel/atmel toolchain/arm gcc/native/4.8.1443/arm-gnu-toolchain/bin/../lib/gcc/arm-none-eabi/4.8.4/../../../../arm-none-eabi/lib/armv7-m\libc.a(lib_a-init.o)
                0x00080f5c                __libc_init_array
 .text.iprintf  0x00080fac       0x28 c:/program files (x86)/atmel/atmel toolchain/arm gcc/native/4.8.1443/arm-gnu-toolchain/bin/../lib/gcc/arm-none-eabi/4.8.4/../../../../arm-none-eabi/lib/armv7-m\libc.a(lib_a-iprintf.o)
                0x00080fac                iprintf
 .text.memset   0x00080fd4       0x94 c:/program files (x86)/atmel/atmel toolchain/arm gcc/native/4.8.1443/arm-gnu-toolchain/bin/../lib/gcc/arm-none-eabi/4.8.4/../../../../arm-none-eabi/lib/armv7-m\libc.a(lib_a-memset.o)
                0x00080fd4                memset
 .text.setbuf   0x00081068       0x10 c:/program files (x86)/atmel/atmel toolchain/arm gcc/native/4.8.1443/arm-gnu-toolchain/bin/../lib/gcc/arm-none-eabi/4.8.4/../../../../arm-none-eabi/lib/armv7-m\libc.a(lib_a-setbuf.o)
                0x00081068                setbuf
 .text.setvbuf  0x00081078      0x100 c:/program files (x86)/atmel/atmel toolchain/arm gcc/native/4.8.1443/arm-gnu-toolchain/bin/../lib/gcc/arm-none-eabi/4.8.4/../../../../arm-none-eabi/lib/armv7-m\libc.a(lib_a-setvbuf.o)
                0x00081078                setvbuf
 .text.strlen   0x00081178       0x60 c:/program files (x86)/atmel/atmel toolchain/arm gcc/native/4.8.1443/arm-gnu-toolchain/bin/../lib/gcc/arm-none-eabi/4.8.4/../../../../arm-none-eabi/lib/armv7-m\libc.a(lib_a-strlen.o)
                0x00081178                strlen
 .text.__sprint_r.part.0
                0x000811d8       0x78 c:/program files (x86)/atmel/atmel toolchain/arm gcc/native/4.8.1443/arm-gnu-toolchain/bin/../lib/gcc/arm-none-eabi/4.8.4/../../../../arm-none-eabi/lib/armv7-m\libc.a(lib_a-vfiprintf.o)
 .text._vfiprintf_r
                0x00081250      0xc54 c:/program files (x86)/atmel/atmel toolchain/arm gcc/native/4.8.1443/arm-gnu-toolchain/bin/../lib/gcc/arm-none-eabi/4.8.4/../../../../arm-none-eabi/lib/armv7-m\libc.a(lib_a-vfiprintf.o)
                0x00081250                _vfiprintf_r
 .text.__sbprintf
                0x00081ea4       0x7c c:/program files (x86)/atmel/atmel toolchain/arm gcc/native/4.8.1443/arm-gnu-toolchain/bin/../lib/gcc/arm-none-eabi/4.8.4/../../../../arm-none-eabi/lib/armv7-m\libc.a(lib_a-vfiprintf.o)
 .text.__swsetup_r
                0x00081f20       0xc4 c:/program files (x86)/atmel/atmel toolchain/arm gcc/native/4.8.1443/arm-gnu-toolchain/bin/../lib/gcc/arm-none-eabi/4.8.4/../../../../arm-none-eabi/lib/armv7-m\libc.a(lib_a-wsetup.o)
                0x00081f20                __swsetup_r
 .text.startup.register_fini
                0x00081fe4       0x14 c:/program files (x86)/atmel/atmel toolchain/arm gcc/native/4.8.1443/arm-gnu-toolchain/bin/../lib/gcc/arm-none-eabi/4.8.4/../../../../arm-none-eabi/lib/armv7-m\libc.a(lib_a-__call_atexit.o)
 .text.atexit   0x00081ff8        0xc c:/program files (x86)/atmel/atmel toolchain/arm gcc/native/4.8.1443/arm-gnu-toolchain/bin/../lib/gcc/arm-none-eabi/4.8.4/../../../../arm-none-eabi/lib/armv7-m\libc.a(lib_a-atexit.o)
                0x00081ff8                atexit
 .text.__sflush_r
                0x00082004      0x148 c:/program files (x86)/atmel/atmel toolchain/arm gcc/native/4.8.1443/arm-gnu-toolchain/bin/../lib/gcc/arm-none-eabi/4.8.4/../../../../arm-none-eabi/lib/armv7-m\libc.a(lib_a-fflush.o)
                0x00082004                __sflush_r
 .text._fflush_r
                0x0008214c       0x2c c:/program files (x86)/atmel/atmel toolchain/arm gcc/native/4.8.1443/arm-gnu-toolchain/bin/../lib/gcc/arm-none-eabi/4.8.4/../../../../arm-none-eabi/lib/armv7-m\libc.a(lib_a-fflush.o)
                0x0008214c                _fflush_r
 .text._cleanup_r
                0x00082178        0xc c:/program files (x86)/atmel/atmel toolchain/arm gcc/native/4.8.1443/arm-gnu-toolchain/bin/../lib/gcc/arm-none-eabi/4.8.4/../../../../arm-none-eabi/lib/armv7-m\libc.a(lib_a-findfp.o)
                0x00082178                _cleanup_r
 .text.__sinit  0x00082184       0xf4 c:/program files (x86)/atmel/atmel toolchain/arm gcc/native/4.8.1443/arm-gnu-toolchain/bin/../lib/gcc/arm-none-eabi/4.8.4/../../../../arm-none-eabi/lib/armv7-m\libc.a(lib_a-findfp.o)
                0x00082184                __sinit
 .text.__sfp_lock_acquire
                0x00082278        0x4 c:/program files (x86)/atmel/atmel toolchain/arm gcc/native/4.8.1443/arm-gnu-toolchain/bin/../lib/gcc/arm-none-eabi/4.8.4/../../../../arm-none-eabi/lib/armv7-m\libc.a(lib_a-findfp.o)
                0x00082278                __sfp_lock_acquire
 .text.__sfp_lock_release
                0x0008227c        0x4 c:/program files (x86)/atmel/atmel toolchain/arm gcc/native/4.8.1443/arm-gnu-toolchain/bin/../lib/gcc/arm-none-eabi/4.8.4/../../../../arm-none-eabi/lib/armv7-m\libc.a(lib_a-findfp.o)
                0x0008227c                __sfp_lock_release
 .text.__libc_fini_array
                0x00082280       0x30 c:/program files (x86)/atmel/atmel toolchain/arm gcc/native/4.8.1443/arm-gnu-toolchain/bin/../lib/gcc/arm-none-eabi/4.8.4/../../../../arm-none-eabi/lib/armv7-m\libc.a(lib_a-fini.o)
                0x00082280                __libc_fini_array
 .text._fputwc_r
                0x000822b0       0xc0 c:/program files (x86)/atmel/atmel toolchain/arm gcc/native/4.8.1443/arm-gnu-toolchain/bin/../lib/gcc/arm-none-eabi/4.8.4/../../../../arm-none-eabi/lib/armv7-m\libc.a(lib_a-fputwc.o)
                0x000822b0                _fputwc_r
 .text._malloc_trim_r
                0x00082370       0x9c c:/program files (x86)/atmel/atmel toolchain/arm gcc/native/4.8.1443/arm-gnu-toolchain/bin/../lib/gcc/arm-none-eabi/4.8.4/../../../../arm-none-eabi/lib/armv7-m\libc.a(lib_a-freer.o)
                0x00082370                _malloc_trim_r
 .text._free_r  0x0008240c      0x198 c:/program files (x86)/atmel/atmel toolchain/arm gcc/native/4.8.1443/arm-gnu-toolchain/bin/../lib/gcc/arm-none-eabi/4.8.4/../../../../arm-none-eabi/lib/armv7-m\libc.a(lib_a-freer.o)
                0x0008240c                _free_r
 .text.__sfvwrite_r
                0x000825a4      0x318 c:/program files (x86)/atmel/atmel toolchain/arm gcc/native/4.8.1443/arm-gnu-toolchain/bin/../lib/gcc/arm-none-eabi/4.8.4/../../../../arm-none-eabi/lib/armv7-m\libc.a(lib_a-fvwrite.o)
                0x000825a4                __sfvwrite_r
 .text._fwalk   0x000828bc       0x48 c:/program files (x86)/atmel/atmel toolchain/arm gcc/native/4.8.1443/arm-gnu-toolchain/bin/../lib/gcc/arm-none-eabi/4.8.4/../../../../arm-none-eabi/lib/armv7-m\libc.a(lib_a-fwalk.o)
                0x000828bc                _fwalk
 .text.__locale_charset
                0x00082904        0x8 c:/program files (x86)/atmel/atmel toolchain/arm gcc/native/4.8.1443/arm-gnu-toolchain/bin/../lib/gcc/arm-none-eabi/4.8.4/../../../../arm-none-eabi/lib/armv7-m\libc.a(lib_a-locale.o)
                0x00082904                __locale_charset
 .text.__locale_mb_cur_max
                0x0008290c        0xc c:/program files (x86)/atmel/atmel toolchain/arm gcc/native/4.8.1443/arm-gnu-toolchain/bin/../lib/gcc/arm-none-eabi/4.8.4/../../../../arm-none-eabi/lib/armv7-m\libc.a(lib_a-locale.o)
                0x0008290c                __locale_mb_cur_max
 .text.__smakebuf_r
                0x00082918       0xe0 c:/program files (x86)/atmel/atmel toolchain/arm gcc/native/4.8.1443/arm-gnu-toolchain/bin/../lib/gcc/arm-none-eabi/4.8.4/../../../../arm-none-eabi/lib/armv7-m\libc.a(lib_a-makebuf.o)
                0x00082918                __smakebuf_r
 .text.malloc   0x000829f8       0x10 c:/program files (x86)/atmel/atmel toolchain/arm gcc/native/4.8.1443/arm-gnu-toolchain/bin/../lib/gcc/arm-none-eabi/4.8.4/../../../../arm-none-eabi/lib/armv7-m\libc.a(lib_a-malloc.o)
                0x000829f8                malloc
 .text._malloc_r
                0x00082a08      0x538 c:/program files (x86)/atmel/atmel toolchain/arm gcc/native/4.8.1443/arm-gnu-toolchain/bin/../lib/gcc/arm-none-eabi/4.8.4/../../../../arm-none-eabi/lib/armv7-m\libc.a(lib_a-mallocr.o)
                0x00082a08                _malloc_r
 .text.memchr   0x00082f40       0x94 c:/program files (x86)/atmel/atmel toolchain/arm gcc/native/4.8.1443/arm-gnu-toolchain/bin/../lib/gcc/arm-none-eabi/4.8.4/../../../../arm-none-eabi/lib/armv7-m\libc.a(lib_a-memchr-stub.o)
                0x00082f40                memchr
 .text          0x00082fd4       0xec c:/program files (x86)/atmel/atmel toolchain/arm gcc/native/4.8.1443/arm-gnu-toolchain/bin/../lib/gcc/arm-none-eabi/4.8.4/../../../../arm-none-eabi/lib/armv7-m\libc.a(lib_a-memcpy.o)
                0x00082fd4                memcpy
 .text.memmove  0x000830c0       0xcc c:/program files (x86)/atmel/atmel toolchain/arm gcc/native/4.8.1443/arm-gnu-toolchain/bin/../lib/gcc/arm-none-eabi/4.8.4/../../../../arm-none-eabi/lib/armv7-m\libc.a(lib_a-memmove.o)
                0x000830c0                memmove
 .text.__malloc_lock
                0x0008318c        0x4 c:/program files (x86)/atmel/atmel toolchain/arm gcc/native/4.8.1443/arm-gnu-toolchain/bin/../lib/gcc/arm-none-eabi/4.8.4/../../../../arm-none-eabi/lib/armv7-m\libc.a(lib_a-mlock.o)
                0x0008318c                __malloc_lock
 .text.__malloc_unlock
                0x00083190        0x4 c:/program files (x86)/atmel/atmel toolchain/arm gcc/native/4.8.1443/arm-gnu-toolchain/bin/../lib/gcc/arm-none-eabi/4.8.4/../../../../arm-none-eabi/lib/armv7-m\libc.a(lib_a-mlock.o)
                0x00083190                __malloc_unlock
 .text._realloc_r
                0x00083194      0x3c0 c:/program files (x86)/atmel/atmel toolchain/arm gcc/native/4.8.1443/arm-gnu-toolchain/bin/../lib/gcc/arm-none-eabi/4.8.4/../../../../arm-none-eabi/lib/armv7-m\libc.a(lib_a-reallocr.o)
                0x00083194                _realloc_r
 .text._sbrk_r  0x00083554       0x24 c:/program files (x86)/atmel/atmel toolchain/arm gcc/native/4.8.1443/arm-gnu-toolchain/bin/../lib/gcc/arm-none-eabi/4.8.4/../../../../arm-none-eabi/lib/armv7-m\libc.a(lib_a-sbrkr.o)
                0x00083554                _sbrk_r
 .text.__sread  0x00083578       0x24 c:/program files (x86)/atmel/atmel toolchain/arm gcc/native/4.8.1443/arm-gnu-toolchain/bin/../lib/gcc/arm-none-eabi/4.8.4/../../../../arm-none-eabi/lib/armv7-m\libc.a(lib_a-stdio.o)
                0x00083578                __sread
 .text.__swrite
                0x0008359c       0x38 c:/program files (x86)/atmel/atmel toolchain/arm gcc/native/4.8.1443/arm-gnu-toolchain/bin/../lib/gcc/arm-none-eabi/4.8.4/../../../../arm-none-eabi/lib/armv7-m\libc.a(lib_a-stdio.o)
                0x0008359c                __swrite
 .text.__sseek  0x000835d4       0x20 c:/program files (x86)/atmel/atmel toolchain/arm gcc/native/4.8.1443/arm-gnu-toolchain/bin/../lib/gcc/arm-none-eabi/4.8.4/../../../../arm-none-eabi/lib/armv7-m\libc.a(lib_a-stdio.o)
                0x000835d4                __sseek
 .text.__sclose
                0x000835f4        0x8 c:/program files (x86)/atmel/atmel toolchain/arm gcc/native/4.8.1443/arm-gnu-toolchain/bin/../lib/gcc/arm-none-eabi/4.8.4/../../../../arm-none-eabi/lib/armv7-m\libc.a(lib_a-stdio.o)
                0x000835f4                __sclose
 .text.__swbuf_r
                0x000835fc       0xa8 c:/program files (x86)/atmel/atmel toolchain/arm gcc/native/4.8.1443/arm-gnu-toolchain/bin/../lib/gcc/arm-none-eabi/4.8.4/../../../../arm-none-eabi/lib/armv7-m\libc.a(lib_a-wbuf.o)
                0x000835fc                __swbuf_r
 .text._wcrtomb_r
                0x000836a4       0x50 c:/program files (x86)/atmel/atmel toolchain/arm gcc/native/4.8.1443/arm-gnu-toolchain/bin/../lib/gcc/arm-none-eabi/4.8.4/../../../../arm-none-eabi/lib/armv7-m\libc.a(lib_a-wcrtomb.o)
                0x000836a4                _wcrtomb_r
 .text.__ascii_wctomb
                0x000836f4       0x1c c:/program files (x86)/atmel/atmel toolchain/arm gcc/native/4.8.1443/arm-gnu-toolchain/bin/../lib/gcc/arm-none-eabi/4.8.4/../../../../arm-none-eabi/lib/armv7-m\libc.a(lib_a-wctomb_r.o)
                0x000836f4                __ascii_wctomb
 .text._write_r
                0x00083710       0x28 c:/program files (x86)/atmel/atmel toolchain/arm gcc/native/4.8.1443/arm-gnu-toolchain/bin/../lib/gcc/arm-none-eabi/4.8.4/../../../../arm-none-eabi/lib/armv7-m\libc.a(lib_a-writer.o)
                0x00083710                _write_r
 .text.__register_exitproc
                0x00083738       0xa8 c:/program files (x86)/atmel/atmel toolchain/arm gcc/native/4.8.1443/arm-gnu-toolchain/bin/../lib/gcc/arm-none-eabi/4.8.4/../../../../arm-none-eabi/lib/armv7-m\libc.a(lib_a-__atexit.o)
                0x00083738                __register_exitproc
 .text._close_r
                0x000837e0       0x24 c:/program files (x86)/atmel/atmel toolchain/arm gcc/native/4.8.1443/arm-gnu-toolchain/bin/../lib/gcc/arm-none-eabi/4.8.4/../../../../arm-none-eabi/lib/armv7-m\libc.a(lib_a-closer.o)
                0x000837e0                _close_r
 .text._fclose_r
                0x00083804       0x80 c:/program files (x86)/atmel/atmel toolchain/arm gcc/native/4.8.1443/arm-gnu-toolchain/bin/../lib/gcc/arm-none-eabi/4.8.4/../../../../arm-none-eabi/lib/armv7-m\libc.a(lib_a-fclose.o)
                0x00083804                _fclose_r
 .text.fclose   0x00083884       0x10 c:/program files (x86)/atmel/atmel toolchain/arm gcc/native/4.8.1443/arm-gnu-toolchain/bin/../lib/gcc/arm-none-eabi/4.8.4/../../../../arm-none-eabi/lib/armv7-m\libc.a(lib_a-fclose.o)
                0x00083884                fclose
 .text._fstat_r
                0x00083894       0x28 c:/program files (x86)/atmel/atmel toolchain/arm gcc/native/4.8.1443/arm-gnu-toolchain/bin/../lib/gcc/arm-none-eabi/4.8.4/../../../../arm-none-eabi/lib/armv7-m\libc.a(lib_a-fstatr.o)
                0x00083894                _fstat_r
 .text._isatty_r
                0x000838bc       0x24 c:/program files (x86)/atmel/atmel toolchain/arm gcc/native/4.8.1443/arm-gnu-toolchain/bin/../lib/gcc/arm-none-eabi/4.8.4/../../../../arm-none-eabi/lib/armv7-m\libc.a(lib_a-isattyr.o)
                0x000838bc                _isatty_r
 .text._lseek_r
                0x000838e0       0x28 c:/program files (x86)/atmel/atmel toolchain/arm gcc/native/4.8.1443/arm-gnu-toolchain/bin/../lib/gcc/arm-none-eabi/4.8.4/../../../../arm-none-eabi/lib/armv7-m\libc.a(lib_a-lseekr.o)
                0x000838e0                _lseek_r
 .text._read_r  0x00083908       0x28 c:/program files (x86)/atmel/atmel toolchain/arm gcc/native/4.8.1443/arm-gnu-toolchain/bin/../lib/gcc/arm-none-eabi/4.8.4/../../../../arm-none-eabi/lib/armv7-m\libc.a(lib_a-readr.o)
                0x00083908                _read_r
 .text          0x00083930       0x2c c:/program files (x86)/atmel/atmel toolchain/arm gcc/native/4.8.1443/arm-gnu-toolchain/bin/../lib/gcc/arm-none-eabi/4.8.4/armv7-m\libgcc.a(_aeabi_uldivmod.o)
                0x00083930                __aeabi_uldivmod
 .text          0x0008395c       0x60 c:/program files (x86)/atmel/atmel toolchain/arm gcc/native/4.8.1443/arm-gnu-toolchain/bin/../lib/gcc/arm-none-eabi/4.8.4/armv7-m\libgcc.a(bpabi.o)
                0x0008395c                __gnu_ldivmod_helper
                0x0008398c                __gnu_uldivmod_helper
 .text          0x000839bc        0x4 c:/program files (x86)/atmel/atmel toolchain/arm gcc/native/4.8.1443/arm-gnu-toolchain/bin/../lib/gcc/arm-none-eabi/4.8.4/armv7-m\libgcc.a(_dvmd_tls.o)
                0x000839bc                __aeabi_idiv0
                0x000839bc                __aeabi_ldiv0
 .text          0x000839c0      0x2a0 c:/program files (x86)/atmel/atmel toolchain/arm gcc/native/4.8.1443/arm-gnu-toolchain/bin/../lib/gcc/arm-none-eabi/4.8.4/armv7-m\libgcc.a(_divdi3.o)
                0x000839c0                __divdi3
 .text          0x00083c60      0x290 c:/program files (x86)/atmel/atmel toolchain/arm gcc/native/4.8.1443/arm-gnu-toolchain/bin/../lib/gcc/arm-none-eabi/4.8.4/armv7-m\libgcc.a(_udivdi3.o)
                0x00083c60                __udivdi3
 *(.glue_7t)
 .glue_7t       0x00000000        0x0 linker stubs
 *(.glue_7)
 .glue_7        0x00000000        0x0 linker stubs
 *(.rodata .rodata* .gnu.linkonce.r.*)
 .rodata.str1.4
                0x00083ef0       0x33 main.o
                                 0x34 (size before relaxing)
 *fill*         0x00083f23        0x1 
 .rodata        0x00083f24       0x2c src/ASF/sam/drivers/pwm/pwm.o
 .rodata.str1.4
                0x00083f50        0x2 c:/program files (x86)/atmel/atmel toolchain/arm gcc/native/4.8.1443/arm-gnu-toolchain/bin/../lib/gcc/arm-none-eabi/4.8.4/../../../../arm-none-eabi/lib/armv7-m\libc.a(lib_a-impure.o)
                                  0x4 (size before relaxing)
 *fill*         0x00083f52        0x2 
 .rodata._global_impure_ptr
                0x00083f54        0x4 c:/program files (x86)/atmel/atmel toolchain/arm gcc/native/4.8.1443/arm-gnu-toolchain/bin/../lib/gcc/arm-none-eabi/4.8.4/../../../../arm-none-eabi/lib/armv7-m\libc.a(lib_a-impure.o)
                0x00083f54                _global_impure_ptr
 .rodata.str1.4
                0x00083f58       0x30 c:/program files (x86)/atmel/atmel toolchain/arm gcc/native/4.8.1443/arm-gnu-toolchain/bin/../lib/gcc/arm-none-eabi/4.8.4/../../../../arm-none-eabi/lib/armv7-m\libc.a(lib_a-vfiprintf.o)
 .rodata.zeroes.6721
                0x00083f88       0x10 c:/program files (x86)/atmel/atmel toolchain/arm gcc/native/4.8.1443/arm-gnu-toolchain/bin/../lib/gcc/arm-none-eabi/4.8.4/../../../../arm-none-eabi/lib/armv7-m\libc.a(lib_a-vfiprintf.o)
 .rodata.blanks.6720
                0x00083f98       0x10 c:/program files (x86)/atmel/atmel toolchain/arm gcc/native/4.8.1443/arm-gnu-toolchain/bin/../lib/gcc/arm-none-eabi/4.8.4/../../../../arm-none-eabi/lib/armv7-m\libc.a(lib_a-vfiprintf.o)
 *(.ARM.extab* .gnu.linkonce.armextab.*)
                0x00083fa8                . = ALIGN (0x4)
 *(.init)
 .init          0x00083fa8        0x4 c:/program files (x86)/atmel/atmel toolchain/arm gcc/native/4.8.1443/arm-gnu-toolchain/bin/../lib/gcc/arm-none-eabi/4.8.4/armv7-m/crti.o
                0x00083fa8                _init
 .init          0x00083fac        0x8 c:/program files (x86)/atmel/atmel toolchain/arm gcc/native/4.8.1443/arm-gnu-toolchain/bin/../lib/gcc/arm-none-eabi/4.8.4/armv7-m/crtn.o
                0x00083fb4                . = ALIGN (0x4)
                0x00083fb4                __preinit_array_start = .
 *(.preinit_array)
                0x00083fb4                __preinit_array_end = .
                0x00083fb4                . = ALIGN (0x4)
                0x00083fb4                __init_array_start = .
 *(SORT(.init_array.*))
 .init_array.00000
                0x00083fb4        0x4 c:/program files (x86)/atmel/atmel toolchain/arm gcc/native/4.8.1443/arm-gnu-toolchain/bin/../lib/gcc/arm-none-eabi/4.8.4/../../../../arm-none-eabi/lib/armv7-m\libc.a(lib_a-__call_atexit.o)
 *(.init_array)
 .init_array    0x00083fb8        0x4 c:/program files (x86)/atmel/atmel toolchain/arm gcc/native/4.8.1443/arm-gnu-toolchain/bin/../lib/gcc/arm-none-eabi/4.8.4/armv7-m/crtbegin.o
                0x00083fbc                __init_array_end = .
                0x00083fbc                . = ALIGN (0x4)
 *crtbegin.o(.ctors)
 *(EXCLUDE_FILE(*crtend.o) .ctors)
 *(SORT(.ctors.*))
 *crtend.o(.ctors)
                0x00083fbc                . = ALIGN (0x4)
 *(.fini)
 .fini          0x00083fbc        0x4 c:/program files (x86)/atmel/atmel toolchain/arm gcc/native/4.8.1443/arm-gnu-toolchain/bin/../lib/gcc/arm-none-eabi/4.8.4/armv7-m/crti.o
                0x00083fbc                _fini
 .fini          0x00083fc0        0x8 c:/program files (x86)/atmel/atmel toolchain/arm gcc/native/4.8.1443/arm-gnu-toolchain/bin/../lib/gcc/arm-none-eabi/4.8.4/armv7-m/crtn.o
                0x00083fc8                . = ALIGN (0x4)
                0x00083fc8                __fini_array_start = .
 *(.fini_array)
 .fini_array    0x00083fc8        0x4 c:/program files (x86)/atmel/atmel toolchain/arm gcc/native/4.8.1443/arm-gnu-toolchain/bin/../lib/gcc/arm-none-eabi/4.8.4/armv7-m/crtbegin.o
 *(SORT(.fini_array.*))
                0x00083fcc                __fini_array_end = .
 *crtbegin.o(.dtors)
 *(EXCLUDE_FILE(*crtend.o) .dtors)
 *(SORT(.dtors.*))
 *crtend.o(.dtors)
                0x00083fcc                . = ALIGN (0x4)
                0x00083fcc                _efixed = .
                0x00083fcc                PROVIDE (__exidx_start, .)

.vfp11_veneer   0x00083fcc        0x0
 .vfp11_veneer  0x00000000        0x0 linker stubs

.v4_bx          0x00083fcc        0x0
 .v4_bx         0x00000000        0x0 linker stubs

.iplt           0x00083fcc        0x0
 .iplt          0x00000000        0x0 c:/program files (x86)/atmel/atmel toolchain/arm gcc/native/4.8.1443/arm-gnu-toolchain/bin/../lib/gcc/arm-none-eabi/4.8.4/armv7-m/crtbegin.o

.ARM.exidx      0x00083fcc        0x8
 *(.ARM.exidx* .gnu.linkonce.armexidx.*)
 .ARM.exidx     0x00083fcc        0x8 c:/program files (x86)/atmel/atmel toolchain/arm gcc/native/4.8.1443/arm-gnu-toolchain/bin/../lib/gcc/arm-none-eabi/4.8.4/armv7-m\libgcc.a(_divdi3.o)
 .ARM.exidx     0x00083fd4        0x0 c:/program files (x86)/atmel/atmel toolchain/arm gcc/native/4.8.1443/arm-gnu-toolchain/bin/../lib/gcc/arm-none-eabi/4.8.4/armv7-m\libgcc.a(_udivdi3.o)
                                  0x8 (size before relaxing)
                0x00083fd4                PROVIDE (__exidx_end, .)

.eh_frame       0x00083fd4        0x0
 .eh_frame      0x00083fd4        0x0 c:/program files (x86)/atmel/atmel toolchain/arm gcc/native/4.8.1443/arm-gnu-toolchain/bin/../lib/gcc/arm-none-eabi/4.8.4/armv7-m/crtbegin.o

.rel.dyn        0x00083fd4        0x0
 .rel.iplt      0x00000000        0x0 c:/program files (x86)/atmel/atmel toolchain/arm gcc/native/4.8.1443/arm-gnu-toolchain/bin/../lib/gcc/arm-none-eabi/4.8.4/armv7-m/crtbegin.o

.jcr            0x00083fd4        0x0
 .jcr           0x00083fd4        0x0 c:/program files (x86)/atmel/atmel toolchain/arm gcc/native/4.8.1443/arm-gnu-toolchain/bin/../lib/gcc/arm-none-eabi/4.8.4/armv7-m/crtbegin.o

.igot.plt       0x00083fd4        0x0
 .igot.plt      0x00000000        0x0 c:/program files (x86)/atmel/atmel toolchain/arm gcc/native/4.8.1443/arm-gnu-toolchain/bin/../lib/gcc/arm-none-eabi/4.8.4/armv7-m/crtbegin.o
                0x00083fd4                . = ALIGN (0x4)
                0x00083fd4                _etext = .

.relocate       0x20070000      0x99c load address 0x00083fd4
                0x20070000                . = ALIGN (0x4)
                0x20070000                _srelocate = .
 *(.ramfunc .ramfunc.*)
 .ramfunc       0x20070000      0x12c src/ASF/sam/utils/cmsis/sam3x/source/templates/system_sam3x.o
                0x20070000                SystemInit
                0x200700a4                system_init_flash
 *(.data .data.*)
 .data.kp       0x2007012c        0x2 main.o
                0x2007012c                kp
 .data.speed    0x2007012e        0x2 main.o
                0x2007012e                speed
 .data.g_interrupt_enabled
                0x20070130        0x1 src/ASF/common/utils/interrupt/interrupt_sam_nvic.o
                0x20070130                g_interrupt_enabled
 *fill*         0x20070131        0x3 
 .data.SystemCoreClock
                0x20070134        0x4 src/ASF/sam/utils/cmsis/sam3x/source/templates/system_sam3x.o
                0x20070134                SystemCoreClock
 .data.impure_data
                0x20070138      0x428 c:/program files (x86)/atmel/atmel toolchain/arm gcc/native/4.8.1443/arm-gnu-toolchain/bin/../lib/gcc/arm-none-eabi/4.8.4/../../../../arm-none-eabi/lib/armv7-m\libc.a(lib_a-impure.o)
 .data._impure_ptr
                0x20070560        0x4 c:/program files (x86)/atmel/atmel toolchain/arm gcc/native/4.8.1443/arm-gnu-toolchain/bin/../lib/gcc/arm-none-eabi/4.8.4/../../../../arm-none-eabi/lib/armv7-m\libc.a(lib_a-impure.o)
                0x20070560                _impure_ptr
 .data.lc_ctype_charset
                0x20070564       0x20 c:/program files (x86)/atmel/atmel toolchain/arm gcc/native/4.8.1443/arm-gnu-toolchain/bin/../lib/gcc/arm-none-eabi/4.8.4/../../../../arm-none-eabi/lib/armv7-m\libc.a(lib_a-locale.o)
 .data.__mb_cur_max
                0x20070584        0x4 c:/program files (x86)/atmel/atmel toolchain/arm gcc/native/4.8.1443/arm-gnu-toolchain/bin/../lib/gcc/arm-none-eabi/4.8.4/../../../../arm-none-eabi/lib/armv7-m\libc.a(lib_a-locale.o)
                0x20070584                __mb_cur_max
 .data.__malloc_av_
                0x20070588      0x408 c:/program files (x86)/atmel/atmel toolchain/arm gcc/native/4.8.1443/arm-gnu-toolchain/bin/../lib/gcc/arm-none-eabi/4.8.4/../../../../arm-none-eabi/lib/armv7-m\libc.a(lib_a-mallocr.o)
                0x20070588                __malloc_av_
 .data.__malloc_trim_threshold
                0x20070990        0x4 c:/program files (x86)/atmel/atmel toolchain/arm gcc/native/4.8.1443/arm-gnu-toolchain/bin/../lib/gcc/arm-none-eabi/4.8.4/../../../../arm-none-eabi/lib/armv7-m\libc.a(lib_a-mallocr.o)
                0x20070990                __malloc_trim_threshold
 .data.__malloc_sbrk_base
                0x20070994        0x4 c:/program files (x86)/atmel/atmel toolchain/arm gcc/native/4.8.1443/arm-gnu-toolchain/bin/../lib/gcc/arm-none-eabi/4.8.4/../../../../arm-none-eabi/lib/armv7-m\libc.a(lib_a-mallocr.o)
                0x20070994                __malloc_sbrk_base
 .data.__wctomb
                0x20070998        0x4 c:/program files (x86)/atmel/atmel toolchain/arm gcc/native/4.8.1443/arm-gnu-toolchain/bin/../lib/gcc/arm-none-eabi/4.8.4/../../../../arm-none-eabi/lib/armv7-m\libc.a(lib_a-wctomb_r.o)
                0x20070998                __wctomb
                0x2007099c                . = ALIGN (0x4)
                0x2007099c                _erelocate = .

.bss            0x2007099c      0x1dc load address 0x00084970
                0x2007099c                . = ALIGN (0x4)
                0x2007099c                _sbss = .
                0x2007099c                _szero = .
 *(.bss .bss.*)
 .bss           0x2007099c       0x1c c:/program files (x86)/atmel/atmel toolchain/arm gcc/native/4.8.1443/arm-gnu-toolchain/bin/../lib/gcc/arm-none-eabi/4.8.4/armv7-m/crtbegin.o
 .bss.s_value   0x200709b8        0x4 main.o
                0x200709b8                s_value
 .bss.m_value   0x200709bc        0x4 main.o
                0x200709bc                m_value
 .bss.e         0x200709c0        0x4 main.o
                0x200709c0                e
 .bss.setPoint  0x200709c4        0x4 main.o
                0x200709c4                setPoint
 .bss.serial_rx_buf
                0x200709c8       0x9c src/ASF/thirdparty/wireless/addons/sio2host/uart/sio2host.o
 .bss.serial_rx_buf_tail
                0x20070a64        0x1 src/ASF/thirdparty/wireless/addons/sio2host/uart/sio2host.o
 .bss.serial_rx_count
                0x20070a65        0x1 src/ASF/thirdparty/wireless/addons/sio2host/uart/sio2host.o
 .bss.counter_1
                0x20070a66        0x2 src/InterruptStepCounter.o
                0x20070a66                counter_1
 .bss.counter_2
                0x20070a68        0x2 src/InterruptStepCounter.o
                0x20070a68                counter_2
 *fill*         0x20070a6a        0x2 
 .bss.gs_ul_nb_sources
                0x20070a6c        0x4 src/ASF/sam/drivers/pio/pio_handler.o
 .bss.gs_interrupt_sources
                0x20070a70       0x70 src/ASF/sam/drivers/pio/pio_handler.o
 .bss.heap.5098
                0x20070ae0        0x4 src/ASF/sam/utils/syscalls/gcc/syscalls.o
 .bss.__malloc_max_total_mem
                0x20070ae4        0x4 c:/program files (x86)/atmel/atmel toolchain/arm gcc/native/4.8.1443/arm-gnu-toolchain/bin/../lib/gcc/arm-none-eabi/4.8.4/../../../../arm-none-eabi/lib/armv7-m\libc.a(lib_a-mallocr.o)
                0x20070ae4                __malloc_max_total_mem
 .bss.__malloc_max_sbrked_mem
                0x20070ae8        0x4 c:/program files (x86)/atmel/atmel toolchain/arm gcc/native/4.8.1443/arm-gnu-toolchain/bin/../lib/gcc/arm-none-eabi/4.8.4/../../../../arm-none-eabi/lib/armv7-m\libc.a(lib_a-mallocr.o)
                0x20070ae8                __malloc_max_sbrked_mem
 .bss.__malloc_top_pad
                0x20070aec        0x4 c:/program files (x86)/atmel/atmel toolchain/arm gcc/native/4.8.1443/arm-gnu-toolchain/bin/../lib/gcc/arm-none-eabi/4.8.4/../../../../arm-none-eabi/lib/armv7-m\libc.a(lib_a-mallocr.o)
                0x20070aec                __malloc_top_pad
 .bss.__malloc_current_mallinfo
                0x20070af0       0x28 c:/program files (x86)/atmel/atmel toolchain/arm gcc/native/4.8.1443/arm-gnu-toolchain/bin/../lib/gcc/arm-none-eabi/4.8.4/../../../../arm-none-eabi/lib/armv7-m\libc.a(lib_a-mallocr.o)
                0x20070af0                __malloc_current_mallinfo
 *(COMMON)
 COMMON         0x20070b18        0x4 src/ASF/common/utils/stdio/read.o
                0x20070b18                ptr_get
 COMMON         0x20070b1c        0x8 src/ASF/common/utils/stdio/write.o
                0x20070b1c                ptr_put
                0x20070b20                stdio_base
 COMMON         0x20070b24       0x50 src/PwmFunctions.o
                0x20070b24                PWM_pin_22
                0x20070b4c                PWM_pin_21
 COMMON         0x20070b74        0x4 c:/program files (x86)/atmel/atmel toolchain/arm gcc/native/4.8.1443/arm-gnu-toolchain/bin/../lib/gcc/arm-none-eabi/4.8.4/../../../../arm-none-eabi/lib/armv7-m\libc.a(lib_a-reent.o)
                0x20070b74                errno
                0x20070b78                . = ALIGN (0x4)
                0x20070b78                _ebss = .
                0x20070b78                _ezero = .

.stack          0x20070b78     0x2000 load address 0x00084b4c
                0x20070b78                . = ALIGN (0x8)
                0x20070b78                _sstack = .
                0x20072b78                . = (. + __stack_size__)
 *fill*         0x20070b78     0x2000 
                0x20072b78                . = ALIGN (0x8)
                0x20072b78                _estack = .
                0x20072b78                . = ALIGN (0x4)
                0x20072b78                _end = .
OUTPUT(PwmTest.elf elf32-littlearm)

.ARM.attributes
                0x00000000       0x29
 .ARM.attributes
                0x00000000       0x1d c:/program files (x86)/atmel/atmel toolchain/arm gcc/native/4.8.1443/arm-gnu-toolchain/bin/../lib/gcc/arm-none-eabi/4.8.4/armv7-m/crti.o
 .ARM.attributes
                0x0000001d       0x2d c:/program files (x86)/atmel/atmel toolchain/arm gcc/native/4.8.1443/arm-gnu-toolchain/bin/../lib/gcc/arm-none-eabi/4.8.4/armv7-m/crtbegin.o
 .ARM.attributes
                0x0000004a       0x33 main.o
 .ARM.attributes
                0x0000007d       0x33 src/ASF/common/services/serial/usart_serial.o
 .ARM.attributes
                0x000000b0       0x33 src/ASF/common/utils/stdio/read.o
 .ARM.attributes
                0x000000e3       0x33 src/ASF/common/utils/stdio/write.o
 .ARM.attributes
                0x00000116       0x33 src/ASF/sam/drivers/uart/uart.o
 .ARM.attributes
                0x00000149       0x33 src/ASF/sam/drivers/usart/usart.o
 .ARM.attributes
                0x0000017c       0x33 src/ASF/thirdparty/wireless/addons/sio2host/uart/sio2host.o
 .ARM.attributes
                0x000001af       0x33 src/ConsoleFunctions.o
 .ARM.attributes
                0x000001e2       0x33 src/InterruptStepCounter.o
 .ARM.attributes
                0x00000215       0x33 src/PwmFunctions.o
 .ARM.attributes
                0x00000248       0x33 src/ASF/common/utils/interrupt/interrupt_sam_nvic.o
 .ARM.attributes
                0x0000027b       0x33 src/ASF/sam/boards/arduino_due_x/init.o
 .ARM.attributes
                0x000002ae       0x33 src/ASF/sam/drivers/pio/pio.o
 .ARM.attributes
                0x000002e1       0x33 src/ASF/sam/drivers/pio/pio_handler.o
 .ARM.attributes
                0x00000314       0x33 src/ASF/sam/drivers/pmc/pmc.o
 .ARM.attributes
                0x00000347       0x33 src/ASF/sam/drivers/pwm/pwm.o
 .ARM.attributes
                0x0000037a       0x33 src/ASF/sam/utils/cmsis/sam3x/source/templates/exceptions.o
 .ARM.attributes
                0x000003ad       0x33 src/ASF/sam/utils/cmsis/sam3x/source/templates/gcc/startup_sam3x.o
 .ARM.attributes
                0x000003e0       0x33 src/ASF/sam/utils/cmsis/sam3x/source/templates/system_sam3x.o
 .ARM.attributes
                0x00000413       0x33 src/ASF/sam/utils/syscalls/gcc/syscalls.o
 .ARM.attributes
                0x00000446       0x2d c:/program files (x86)/atmel/atmel toolchain/arm gcc/native/4.8.1443/arm-gnu-toolchain/bin/../lib/gcc/arm-none-eabi/4.8.4/../../../../arm-none-eabi/lib/armv7-m\libc.a(lib_a-impure.o)
 .ARM.attributes
                0x00000473       0x2d c:/program files (x86)/atmel/atmel toolchain/arm gcc/native/4.8.1443/arm-gnu-toolchain/bin/../lib/gcc/arm-none-eabi/4.8.4/../../../../arm-none-eabi/lib/armv7-m\libc.a(lib_a-init.o)
 .ARM.attributes
                0x000004a0       0x2d c:/program files (x86)/atmel/atmel toolchain/arm gcc/native/4.8.1443/arm-gnu-toolchain/bin/../lib/gcc/arm-none-eabi/4.8.4/../../../../arm-none-eabi/lib/armv7-m\libc.a(lib_a-iprintf.o)
 .ARM.attributes
                0x000004cd       0x2d c:/program files (x86)/atmel/atmel toolchain/arm gcc/native/4.8.1443/arm-gnu-toolchain/bin/../lib/gcc/arm-none-eabi/4.8.4/../../../../arm-none-eabi/lib/armv7-m\libc.a(lib_a-memset.o)
 .ARM.attributes
                0x000004fa       0x2d c:/program files (x86)/atmel/atmel toolchain/arm gcc/native/4.8.1443/arm-gnu-toolchain/bin/../lib/gcc/arm-none-eabi/4.8.4/../../../../arm-none-eabi/lib/armv7-m\libc.a(lib_a-setbuf.o)
 .ARM.attributes
                0x00000527       0x2d c:/program files (x86)/atmel/atmel toolchain/arm gcc/native/4.8.1443/arm-gnu-toolchain/bin/../lib/gcc/arm-none-eabi/4.8.4/../../../../arm-none-eabi/lib/armv7-m\libc.a(lib_a-setvbuf.o)
 .ARM.attributes
                0x00000554       0x2d c:/program files (x86)/atmel/atmel toolchain/arm gcc/native/4.8.1443/arm-gnu-toolchain/bin/../lib/gcc/arm-none-eabi/4.8.4/../../../../arm-none-eabi/lib/armv7-m\libc.a(lib_a-strlen.o)
 .ARM.attributes
                0x00000581       0x2d c:/program files (x86)/atmel/atmel toolchain/arm gcc/native/4.8.1443/arm-gnu-toolchain/bin/../lib/gcc/arm-none-eabi/4.8.4/../../../../arm-none-eabi/lib/armv7-m\libc.a(lib_a-vfiprintf.o)
 .ARM.attributes
                0x000005ae       0x2d c:/program files (x86)/atmel/atmel toolchain/arm gcc/native/4.8.1443/arm-gnu-toolchain/bin/../lib/gcc/arm-none-eabi/4.8.4/../../../../arm-none-eabi/lib/armv7-m\libc.a(lib_a-wsetup.o)
 .ARM.attributes
                0x000005db       0x2d c:/program files (x86)/atmel/atmel toolchain/arm gcc/native/4.8.1443/arm-gnu-toolchain/bin/../lib/gcc/arm-none-eabi/4.8.4/../../../../arm-none-eabi/lib/armv7-m\libc.a(lib_a-__call_atexit.o)
 .ARM.attributes
                0x00000608       0x2d c:/program files (x86)/atmel/atmel toolchain/arm gcc/native/4.8.1443/arm-gnu-toolchain/bin/../lib/gcc/arm-none-eabi/4.8.4/../../../../arm-none-eabi/lib/armv7-m\libc.a(lib_a-atexit.o)
 .ARM.attributes
                0x00000635       0x2d c:/program files (x86)/atmel/atmel toolchain/arm gcc/native/4.8.1443/arm-gnu-toolchain/bin/../lib/gcc/arm-none-eabi/4.8.4/../../../../arm-none-eabi/lib/armv7-m\libc.a(lib_a-fflush.o)
 .ARM.attributes
                0x00000662       0x2d c:/program files (x86)/atmel/atmel toolchain/arm gcc/native/4.8.1443/arm-gnu-toolchain/bin/../lib/gcc/arm-none-eabi/4.8.4/../../../../arm-none-eabi/lib/armv7-m\libc.a(lib_a-findfp.o)
 .ARM.attributes
                0x0000068f       0x2d c:/program files (x86)/atmel/atmel toolchain/arm gcc/native/4.8.1443/arm-gnu-toolchain/bin/../lib/gcc/arm-none-eabi/4.8.4/../../../../arm-none-eabi/lib/armv7-m\libc.a(lib_a-fini.o)
 .ARM.attributes
                0x000006bc       0x2d c:/program files (x86)/atmel/atmel toolchain/arm gcc/native/4.8.1443/arm-gnu-toolchain/bin/../lib/gcc/arm-none-eabi/4.8.4/../../../../arm-none-eabi/lib/armv7-m\libc.a(lib_a-fputwc.o)
 .ARM.attributes
                0x000006e9       0x2d c:/program files (x86)/atmel/atmel toolchain/arm gcc/native/4.8.1443/arm-gnu-toolchain/bin/../lib/gcc/arm-none-eabi/4.8.4/../../../../arm-none-eabi/lib/armv7-m\libc.a(lib_a-freer.o)
 .ARM.attributes
                0x00000716       0x2d c:/program files (x86)/atmel/atmel toolchain/arm gcc/native/4.8.1443/arm-gnu-toolchain/bin/../lib/gcc/arm-none-eabi/4.8.4/../../../../arm-none-eabi/lib/armv7-m\libc.a(lib_a-fvwrite.o)
 .ARM.attributes
                0x00000743       0x2d c:/program files (x86)/atmel/atmel toolchain/arm gcc/native/4.8.1443/arm-gnu-toolchain/bin/../lib/gcc/arm-none-eabi/4.8.4/../../../../arm-none-eabi/lib/armv7-m\libc.a(lib_a-fwalk.o)
 .ARM.attributes
                0x00000770       0x2d c:/program files (x86)/atmel/atmel toolchain/arm gcc/native/4.8.1443/arm-gnu-toolchain/bin/../lib/gcc/arm-none-eabi/4.8.4/../../../../arm-none-eabi/lib/armv7-m\libc.a(lib_a-locale.o)
 .ARM.attributes
                0x0000079d       0x2d c:/program files (x86)/atmel/atmel toolchain/arm gcc/native/4.8.1443/arm-gnu-toolchain/bin/../lib/gcc/arm-none-eabi/4.8.4/../../../../arm-none-eabi/lib/armv7-m\libc.a(lib_a-makebuf.o)
 .ARM.attributes
                0x000007ca       0x2d c:/program files (x86)/atmel/atmel toolchain/arm gcc/native/4.8.1443/arm-gnu-toolchain/bin/../lib/gcc/arm-none-eabi/4.8.4/../../../../arm-none-eabi/lib/armv7-m\libc.a(lib_a-malloc.o)
 .ARM.attributes
                0x000007f7       0x2d c:/program files (x86)/atmel/atmel toolchain/arm gcc/native/4.8.1443/arm-gnu-toolchain/bin/../lib/gcc/arm-none-eabi/4.8.4/../../../../arm-none-eabi/lib/armv7-m\libc.a(lib_a-mallocr.o)
 .ARM.attributes
                0x00000824       0x2d c:/program files (x86)/atmel/atmel toolchain/arm gcc/native/4.8.1443/arm-gnu-toolchain/bin/../lib/gcc/arm-none-eabi/4.8.4/../../../../arm-none-eabi/lib/armv7-m\libc.a(lib_a-memchr-stub.o)
 .ARM.attributes
                0x00000851       0x1b c:/program files (x86)/atmel/atmel toolchain/arm gcc/native/4.8.1443/arm-gnu-toolchain/bin/../lib/gcc/arm-none-eabi/4.8.4/../../../../arm-none-eabi/lib/armv7-m\libc.a(lib_a-memcpy.o)
 .ARM.attributes
                0x0000086c       0x2d c:/program files (x86)/atmel/atmel toolchain/arm gcc/native/4.8.1443/arm-gnu-toolchain/bin/../lib/gcc/arm-none-eabi/4.8.4/../../../../arm-none-eabi/lib/armv7-m\libc.a(lib_a-memmove.o)
 .ARM.attributes
                0x00000899       0x2d c:/program files (x86)/atmel/atmel toolchain/arm gcc/native/4.8.1443/arm-gnu-toolchain/bin/../lib/gcc/arm-none-eabi/4.8.4/../../../../arm-none-eabi/lib/armv7-m\libc.a(lib_a-mlock.o)
 .ARM.attributes
                0x000008c6       0x2d c:/program files (x86)/atmel/atmel toolchain/arm gcc/native/4.8.1443/arm-gnu-toolchain/bin/../lib/gcc/arm-none-eabi/4.8.4/../../../../arm-none-eabi/lib/armv7-m\libc.a(lib_a-reallocr.o)
 .ARM.attributes
                0x000008f3       0x2d c:/program files (x86)/atmel/atmel toolchain/arm gcc/native/4.8.1443/arm-gnu-toolchain/bin/../lib/gcc/arm-none-eabi/4.8.4/../../../../arm-none-eabi/lib/armv7-m\libc.a(lib_a-sbrkr.o)
 .ARM.attributes
                0x00000920       0x2d c:/program files (x86)/atmel/atmel toolchain/arm gcc/native/4.8.1443/arm-gnu-toolchain/bin/../lib/gcc/arm-none-eabi/4.8.4/../../../../arm-none-eabi/lib/armv7-m\libc.a(lib_a-stdio.o)
 .ARM.attributes
                0x0000094d       0x2d c:/program files (x86)/atmel/atmel toolchain/arm gcc/native/4.8.1443/arm-gnu-toolchain/bin/../lib/gcc/arm-none-eabi/4.8.4/../../../../arm-none-eabi/lib/armv7-m\libc.a(lib_a-wbuf.o)
 .ARM.attributes
                0x0000097a       0x2d c:/program files (x86)/atmel/atmel toolchain/arm gcc/native/4.8.1443/arm-gnu-toolchain/bin/../lib/gcc/arm-none-eabi/4.8.4/../../../../arm-none-eabi/lib/armv7-m\libc.a(lib_a-wcrtomb.o)
 .ARM.attributes
                0x000009a7       0x2d c:/program files (x86)/atmel/atmel toolchain/arm gcc/native/4.8.1443/arm-gnu-toolchain/bin/../lib/gcc/arm-none-eabi/4.8.4/../../../../arm-none-eabi/lib/armv7-m\libc.a(lib_a-wctomb_r.o)
 .ARM.attributes
                0x000009d4       0x2d c:/program files (x86)/atmel/atmel toolchain/arm gcc/native/4.8.1443/arm-gnu-toolchain/bin/../lib/gcc/arm-none-eabi/4.8.4/../../../../arm-none-eabi/lib/armv7-m\libc.a(lib_a-writer.o)
 .ARM.attributes
                0x00000a01       0x2d c:/program files (x86)/atmel/atmel toolchain/arm gcc/native/4.8.1443/arm-gnu-toolchain/bin/../lib/gcc/arm-none-eabi/4.8.4/../../../../arm-none-eabi/lib/armv7-m\libc.a(lib_a-__atexit.o)
 .ARM.attributes
                0x00000a2e       0x2d c:/program files (x86)/atmel/atmel toolchain/arm gcc/native/4.8.1443/arm-gnu-toolchain/bin/../lib/gcc/arm-none-eabi/4.8.4/../../../../arm-none-eabi/lib/armv7-m\libc.a(lib_a-closer.o)
 .ARM.attributes
                0x00000a5b       0x2d c:/program files (x86)/atmel/atmel toolchain/arm gcc/native/4.8.1443/arm-gnu-toolchain/bin/../lib/gcc/arm-none-eabi/4.8.4/../../../../arm-none-eabi/lib/armv7-m\libc.a(lib_a-fclose.o)
 .ARM.attributes
                0x00000a88       0x2d c:/program files (x86)/atmel/atmel toolchain/arm gcc/native/4.8.1443/arm-gnu-toolchain/bin/../lib/gcc/arm-none-eabi/4.8.4/../../../../arm-none-eabi/lib/armv7-m\libc.a(lib_a-fstatr.o)
 .ARM.attributes
                0x00000ab5       0x2d c:/program files (x86)/atmel/atmel toolchain/arm gcc/native/4.8.1443/arm-gnu-toolchain/bin/../lib/gcc/arm-none-eabi/4.8.4/../../../../arm-none-eabi/lib/armv7-m\libc.a(lib_a-isattyr.o)
 .ARM.attributes
                0x00000ae2       0x2d c:/program files (x86)/atmel/atmel toolchain/arm gcc/native/4.8.1443/arm-gnu-toolchain/bin/../lib/gcc/arm-none-eabi/4.8.4/../../../../arm-none-eabi/lib/armv7-m\libc.a(lib_a-lseekr.o)
 .ARM.attributes
                0x00000b0f       0x2d c:/program files (x86)/atmel/atmel toolchain/arm gcc/native/4.8.1443/arm-gnu-toolchain/bin/../lib/gcc/arm-none-eabi/4.8.4/../../../../arm-none-eabi/lib/armv7-m\libc.a(lib_a-readr.o)
 .ARM.attributes
                0x00000b3c       0x2d c:/program files (x86)/atmel/atmel toolchain/arm gcc/native/4.8.1443/arm-gnu-toolchain/bin/../lib/gcc/arm-none-eabi/4.8.4/../../../../arm-none-eabi/lib/armv7-m\libc.a(lib_a-reent.o)
 .ARM.attributes
                0x00000b69       0x1d c:/program files (x86)/atmel/atmel toolchain/arm gcc/native/4.8.1443/arm-gnu-toolchain/bin/../lib/gcc/arm-none-eabi/4.8.4/armv7-m\libgcc.a(_aeabi_uldivmod.o)
 .ARM.attributes
                0x00000b86       0x2d c:/program files (x86)/atmel/atmel toolchain/arm gcc/native/4.8.1443/arm-gnu-toolchain/bin/../lib/gcc/arm-none-eabi/4.8.4/armv7-m\libgcc.a(bpabi.o)
 .ARM.attributes
                0x00000bb3       0x1d c:/program files (x86)/atmel/atmel toolchain/arm gcc/native/4.8.1443/arm-gnu-toolchain/bin/../lib/gcc/arm-none-eabi/4.8.4/armv7-m\libgcc.a(_dvmd_tls.o)
 .ARM.attributes
                0x00000bd0       0x2d c:/program files (x86)/atmel/atmel toolchain/arm gcc/native/4.8.1443/arm-gnu-toolchain/bin/../lib/gcc/arm-none-eabi/4.8.4/armv7-m\libgcc.a(_divdi3.o)
 .ARM.attributes
                0x00000bfd       0x2d c:/program files (x86)/atmel/atmel toolchain/arm gcc/native/4.8.1443/arm-gnu-toolchain/bin/../lib/gcc/arm-none-eabi/4.8.4/armv7-m\libgcc.a(_udivdi3.o)
 .ARM.attributes
                0x00000c2a       0x1d c:/program files (x86)/atmel/atmel toolchain/arm gcc/native/4.8.1443/arm-gnu-toolchain/bin/../lib/gcc/arm-none-eabi/4.8.4/armv7-m/crtn.o

.comment        0x00000000       0x5b
 .comment       0x00000000       0x5b main.o
                                 0x5c (size before relaxing)
 .comment       0x00000000       0x5c src/ASF/common/services/serial/usart_serial.o
 .comment       0x00000000       0x5c src/ASF/common/utils/stdio/read.o
 .comment       0x00000000       0x5c src/ASF/common/utils/stdio/write.o
 .comment       0x00000000       0x5c src/ASF/sam/drivers/uart/uart.o
 .comment       0x00000000       0x5c src/ASF/sam/drivers/usart/usart.o
 .comment       0x00000000       0x5c src/ASF/thirdparty/wireless/addons/sio2host/uart/sio2host.o
 .comment       0x00000000       0x5c src/ConsoleFunctions.o
 .comment       0x00000000       0x5c src/InterruptStepCounter.o
 .comment       0x00000000       0x5c src/PwmFunctions.o
 .comment       0x00000000       0x5c src/ASF/common/utils/interrupt/interrupt_sam_nvic.o
 .comment       0x00000000       0x5c src/ASF/sam/boards/arduino_due_x/init.o
 .comment       0x00000000       0x5c src/ASF/sam/drivers/pio/pio.o
 .comment       0x00000000       0x5c src/ASF/sam/drivers/pio/pio_handler.o
 .comment       0x00000000       0x5c src/ASF/sam/drivers/pmc/pmc.o
 .comment       0x00000000       0x5c src/ASF/sam/drivers/pwm/pwm.o
 .comment       0x00000000       0x5c src/ASF/sam/utils/cmsis/sam3x/source/templates/exceptions.o
 .comment       0x00000000       0x5c src/ASF/sam/utils/cmsis/sam3x/source/templates/gcc/startup_sam3x.o
 .comment       0x00000000       0x5c src/ASF/sam/utils/cmsis/sam3x/source/templates/system_sam3x.o
 .comment       0x00000000       0x5c src/ASF/sam/utils/syscalls/gcc/syscalls.o

.debug_info     0x00000000     0xec3b
 .debug_info    0x00000000      0xb7c main.o
 .debug_info    0x00000b7c      0x7c5 src/ASF/common/services/serial/usart_serial.o
 .debug_info    0x00001341      0x1bb src/ASF/common/utils/stdio/read.o
 .debug_info    0x000014fc      0x1c0 src/ASF/common/utils/stdio/write.o
 .debug_info    0x000016bc      0x889 src/ASF/sam/drivers/uart/uart.o
 .debug_info    0x00001f45     0x1bfa src/ASF/sam/drivers/usart/usart.o
 .debug_info    0x00003b3f     0x187b src/ASF/thirdparty/wireless/addons/sio2host/uart/sio2host.o
 .debug_info    0x000053ba     0x129e src/ConsoleFunctions.o
 .debug_info    0x00006658     0x131a src/InterruptStepCounter.o
 .debug_info    0x00007972     0x13d6 src/PwmFunctions.o
 .debug_info    0x00008d48      0x1e8 src/ASF/common/utils/interrupt/interrupt_sam_nvic.o
 .debug_info    0x00008f30      0x75a src/ASF/sam/boards/arduino_due_x/init.o
 .debug_info    0x0000968a     0x1385 src/ASF/sam/drivers/pio/pio.o
 .debug_info    0x0000aa0f      0xe52 src/ASF/sam/drivers/pio/pio_handler.o
 .debug_info    0x0000b861     0x1080 src/ASF/sam/drivers/pmc/pmc.o
 .debug_info    0x0000c8e1     0x1574 src/ASF/sam/drivers/pwm/pwm.o
 .debug_info    0x0000de55      0x124 src/ASF/sam/utils/cmsis/sam3x/source/templates/exceptions.o
 .debug_info    0x0000df79      0x3bd src/ASF/sam/utils/cmsis/sam3x/source/templates/gcc/startup_sam3x.o
 .debug_info    0x0000e336      0x4c6 src/ASF/sam/utils/cmsis/sam3x/source/templates/system_sam3x.o
 .debug_info    0x0000e7fc      0x43f src/ASF/sam/utils/syscalls/gcc/syscalls.o

.debug_abbrev   0x00000000     0x266c
 .debug_abbrev  0x00000000      0x200 main.o
 .debug_abbrev  0x00000200      0x1a8 src/ASF/common/services/serial/usart_serial.o
 .debug_abbrev  0x000003a8      0x101 src/ASF/common/utils/stdio/read.o
 .debug_abbrev  0x000004a9       0xf5 src/ASF/common/utils/stdio/write.o
 .debug_abbrev  0x0000059e      0x1bd src/ASF/sam/drivers/uart/uart.o
 .debug_abbrev  0x0000075b      0x2dc src/ASF/sam/drivers/usart/usart.o
 .debug_abbrev  0x00000a37      0x3cb src/ASF/thirdparty/wireless/addons/sio2host/uart/sio2host.o
 .debug_abbrev  0x00000e02      0x341 src/ConsoleFunctions.o
 .debug_abbrev  0x00001143      0x282 src/InterruptStepCounter.o
 .debug_abbrev  0x000013c5      0x27d src/PwmFunctions.o
 .debug_abbrev  0x00001642       0xef src/ASF/common/utils/interrupt/interrupt_sam_nvic.o
 .debug_abbrev  0x00001731      0x16f src/ASF/sam/boards/arduino_due_x/init.o
 .debug_abbrev  0x000018a0      0x2d5 src/ASF/sam/drivers/pio/pio.o
 .debug_abbrev  0x00001b75      0x257 src/ASF/sam/drivers/pio/pio_handler.o
 .debug_abbrev  0x00001dcc      0x268 src/ASF/sam/drivers/pmc/pmc.o
 .debug_abbrev  0x00002034      0x231 src/ASF/sam/drivers/pwm/pwm.o
 .debug_abbrev  0x00002265       0x8c src/ASF/sam/utils/cmsis/sam3x/source/templates/exceptions.o
 .debug_abbrev  0x000022f1      0x118 src/ASF/sam/utils/cmsis/sam3x/source/templates/gcc/startup_sam3x.o
 .debug_abbrev  0x00002409      0x115 src/ASF/sam/utils/cmsis/sam3x/source/templates/system_sam3x.o
 .debug_abbrev  0x0000251e      0x14e src/ASF/sam/utils/syscalls/gcc/syscalls.o

.debug_loc      0x00000000     0x4e8e
 .debug_loc     0x00000000       0x20 main.o
 .debug_loc     0x00000020      0x2d1 src/ASF/common/services/serial/usart_serial.o
 .debug_loc     0x000002f1       0xc5 src/ASF/common/utils/stdio/read.o
 .debug_loc     0x000003b6      0x161 src/ASF/common/utils/stdio/write.o
 .debug_loc     0x00000517      0x236 src/ASF/sam/drivers/uart/uart.o
 .debug_loc     0x0000074d     0x128d src/ASF/sam/drivers/usart/usart.o
 .debug_loc     0x000019da      0x4cd src/ASF/thirdparty/wireless/addons/sio2host/uart/sio2host.o
 .debug_loc     0x00001ea7      0x28b src/ConsoleFunctions.o
 .debug_loc     0x00002132       0xf0 src/InterruptStepCounter.o
 .debug_loc     0x00002222       0xe8 src/PwmFunctions.o
 .debug_loc     0x0000230a       0x1e src/ASF/common/utils/interrupt/interrupt_sam_nvic.o
 .debug_loc     0x00002328       0x20 src/ASF/sam/boards/arduino_due_x/init.o
 .debug_loc     0x00002348      0xa83 src/ASF/sam/drivers/pio/pio.o
 .debug_loc     0x00002dcb      0x53d src/ASF/sam/drivers/pio/pio_handler.o
 .debug_loc     0x00003308      0xc95 src/ASF/sam/drivers/pmc/pmc.o
 .debug_loc     0x00003f9d      0xd48 src/ASF/sam/drivers/pwm/pwm.o
 .debug_loc     0x00004ce5       0x7e src/ASF/sam/utils/cmsis/sam3x/source/templates/gcc/startup_sam3x.o
 .debug_loc     0x00004d63      0x12b src/ASF/sam/utils/syscalls/gcc/syscalls.o

.debug_aranges  0x00000000      0xb28
 .debug_aranges
                0x00000000       0x20 main.o
 .debug_aranges
                0x00000020       0x28 src/ASF/common/services/serial/usart_serial.o
 .debug_aranges
                0x00000048       0x20 src/ASF/common/utils/stdio/read.o
 .debug_aranges
                0x00000068       0x20 src/ASF/common/utils/stdio/write.o
 .debug_aranges
                0x00000088       0xe8 src/ASF/sam/drivers/uart/uart.o
 .debug_aranges
                0x00000170      0x2a8 src/ASF/sam/drivers/usart/usart.o
 .debug_aranges
                0x00000418       0x60 src/ASF/thirdparty/wireless/addons/sio2host/uart/sio2host.o
 .debug_aranges
                0x00000478       0x30 src/ConsoleFunctions.o
 .debug_aranges
                0x000004a8       0x30 src/InterruptStepCounter.o
 .debug_aranges
                0x000004d8       0x40 src/PwmFunctions.o
 .debug_aranges
                0x00000518       0x28 src/ASF/common/utils/interrupt/interrupt_sam_nvic.o
 .debug_aranges
                0x00000540       0x20 src/ASF/sam/boards/arduino_due_x/init.o
 .debug_aranges
                0x00000560      0x148 src/ASF/sam/drivers/pio/pio.o
 .debug_aranges
                0x000006a8       0x58 src/ASF/sam/drivers/pio/pio_handler.o
 .debug_aranges
                0x00000700      0x200 src/ASF/sam/drivers/pmc/pmc.o
 .debug_aranges
                0x00000900      0x158 src/ASF/sam/drivers/pwm/pwm.o
 .debug_aranges
                0x00000a58       0x20 src/ASF/sam/utils/cmsis/sam3x/source/templates/exceptions.o
 .debug_aranges
                0x00000a78       0x20 src/ASF/sam/utils/cmsis/sam3x/source/templates/gcc/startup_sam3x.o
 .debug_aranges
                0x00000a98       0x30 src/ASF/sam/utils/cmsis/sam3x/source/templates/system_sam3x.o
 .debug_aranges
                0x00000ac8       0x60 src/ASF/sam/utils/syscalls/gcc/syscalls.o

.debug_ranges   0x00000000      0xa00
 .debug_ranges  0x00000000       0x10 main.o
 .debug_ranges  0x00000010       0x30 src/ASF/common/services/serial/usart_serial.o
 .debug_ranges  0x00000040       0x10 src/ASF/common/utils/stdio/read.o
 .debug_ranges  0x00000050       0x10 src/ASF/common/utils/stdio/write.o
 .debug_ranges  0x00000060       0xd8 src/ASF/sam/drivers/uart/uart.o
 .debug_ranges  0x00000138      0x298 src/ASF/sam/drivers/usart/usart.o
 .debug_ranges  0x000003d0       0x50 src/ASF/thirdparty/wireless/addons/sio2host/uart/sio2host.o
 .debug_ranges  0x00000420       0x20 src/ConsoleFunctions.o
 .debug_ranges  0x00000440       0x20 src/InterruptStepCounter.o
 .debug_ranges  0x00000460       0x30 src/PwmFunctions.o
 .debug_ranges  0x00000490       0x18 src/ASF/common/utils/interrupt/interrupt_sam_nvic.o
 .debug_ranges  0x000004a8       0x10 src/ASF/sam/boards/arduino_due_x/init.o
 .debug_ranges  0x000004b8      0x138 src/ASF/sam/drivers/pio/pio.o
 .debug_ranges  0x000005f0       0x48 src/ASF/sam/drivers/pio/pio_handler.o
 .debug_ranges  0x00000638      0x1f0 src/ASF/sam/drivers/pmc/pmc.o
 .debug_ranges  0x00000828      0x148 src/ASF/sam/drivers/pwm/pwm.o
 .debug_ranges  0x00000970       0x10 src/ASF/sam/utils/cmsis/sam3x/source/templates/exceptions.o
 .debug_ranges  0x00000980       0x10 src/ASF/sam/utils/cmsis/sam3x/source/templates/gcc/startup_sam3x.o
 .debug_ranges  0x00000990       0x20 src/ASF/sam/utils/cmsis/sam3x/source/templates/system_sam3x.o
 .debug_ranges  0x000009b0       0x50 src/ASF/sam/utils/syscalls/gcc/syscalls.o

.debug_macro    0x00000000    0x185fd
 .debug_macro   0x00000000      0x610 main.o
 .debug_macro   0x00000610      0x874 main.o
 .debug_macro   0x00000e84      0x166 main.o
 .debug_macro   0x00000fea      0x4d1 main.o
 .debug_macro   0x000014bb       0x76 main.o
 .debug_macro   0x00001531       0x16 main.o
 .debug_macro   0x00001547      0x6e4 main.o
 .debug_macro   0x00001c2b       0x16 main.o
 .debug_macro   0x00001c41       0x44 main.o
 .debug_macro   0x00001c85      0x209 main.o
 .debug_macro   0x00001e8e       0x20 main.o
 .debug_macro   0x00001eae       0x3a main.o
 .debug_macro   0x00001ee8       0x18 main.o
 .debug_macro   0x00001f00      0xb09 main.o
 .debug_macro   0x00002a09      0xab6 main.o
 .debug_macro   0x000034bf      0x569 main.o
 .debug_macro   0x00003a28      0x2b5 main.o
 .debug_macro   0x00003cdd      0x31a main.o
 .debug_macro   0x00003ff7      0x74f main.o
 .debug_macro   0x00004746       0x82 main.o
 .debug_macro   0x000047c8      0x57b main.o
 .debug_macro   0x00004d43       0x1c main.o
 .debug_macro   0x00004d5f      0x6b7 main.o
 .debug_macro   0x00005416      0x52d main.o
 .debug_macro   0x00005943       0xbe main.o
 .debug_macro   0x00005a01     0x2342 main.o
 .debug_macro   0x00007d43      0x85d main.o
 .debug_macro   0x000085a0      0xdc9 main.o
 .debug_macro   0x00009369       0x7c main.o
 .debug_macro   0x000093e5      0x263 main.o
 .debug_macro   0x00009648       0x58 main.o
 .debug_macro   0x000096a0      0x9a7 main.o
 .debug_macro   0x0000a047      0x248 main.o
 .debug_macro   0x0000a28f      0x4df main.o
 .debug_macro   0x0000a76e      0x6b3 main.o
 .debug_macro   0x0000ae21      0x59f main.o
 .debug_macro   0x0000b3c0       0x46 main.o
 .debug_macro   0x0000b406      0x34d main.o
 .debug_macro   0x0000b753      0x28c main.o
 .debug_macro   0x0000b9df     0x14d7 main.o
 .debug_macro   0x0000ceb6      0x7ba main.o
 .debug_macro   0x0000d670       0x76 main.o
 .debug_macro   0x0000d6e6       0x82 main.o
 .debug_macro   0x0000d768       0x76 main.o
 .debug_macro   0x0000d7de       0x4c main.o
 .debug_macro   0x0000d82a      0x105 main.o
 .debug_macro   0x0000d92f      0x105 main.o
 .debug_macro   0x0000da34      0x105 main.o
 .debug_macro   0x0000db39       0x88 main.o
 .debug_macro   0x0000dbc1       0x88 main.o
 .debug_macro   0x0000dc49      0x3b4 main.o
 .debug_macro   0x0000dffd       0xb8 main.o
 .debug_macro   0x0000e0b5       0xb8 main.o
 .debug_macro   0x0000e16d       0xb8 main.o
 .debug_macro   0x0000e225       0xb8 main.o
 .debug_macro   0x0000e2dd      0x2b8 main.o
 .debug_macro   0x0000e595      0x125 main.o
 .debug_macro   0x0000e6ba      0x225 main.o
 .debug_macro   0x0000e8df      0x225 main.o
 .debug_macro   0x0000eb04       0x2e main.o
 .debug_macro   0x0000eb32       0xac main.o
 .debug_macro   0x0000ebde      0x14d main.o
 .debug_macro   0x0000ed2b       0x7c main.o
 .debug_macro   0x0000eda7      0x205 main.o
 .debug_macro   0x0000efac       0x64 main.o
 .debug_macro   0x0000f010       0xa6 main.o
 .debug_macro   0x0000f0b6       0x7c main.o
 .debug_macro   0x0000f132       0x16 main.o
 .debug_macro   0x0000f148       0x22 main.o
 .debug_macro   0x0000f16a       0x22 main.o
 .debug_macro   0x0000f18c      0x115 main.o
 .debug_macro   0x0000f2a1      0x115 main.o
 .debug_macro   0x0000f3b6      0x115 main.o
 .debug_macro   0x0000f4cb      0x115 main.o
 .debug_macro   0x0000f5e0       0x1c main.o
 .debug_macro   0x0000f5fc       0x2e main.o
 .debug_macro   0x0000f62a       0x22 main.o
 .debug_macro   0x0000f64c       0x1c main.o
 .debug_macro   0x0000f668       0x58 main.o
 .debug_macro   0x0000f6c0       0x10 main.o
 .debug_macro   0x0000f6d0      0x273 main.o
 .debug_macro   0x0000f943      0xd43 main.o
 .debug_macro   0x00010686      0x131 main.o
 .debug_macro   0x000107b7       0x58 main.o
 .debug_macro   0x0001080f       0x35 main.o
 .debug_macro   0x00010844       0xa3 main.o
 .debug_macro   0x000108e7       0x16 main.o
 .debug_macro   0x000108fd       0x35 main.o
 .debug_macro   0x00010932       0x10 main.o
 .debug_macro   0x00010942       0x52 main.o
 .debug_macro   0x00010994       0x16 main.o
 .debug_macro   0x000109aa       0x43 main.o
 .debug_macro   0x000109ed      0x180 main.o
 .debug_macro   0x00010b6d       0x10 main.o
 .debug_macro   0x00010b7d       0x22 main.o
 .debug_macro   0x00010b9f       0xbd main.o
 .debug_macro   0x00010c5c       0x16 main.o
 .debug_macro   0x00010c72      0x16c main.o
 .debug_macro   0x00010dde       0x22 main.o
 .debug_macro   0x00010e00       0x16 main.o
 .debug_macro   0x00010e16       0x16 main.o
 .debug_macro   0x00010e2c       0x29 main.o
 .debug_macro   0x00010e55       0x6e main.o
 .debug_macro   0x00010ec3       0x45 main.o
 .debug_macro   0x00010f08      0x3c3 main.o
 .debug_macro   0x000112cb       0x1c main.o
 .debug_macro   0x000112e7       0x34 main.o
 .debug_macro   0x0001131b      0x248 main.o
 .debug_macro   0x00011563      0x790 main.o
 .debug_macro   0x00011cf3       0x5e main.o
 .debug_macro   0x00011d51       0x64 main.o
 .debug_macro   0x00011db5       0x5f main.o
 .debug_macro   0x00011e14       0x90 main.o
 .debug_macro   0x00011ea4       0x28 main.o
 .debug_macro   0x00011ecc       0x23 main.o
 .debug_macro   0x00011eef       0x94 main.o
 .debug_macro   0x00011f83       0x40 main.o
 .debug_macro   0x00011fc3       0x70 main.o
 .debug_macro   0x00012033       0x34 main.o
 .debug_macro   0x00012067       0x10 main.o
 .debug_macro   0x00012077       0x1c main.o
 .debug_macro   0x00012093       0x2e main.o
 .debug_macro   0x000120c1       0x1c main.o
 .debug_macro   0x000120dd      0x55a src/ASF/common/services/serial/usart_serial.o
 .debug_macro   0x00012637      0x4a7 src/ASF/common/utils/stdio/read.o
 .debug_macro   0x00012ade      0x4a7 src/ASF/common/utils/stdio/write.o
 .debug_macro   0x00012f85      0x4b6 src/ASF/sam/drivers/uart/uart.o
 .debug_macro   0x0001343b       0x16 src/ASF/sam/drivers/uart/uart.o
 .debug_macro   0x00013451      0x4f2 src/ASF/sam/drivers/usart/usart.o
 .debug_macro   0x00013943       0x28 src/ASF/sam/drivers/usart/usart.o
 .debug_macro   0x0001396b      0x604 src/ASF/thirdparty/wireless/addons/sio2host/uart/sio2host.o
 .debug_macro   0x00013f6f       0x40 src/ASF/thirdparty/wireless/addons/sio2host/uart/sio2host.o
 .debug_macro   0x00013faf      0x5f2 src/ConsoleFunctions.o
 .debug_macro   0x000145a1       0x97 src/ConsoleFunctions.o
 .debug_macro   0x00014638       0xef src/ConsoleFunctions.o
 .debug_macro   0x00014727       0x4a src/ConsoleFunctions.o
 .debug_macro   0x00014771      0x20f src/ConsoleFunctions.o
 .debug_macro   0x00014980       0x22 src/ConsoleFunctions.o
 .debug_macro   0x000149a2       0x16 src/ConsoleFunctions.o
 .debug_macro   0x000149b8      0x605 src/InterruptStepCounter.o
 .debug_macro   0x00014fbd      0x606 src/PwmFunctions.o
 .debug_macro   0x000155c3      0x4b1 src/ASF/common/utils/interrupt/interrupt_sam_nvic.o
 .debug_macro   0x00015a74       0x3f src/ASF/common/utils/interrupt/interrupt_sam_nvic.o
 .debug_macro   0x00015ab3      0x566 src/ASF/sam/boards/arduino_due_x/init.o
 .debug_macro   0x00016019       0x6a src/ASF/sam/boards/arduino_due_x/init.o
 .debug_macro   0x00016083      0x4c2 src/ASF/sam/drivers/pio/pio.o
 .debug_macro   0x00016545       0x8e src/ASF/sam/drivers/pio/pio.o
 .debug_macro   0x000165d3      0x4c6 src/ASF/sam/drivers/pio/pio_handler.o
 .debug_macro   0x00016a99      0x4bc src/ASF/sam/drivers/pmc/pmc.o
 .debug_macro   0x00016f55       0x58 src/ASF/sam/drivers/pmc/pmc.o
 .debug_macro   0x00016fad      0x4db src/ASF/sam/drivers/pwm/pwm.o
 .debug_macro   0x00017488      0x4bb src/ASF/sam/utils/cmsis/sam3x/source/templates/exceptions.o
 .debug_macro   0x00017943      0x4c9 src/ASF/sam/utils/cmsis/sam3x/source/templates/gcc/startup_sam3x.o
 .debug_macro   0x00017e0c      0x4c9 src/ASF/sam/utils/cmsis/sam3x/source/templates/system_sam3x.o
 .debug_macro   0x000182d5       0x26 src/ASF/sam/utils/cmsis/sam3x/source/templates/system_sam3x.o
 .debug_macro   0x000182fb      0x129 src/ASF/sam/utils/syscalls/gcc/syscalls.o
 .debug_macro   0x00018424       0x52 src/ASF/sam/utils/syscalls/gcc/syscalls.o
 .debug_macro   0x00018476       0x16 src/ASF/sam/utils/syscalls/gcc/syscalls.o
 .debug_macro   0x0001848c       0x10 src/ASF/sam/utils/syscalls/gcc/syscalls.o
 .debug_macro   0x0001849c       0x41 src/ASF/sam/utils/syscalls/gcc/syscalls.o
 .debug_macro   0x000184dd      0x120 src/ASF/sam/utils/syscalls/gcc/syscalls.o

.debug_line     0x00000000    0x10365
 .debug_line    0x00000000      0xf21 main.o
 .debug_line    0x00000f21      0xd1b src/ASF/common/services/serial/usart_serial.o
 .debug_line    0x00001c3c      0xad9 src/ASF/common/utils/stdio/read.o
 .debug_line    0x00002715      0xacf src/ASF/common/utils/stdio/write.o
 .debug_line    0x000031e4      0xc8f src/ASF/sam/drivers/uart/uart.o
 .debug_line    0x00003e73     0x11aa src/ASF/sam/drivers/usart/usart.o
 .debug_line    0x0000501d     0x10a1 src/ASF/thirdparty/wireless/addons/sio2host/uart/sio2host.o
 .debug_line    0x000060be      0xfa5 src/ConsoleFunctions.o
 .debug_line    0x00007063      0xf23 src/InterruptStepCounter.o
 .debug_line    0x00007f86      0xf26 src/PwmFunctions.o
 .debug_line    0x00008eac      0xaf2 src/ASF/common/utils/interrupt/interrupt_sam_nvic.o
 .debug_line    0x0000999e      0xcdf src/ASF/sam/boards/arduino_due_x/init.o
 .debug_line    0x0000a67d      0xe42 src/ASF/sam/drivers/pio/pio.o
 .debug_line    0x0000b4bf      0xb8d src/ASF/sam/drivers/pio/pio_handler.o
 .debug_line    0x0000c04c     0x1045 src/ASF/sam/drivers/pmc/pmc.o
 .debug_line    0x0000d091      0xe5d src/ASF/sam/drivers/pwm/pwm.o
 .debug_line    0x0000deee      0xab5 src/ASF/sam/utils/cmsis/sam3x/source/templates/exceptions.o
 .debug_line    0x0000e9a3      0xb05 src/ASF/sam/utils/cmsis/sam3x/source/templates/gcc/startup_sam3x.o
 .debug_line    0x0000f4a8      0xb22 src/ASF/sam/utils/cmsis/sam3x/source/templates/system_sam3x.o
 .debug_line    0x0000ffca      0x39b src/ASF/sam/utils/syscalls/gcc/syscalls.o

.debug_str      0x00000000    0x613c6
 .debug_str     0x00000000    0x5d3e6 main.o
                              0x5d760 (size before relaxing)
 .debug_str     0x0005d3e6      0x3b1 src/ASF/common/services/serial/usart_serial.o
                              0x5cb39 (size before relaxing)
 .debug_str     0x0005d797       0x2c src/ASF/common/utils/stdio/read.o
                              0x58b64 (size before relaxing)
 .debug_str     0x0005d7c3       0x26 src/ASF/common/utils/stdio/write.o
                              0x58b66 (size before relaxing)
 .debug_str     0x0005d7e9      0x2b9 src/ASF/sam/drivers/uart/uart.o
                              0x58f2a (size before relaxing)
 .debug_str     0x0005daa2      0xa2f src/ASF/sam/drivers/usart/usart.o
                              0x597db (size before relaxing)
 .debug_str     0x0005e4d1      0x6cc src/ASF/thirdparty/wireless/addons/sio2host/uart/sio2host.o
                              0x5e1cc (size before relaxing)
 .debug_str     0x0005eb9d       0x7b src/ConsoleFunctions.o
                              0x5db8e (size before relaxing)
 .debug_str     0x0005ec18      0x22a src/InterruptStepCounter.o
                              0x5dc29 (size before relaxing)
 .debug_str     0x0005ee42      0x56a src/PwmFunctions.o
                              0x5ddaf (size before relaxing)
 .debug_str     0x0005f3ac       0x73 src/ASF/common/utils/interrupt/interrupt_sam_nvic.o
                              0x58bb5 (size before relaxing)
 .debug_str     0x0005f41f       0x74 src/ASF/sam/boards/arduino_due_x/init.o
                              0x5d0ee (size before relaxing)
 .debug_str     0x0005f493      0x432 src/ASF/sam/drivers/pio/pio.o
                              0x59509 (size before relaxing)
 .debug_str     0x0005f8c5      0x1bf src/ASF/sam/drivers/pio/pio_handler.o
                              0x59551 (size before relaxing)
 .debug_str     0x0005fa84      0x772 src/ASF/sam/drivers/pmc/pmc.o
                              0x5957f (size before relaxing)
 .debug_str     0x000601f6      0x7d2 src/ASF/sam/drivers/pwm/pwm.o
                              0x5985c (size before relaxing)
 .debug_str     0x000609c8       0x4d src/ASF/sam/utils/cmsis/sam3x/source/templates/exceptions.o
                              0x58b7e (size before relaxing)
 .debug_str     0x00060a15       0xb2 src/ASF/sam/utils/cmsis/sam3x/source/templates/gcc/startup_sam3x.o
                              0x58c53 (size before relaxing)
 .debug_str     0x00060ac7      0x1cd src/ASF/sam/utils/cmsis/sam3x/source/templates/system_sam3x.o
                              0x58e66 (size before relaxing)
 .debug_str     0x00060c94      0x732 src/ASF/sam/utils/syscalls/gcc/syscalls.o
                               0x4ef8 (size before relaxing)

.debug_frame    0x00000000     0x2230
 .debug_frame   0x00000000       0x30 main.o
 .debug_frame   0x00000030       0x60 src/ASF/common/services/serial/usart_serial.o
 .debug_frame   0x00000090       0x30 src/ASF/common/utils/stdio/read.o
 .debug_frame   0x000000c0       0x30 src/ASF/common/utils/stdio/write.o
 .debug_frame   0x000000f0      0x1b8 src/ASF/sam/drivers/uart/uart.o
 .debug_frame   0x000002a8      0x5c8 src/ASF/sam/drivers/usart/usart.o
 .debug_frame   0x00000870      0x10c src/ASF/thirdparty/wireless/addons/sio2host/uart/sio2host.o
 .debug_frame   0x0000097c       0x68 src/ConsoleFunctions.o
 .debug_frame   0x000009e4       0x60 src/InterruptStepCounter.o
 .debug_frame   0x00000a44       0x94 src/PwmFunctions.o
 .debug_frame   0x00000ad8       0x30 src/ASF/common/utils/interrupt/interrupt_sam_nvic.o
 .debug_frame   0x00000b08       0x28 src/ASF/sam/boards/arduino_due_x/init.o
 .debug_frame   0x00000b30      0x2a8 src/ASF/sam/drivers/pio/pio.o
 .debug_frame   0x00000dd8       0xf8 src/ASF/sam/drivers/pio/pio_handler.o
 .debug_frame   0x00000ed0      0x410 src/ASF/sam/drivers/pmc/pmc.o
 .debug_frame   0x000012e0      0x2f8 src/ASF/sam/drivers/pwm/pwm.o
 .debug_frame   0x000015d8       0x20 src/ASF/sam/utils/cmsis/sam3x/source/templates/exceptions.o
 .debug_frame   0x000015f8       0x28 src/ASF/sam/utils/cmsis/sam3x/source/templates/gcc/startup_sam3x.o
 .debug_frame   0x00001620       0x40 src/ASF/sam/utils/cmsis/sam3x/source/templates/system_sam3x.o
 .debug_frame   0x00001660       0xa8 src/ASF/sam/utils/syscalls/gcc/syscalls.o
 .debug_frame   0x00001708       0x2c c:/program files (x86)/atmel/atmel toolchain/arm gcc/native/4.8.1443/arm-gnu-toolchain/bin/../lib/gcc/arm-none-eabi/4.8.4/../../../../arm-none-eabi/lib/armv7-m\libc.a(lib_a-init.o)
 .debug_frame   0x00001734       0x5c c:/program files (x86)/atmel/atmel toolchain/arm gcc/native/4.8.1443/arm-gnu-toolchain/bin/../lib/gcc/arm-none-eabi/4.8.4/../../../../arm-none-eabi/lib/armv7-m\libc.a(lib_a-iprintf.o)
 .debug_frame   0x00001790       0x2c c:/program files (x86)/atmel/atmel toolchain/arm gcc/native/4.8.1443/arm-gnu-toolchain/bin/../lib/gcc/arm-none-eabi/4.8.4/../../../../arm-none-eabi/lib/armv7-m\libc.a(lib_a-memset.o)
 .debug_frame   0x000017bc       0x20 c:/program files (x86)/atmel/atmel toolchain/arm gcc/native/4.8.1443/arm-gnu-toolchain/bin/../lib/gcc/arm-none-eabi/4.8.4/../../../../arm-none-eabi/lib/armv7-m\libc.a(lib_a-setbuf.o)
 .debug_frame   0x000017dc       0x30 c:/program files (x86)/atmel/atmel toolchain/arm gcc/native/4.8.1443/arm-gnu-toolchain/bin/../lib/gcc/arm-none-eabi/4.8.4/../../../../arm-none-eabi/lib/armv7-m\libc.a(lib_a-setvbuf.o)
 .debug_frame   0x0000180c       0x20 c:/program files (x86)/atmel/atmel toolchain/arm gcc/native/4.8.1443/arm-gnu-toolchain/bin/../lib/gcc/arm-none-eabi/4.8.4/../../../../arm-none-eabi/lib/armv7-m\libc.a(lib_a-strlen.o)
 .debug_frame   0x0000182c       0xb8 c:/program files (x86)/atmel/atmel toolchain/arm gcc/native/4.8.1443/arm-gnu-toolchain/bin/../lib/gcc/arm-none-eabi/4.8.4/../../../../arm-none-eabi/lib/armv7-m\libc.a(lib_a-vfiprintf.o)
 .debug_frame   0x000018e4       0x2c c:/program files (x86)/atmel/atmel toolchain/arm gcc/native/4.8.1443/arm-gnu-toolchain/bin/../lib/gcc/arm-none-eabi/4.8.4/../../../../arm-none-eabi/lib/armv7-m\libc.a(lib_a-wsetup.o)
 .debug_frame   0x00001910       0x48 c:/program files (x86)/atmel/atmel toolchain/arm gcc/native/4.8.1443/arm-gnu-toolchain/bin/../lib/gcc/arm-none-eabi/4.8.4/../../../../arm-none-eabi/lib/armv7-m\libc.a(lib_a-__call_atexit.o)
 .debug_frame   0x00001958       0x20 c:/program files (x86)/atmel/atmel toolchain/arm gcc/native/4.8.1443/arm-gnu-toolchain/bin/../lib/gcc/arm-none-eabi/4.8.4/../../../../arm-none-eabi/lib/armv7-m\libc.a(lib_a-atexit.o)
 .debug_frame   0x00001978       0x5c c:/program files (x86)/atmel/atmel toolchain/arm gcc/native/4.8.1443/arm-gnu-toolchain/bin/../lib/gcc/arm-none-eabi/4.8.4/../../../../arm-none-eabi/lib/armv7-m\libc.a(lib_a-fflush.o)
 .debug_frame   0x000019d4      0x110 c:/program files (x86)/atmel/atmel toolchain/arm gcc/native/4.8.1443/arm-gnu-toolchain/bin/../lib/gcc/arm-none-eabi/4.8.4/../../../../arm-none-eabi/lib/armv7-m\libc.a(lib_a-findfp.o)
 .debug_frame   0x00001ae4       0x2c c:/program files (x86)/atmel/atmel toolchain/arm gcc/native/4.8.1443/arm-gnu-toolchain/bin/../lib/gcc/arm-none-eabi/4.8.4/../../../../arm-none-eabi/lib/armv7-m\libc.a(lib_a-fini.o)
 .debug_frame   0x00001b10       0x50 c:/program files (x86)/atmel/atmel toolchain/arm gcc/native/4.8.1443/arm-gnu-toolchain/bin/../lib/gcc/arm-none-eabi/4.8.4/../../../../arm-none-eabi/lib/armv7-m\libc.a(lib_a-fputwc.o)
 .debug_frame   0x00001b60       0x50 c:/program files (x86)/atmel/atmel toolchain/arm gcc/native/4.8.1443/arm-gnu-toolchain/bin/../lib/gcc/arm-none-eabi/4.8.4/../../../../arm-none-eabi/lib/armv7-m\libc.a(lib_a-freer.o)
 .debug_frame   0x00001bb0       0x38 c:/program files (x86)/atmel/atmel toolchain/arm gcc/native/4.8.1443/arm-gnu-toolchain/bin/../lib/gcc/arm-none-eabi/4.8.4/../../../../arm-none-eabi/lib/armv7-m\libc.a(lib_a-fvwrite.o)
 .debug_frame   0x00001be8       0x54 c:/program files (x86)/atmel/atmel toolchain/arm gcc/native/4.8.1443/arm-gnu-toolchain/bin/../lib/gcc/arm-none-eabi/4.8.4/../../../../arm-none-eabi/lib/armv7-m\libc.a(lib_a-fwalk.o)
 .debug_frame   0x00001c3c       0x98 c:/program files (x86)/atmel/atmel toolchain/arm gcc/native/4.8.1443/arm-gnu-toolchain/bin/../lib/gcc/arm-none-eabi/4.8.4/../../../../arm-none-eabi/lib/armv7-m\libc.a(lib_a-locale.o)
 .debug_frame   0x00001cd4       0x30 c:/program files (x86)/atmel/atmel toolchain/arm gcc/native/4.8.1443/arm-gnu-toolchain/bin/../lib/gcc/arm-none-eabi/4.8.4/../../../../arm-none-eabi/lib/armv7-m\libc.a(lib_a-makebuf.o)
 .debug_frame   0x00001d04       0x30 c:/program files (x86)/atmel/atmel toolchain/arm gcc/native/4.8.1443/arm-gnu-toolchain/bin/../lib/gcc/arm-none-eabi/4.8.4/../../../../arm-none-eabi/lib/armv7-m\libc.a(lib_a-malloc.o)
 .debug_frame   0x00001d34       0x38 c:/program files (x86)/atmel/atmel toolchain/arm gcc/native/4.8.1443/arm-gnu-toolchain/bin/../lib/gcc/arm-none-eabi/4.8.4/../../../../arm-none-eabi/lib/armv7-m\libc.a(lib_a-mallocr.o)
 .debug_frame   0x00001d6c       0x2c c:/program files (x86)/atmel/atmel toolchain/arm gcc/native/4.8.1443/arm-gnu-toolchain/bin/../lib/gcc/arm-none-eabi/4.8.4/../../../../arm-none-eabi/lib/armv7-m\libc.a(lib_a-memchr-stub.o)
 .debug_frame   0x00001d98       0x2c c:/program files (x86)/atmel/atmel toolchain/arm gcc/native/4.8.1443/arm-gnu-toolchain/bin/../lib/gcc/arm-none-eabi/4.8.4/../../../../arm-none-eabi/lib/armv7-m\libc.a(lib_a-memmove.o)
 .debug_frame   0x00001dc4       0x30 c:/program files (x86)/atmel/atmel toolchain/arm gcc/native/4.8.1443/arm-gnu-toolchain/bin/../lib/gcc/arm-none-eabi/4.8.4/../../../../arm-none-eabi/lib/armv7-m\libc.a(lib_a-mlock.o)
 .debug_frame   0x00001df4       0x38 c:/program files (x86)/atmel/atmel toolchain/arm gcc/native/4.8.1443/arm-gnu-toolchain/bin/../lib/gcc/arm-none-eabi/4.8.4/../../../../arm-none-eabi/lib/armv7-m\libc.a(lib_a-reallocr.o)
 .debug_frame   0x00001e2c       0x2c c:/program files (x86)/atmel/atmel toolchain/arm gcc/native/4.8.1443/arm-gnu-toolchain/bin/../lib/gcc/arm-none-eabi/4.8.4/../../../../arm-none-eabi/lib/armv7-m\libc.a(lib_a-sbrkr.o)
 .debug_frame   0x00001e58       0x80 c:/program files (x86)/atmel/atmel toolchain/arm gcc/native/4.8.1443/arm-gnu-toolchain/bin/../lib/gcc/arm-none-eabi/4.8.4/../../../../arm-none-eabi/lib/armv7-m\libc.a(lib_a-stdio.o)
 .debug_frame   0x00001ed8       0x40 c:/program files (x86)/atmel/atmel toolchain/arm gcc/native/4.8.1443/arm-gnu-toolchain/bin/../lib/gcc/arm-none-eabi/4.8.4/../../../../arm-none-eabi/lib/armv7-m\libc.a(lib_a-wbuf.o)
 .debug_frame   0x00001f18       0x58 c:/program files (x86)/atmel/atmel toolchain/arm gcc/native/4.8.1443/arm-gnu-toolchain/bin/../lib/gcc/arm-none-eabi/4.8.4/../../../../arm-none-eabi/lib/armv7-m\libc.a(lib_a-wcrtomb.o)
 .debug_frame   0x00001f70       0x44 c:/program files (x86)/atmel/atmel toolchain/arm gcc/native/4.8.1443/arm-gnu-toolchain/bin/../lib/gcc/arm-none-eabi/4.8.4/../../../../arm-none-eabi/lib/armv7-m\libc.a(lib_a-wctomb_r.o)
 .debug_frame   0x00001fb4       0x2c c:/program files (x86)/atmel/atmel toolchain/arm gcc/native/4.8.1443/arm-gnu-toolchain/bin/../lib/gcc/arm-none-eabi/4.8.4/../../../../arm-none-eabi/lib/armv7-m\libc.a(lib_a-writer.o)
 .debug_frame   0x00001fe0       0x30 c:/program files (x86)/atmel/atmel toolchain/arm gcc/native/4.8.1443/arm-gnu-toolchain/bin/../lib/gcc/arm-none-eabi/4.8.4/../../../../arm-none-eabi/lib/armv7-m\libc.a(lib_a-__atexit.o)
 .debug_frame   0x00002010       0x2c c:/program files (x86)/atmel/atmel toolchain/arm gcc/native/4.8.1443/arm-gnu-toolchain/bin/../lib/gcc/arm-none-eabi/4.8.4/../../../../arm-none-eabi/lib/armv7-m\libc.a(lib_a-closer.o)
 .debug_frame   0x0000203c       0x3c c:/program files (x86)/atmel/atmel toolchain/arm gcc/native/4.8.1443/arm-gnu-toolchain/bin/../lib/gcc/arm-none-eabi/4.8.4/../../../../arm-none-eabi/lib/armv7-m\libc.a(lib_a-fclose.o)
 .debug_frame   0x00002078       0x2c c:/program files (x86)/atmel/atmel toolchain/arm gcc/native/4.8.1443/arm-gnu-toolchain/bin/../lib/gcc/arm-none-eabi/4.8.4/../../../../arm-none-eabi/lib/armv7-m\libc.a(lib_a-fstatr.o)
 .debug_frame   0x000020a4       0x2c c:/program files (x86)/atmel/atmel toolchain/arm gcc/native/4.8.1443/arm-gnu-toolchain/bin/../lib/gcc/arm-none-eabi/4.8.4/../../../../arm-none-eabi/lib/armv7-m\libc.a(lib_a-isattyr.o)
 .debug_frame   0x000020d0       0x2c c:/program files (x86)/atmel/atmel toolchain/arm gcc/native/4.8.1443/arm-gnu-toolchain/bin/../lib/gcc/arm-none-eabi/4.8.4/../../../../arm-none-eabi/lib/armv7-m\libc.a(lib_a-lseekr.o)
 .debug_frame   0x000020fc       0x2c c:/program files (x86)/atmel/atmel toolchain/arm gcc/native/4.8.1443/arm-gnu-toolchain/bin/../lib/gcc/arm-none-eabi/4.8.4/../../../../arm-none-eabi/lib/armv7-m\libc.a(lib_a-readr.o)
 .debug_frame   0x00002128       0x48 c:/program files (x86)/atmel/atmel toolchain/arm gcc/native/4.8.1443/arm-gnu-toolchain/bin/../lib/gcc/arm-none-eabi/4.8.4/../../../../arm-none-eabi/lib/armv7-m\libc.a(lib_a-reent.o)
 .debug_frame   0x00002170       0x58 c:/program files (x86)/atmel/atmel toolchain/arm gcc/native/4.8.1443/arm-gnu-toolchain/bin/../lib/gcc/arm-none-eabi/4.8.4/armv7-m\libgcc.a(bpabi.o)
 .debug_frame   0x000021c8       0x34 c:/program files (x86)/atmel/atmel toolchain/arm gcc/native/4.8.1443/arm-gnu-toolchain/bin/../lib/gcc/arm-none-eabi/4.8.4/armv7-m\libgcc.a(_divdi3.o)
 .debug_frame   0x000021fc       0x34 c:/program files (x86)/atmel/atmel toolchain/arm gcc/native/4.8.1443/arm-gnu-toolchain/bin/../lib/gcc/arm-none-eabi/4.8.4/armv7-m\libgcc.a(_udivdi3.o)

Cross Reference Table

Symbol                                            File
ADC_Handler                                       src/ASF/sam/utils/cmsis/sam3x/source/templates/exceptions.o
                                                  src/ASF/sam/utils/cmsis/sam3x/source/templates/gcc/startup_sam3x.o
BusFault_Handler                                  src/ASF/sam/utils/cmsis/sam3x/source/templates/exceptions.o
                                                  src/ASF/sam/utils/cmsis/sam3x/source/templates/gcc/startup_sam3x.o
CAN0_Handler                                      src/ASF/sam/utils/cmsis/sam3x/source/templates/exceptions.o
                                                  src/ASF/sam/utils/cmsis/sam3x/source/templates/gcc/startup_sam3x.o
CAN1_Handler                                      src/ASF/sam/utils/cmsis/sam3x/source/templates/exceptions.o
                                                  src/ASF/sam/utils/cmsis/sam3x/source/templates/gcc/startup_sam3x.o
DACC_Handler                                      src/ASF/sam/utils/cmsis/sam3x/source/templates/exceptions.o
                                                  src/ASF/sam/utils/cmsis/sam3x/source/templates/gcc/startup_sam3x.o
DMAC_Handler                                      src/ASF/sam/utils/cmsis/sam3x/source/templates/exceptions.o
                                                  src/ASF/sam/utils/cmsis/sam3x/source/templates/gcc/startup_sam3x.o
DebugMon_Handler                                  src/ASF/sam/utils/cmsis/sam3x/source/templates/exceptions.o
                                                  src/ASF/sam/utils/cmsis/sam3x/source/templates/gcc/startup_sam3x.o
Dummy_Handler                                     src/ASF/sam/utils/cmsis/sam3x/source/templates/exceptions.o
EFC0_Handler                                      src/ASF/sam/utils/cmsis/sam3x/source/templates/exceptions.o
                                                  src/ASF/sam/utils/cmsis/sam3x/source/templates/gcc/startup_sam3x.o
EFC1_Handler                                      src/ASF/sam/utils/cmsis/sam3x/source/templates/exceptions.o
                                                  src/ASF/sam/utils/cmsis/sam3x/source/templates/gcc/startup_sam3x.o
EMAC_Handler                                      src/ASF/sam/utils/cmsis/sam3x/source/templates/exceptions.o
                                                  src/ASF/sam/utils/cmsis/sam3x/source/templates/gcc/startup_sam3x.o
HSMCI_Handler                                     src/ASF/sam/utils/cmsis/sam3x/source/templates/exceptions.o
                                                  src/ASF/sam/utils/cmsis/sam3x/source/templates/gcc/startup_sam3x.o
HardFault_Handler                                 src/ASF/sam/utils/cmsis/sam3x/source/templates/exceptions.o
                                                  src/ASF/sam/utils/cmsis/sam3x/source/templates/gcc/startup_sam3x.o
MemManage_Handler                                 src/ASF/sam/utils/cmsis/sam3x/source/templates/exceptions.o
                                                  src/ASF/sam/utils/cmsis/sam3x/source/templates/gcc/startup_sam3x.o
NMI_Handler                                       src/ASF/sam/utils/cmsis/sam3x/source/templates/exceptions.o