Archive member included because of file (symbol)

c:/program files (x86)/atmel/atmel toolchain/arm gcc/native/4.8.1443/arm-gnu-toolchain/bin/../lib/gcc/arm-none-eabi/4.8.4/../../../../arm-none-eabi/lib/armv7-m\libc.a(lib_a-exit.o)
                              c:/program files (x86)/atmel/atmel toolchain/arm gcc/native/4.8.1443/arm-gnu-toolchain/bin/../lib/gcc/arm-none-eabi/4.8.4/../../../../arm-none-eabi/lib/armv7-m/crt0.o (exit)
c:/program files (x86)/atmel/atmel toolchain/arm gcc/native/4.8.1443/arm-gnu-toolchain/bin/../lib/gcc/arm-none-eabi/4.8.4/../../../../arm-none-eabi/lib/armv7-m\libc.a(lib_a-impure.o)
                              c:/program files (x86)/atmel/atmel toolchain/arm gcc/native/4.8.1443/arm-gnu-toolchain/bin/../lib/gcc/arm-none-eabi/4.8.4/../../../../arm-none-eabi/lib/armv7-m\libc.a(lib_a-exit.o) (_global_impure_ptr)
c:/program files (x86)/atmel/atmel toolchain/arm gcc/native/4.8.1443/arm-gnu-toolchain/bin/../lib/gcc/arm-none-eabi/4.8.4/../../../../arm-none-eabi/lib/armv7-m\libc.a(lib_a-init.o)
                              c:/program files (x86)/atmel/atmel toolchain/arm gcc/native/4.8.1443/arm-gnu-toolchain/bin/../lib/gcc/arm-none-eabi/4.8.4/../../../../arm-none-eabi/lib/armv7-m/crt0.o (__libc_init_array)
c:/program files (x86)/atmel/atmel toolchain/arm gcc/native/4.8.1443/arm-gnu-toolchain/bin/../lib/gcc/arm-none-eabi/4.8.4/../../../../arm-none-eabi/lib/armv7-m\libc.a(lib_a-iprintf.o)
                              src/ASF/sam/utils/syscalls/gcc/syscalls.o (iprintf)
c:/program files (x86)/atmel/atmel toolchain/arm gcc/native/4.8.1443/arm-gnu-toolchain/bin/../lib/gcc/arm-none-eabi/4.8.4/../../../../arm-none-eabi/lib/armv7-m\libc.a(lib_a-memcpy.o)
                              src/ASF/thirdparty/freertos/freertos-7.3.0/source/queue.o (memcpy)
c:/program files (x86)/atmel/atmel toolchain/arm gcc/native/4.8.1443/arm-gnu-toolchain/bin/../lib/gcc/arm-none-eabi/4.8.4/../../../../arm-none-eabi/lib/armv7-m\libc.a(lib_a-memset.o)
                              c:/program files (x86)/atmel/atmel toolchain/arm gcc/native/4.8.1443/arm-gnu-toolchain/bin/../lib/gcc/arm-none-eabi/4.8.4/../../../../arm-none-eabi/lib/armv7-m/crt0.o (memset)
c:/program files (x86)/atmel/atmel toolchain/arm gcc/native/4.8.1443/arm-gnu-toolchain/bin/../lib/gcc/arm-none-eabi/4.8.4/../../../../arm-none-eabi/lib/armv7-m\libc.a(lib_a-sprintf.o)
                              src/ASF/thirdparty/freertos/freertos-7.3.0/source/tasks.o (sprintf)
c:/program files (x86)/atmel/atmel toolchain/arm gcc/native/4.8.1443/arm-gnu-toolchain/bin/../lib/gcc/arm-none-eabi/4.8.4/../../../../arm-none-eabi/lib/armv7-m\libc.a(lib_a-strcat.o)
                              src/ASF/thirdparty/freertos/freertos-7.3.0/source/tasks.o (strcat)
c:/program files (x86)/atmel/atmel toolchain/arm gcc/native/4.8.1443/arm-gnu-toolchain/bin/../lib/gcc/arm-none-eabi/4.8.4/../../../../arm-none-eabi/lib/armv7-m\libc.a(lib_a-strcpy.o)
                              c:/program files (x86)/atmel/atmel toolchain/arm gcc/native/4.8.1443/arm-gnu-toolchain/bin/../lib/gcc/arm-none-eabi/4.8.4/../../../../arm-none-eabi/lib/armv7-m\libc.a(lib_a-strcat.o) (strcpy)
c:/program files (x86)/atmel/atmel toolchain/arm gcc/native/4.8.1443/arm-gnu-toolchain/bin/../lib/gcc/arm-none-eabi/4.8.4/../../../../arm-none-eabi/lib/armv7-m\libc.a(lib_a-strlen.o)
                              src/ASF/thirdparty/freertos/freertos-7.3.0/source/FreeRTOS_CLI.o (strlen)
c:/program files (x86)/atmel/atmel toolchain/arm gcc/native/4.8.1443/arm-gnu-toolchain/bin/../lib/gcc/arm-none-eabi/4.8.4/../../../../arm-none-eabi/lib/armv7-m\libc.a(lib_a-strncmp.o)
                              src/ASF/thirdparty/freertos/freertos-7.3.0/source/FreeRTOS_CLI.o (strncmp)
c:/program files (x86)/atmel/atmel toolchain/arm gcc/native/4.8.1443/arm-gnu-toolchain/bin/../lib/gcc/arm-none-eabi/4.8.4/../../../../arm-none-eabi/lib/armv7-m\libc.a(lib_a-strncpy.o)
                              src/ASF/thirdparty/freertos/freertos-7.3.0/source/FreeRTOS_CLI.o (strncpy)
c:/program files (x86)/atmel/atmel toolchain/arm gcc/native/4.8.1443/arm-gnu-toolchain/bin/../lib/gcc/arm-none-eabi/4.8.4/../../../../arm-none-eabi/lib/armv7-m\libc.a(lib_a-svfprintf.o)
                              c:/program files (x86)/atmel/atmel toolchain/arm gcc/native/4.8.1443/arm-gnu-toolchain/bin/../lib/gcc/arm-none-eabi/4.8.4/../../../../arm-none-eabi/lib/armv7-m\libc.a(lib_a-sprintf.o) (_svfprintf_r)
c:/program files (x86)/atmel/atmel toolchain/arm gcc/native/4.8.1443/arm-gnu-toolchain/bin/../lib/gcc/arm-none-eabi/4.8.4/../../../../arm-none-eabi/lib/armv7-m\libc.a(lib_a-vfiprintf.o)
                              c:/program files (x86)/atmel/atmel toolchain/arm gcc/native/4.8.1443/arm-gnu-toolchain/bin/../lib/gcc/arm-none-eabi/4.8.4/../../../../arm-none-eabi/lib/armv7-m\libc.a(lib_a-iprintf.o) (_vfiprintf_r)
[...]
Memory Configuration

Name             Origin             Length             Attributes
rom              0x00080000         0x00080000         xr
sram0            0x20000000         0x00010000         xrw
sram1            0x20080000         0x00008000         xrw
ram              0x20070000         0x00018000         xrw
*default*        0x00000000         0xffffffff

Linker script and memory map

LOAD c:/program files (x86)/atmel/atmel toolchain/arm gcc/native/4.8.1443/arm-gnu-toolchain/bin/../lib/gcc/arm-none-eabi/4.8.4/armv7-m/crti.o
LOAD c:/program files (x86)/atmel/atmel toolchain/arm gcc/native/4.8.1443/arm-gnu-toolchain/bin/../lib/gcc/arm-none-eabi/4.8.4/armv7-m/crtbegin.o
LOAD c:/program files (x86)/atmel/atmel toolchain/arm gcc/native/4.8.1443/arm-gnu-toolchain/bin/../lib/gcc/arm-none-eabi/4.8.4/../../../../arm-none-eabi/lib/armv7-m/crt0.o
LOAD src/ASF/common/utils/stdio/read.o
LOAD src/ASF/sam/drivers/tc/tc.o
LOAD src/Task_UnoComm.o
LOAD src/ASF/sam/drivers/usart/usart.o
LOAD src/ASF/common/utils/stdio/write.o
LOAD src/ASF/common/services/serial/usart_serial.o
LOAD src/ASF/sam/drivers/uart/uart.o
LOAD src/ASF/thirdparty/freertos/freertos-7.3.0/source/FreeRTOS_CLI.o
LOAD src/Task_GetCordinates.o
LOAD src/Task_Move.o
LOAD src/ASF/thirdparty/freertos/freertos-7.3.0/source/list.o
LOAD src/ASF/thirdparty/freertos/freertos-7.3.0/source/portable/gcc/sam/port.o
LOAD src/ASF/thirdparty/freertos/freertos-7.3.0/source/portable/memmang/heap_4.o
LOAD src/ASF/thirdparty/freertos/freertos-7.3.0/source/queue.o
LOAD src/ASF/thirdparty/freertos/freertos-7.3.0/source/tasks.o
LOAD src/ASF/thirdparty/freertos/freertos-7.3.0/source/timers.o
LOAD src/ASF/common/services/delay/sam/cycle_counter.o
LOAD src/ASF/common/services/clock/sam3x/sysclk.o
LOAD src/ASF/common/utils/interrupt/interrupt_sam_nvic.o
LOAD src/ASF/sam/boards/arduino_due_x/init.o
LOAD src/ASF/sam/drivers/pio/pio.o
LOAD src/ASF/sam/drivers/pio/pio_handler.o
LOAD src/ASF/sam/drivers/pmc/pmc.o
LOAD src/ASF/sam/drivers/pmc/sleep.o
LOAD src/ASF/sam/utils/cmsis/sam3x/source/templates/exceptions.o
LOAD src/ASF/sam/utils/cmsis/sam3x/source/templates/gcc/startup_sam3x.o
LOAD src/ASF/sam/utils/cmsis/sam3x/source/templates/system_sam3x.o
LOAD src/ASF/sam/utils/syscalls/gcc/syscalls.o
LOAD src/main.o
START GROUP
LOAD ../src/ASF/thirdparty/CMSIS/Lib/GCC\libarm_cortexM3l_math.a
LOAD c:/program files (x86)/atmel/atmel toolchain/arm gcc/native/4.8.1443/arm-gnu-toolchain/bin/../lib/gcc/arm-none-eabi/4.8.4/../../../../arm-none-eabi/lib/armv7-m\libm.a
END GROUP
START GROUP
LOAD c:/program files (x86)/atmel/atmel toolchain/arm gcc/native/4.8.1443/arm-gnu-toolchain/bin/../lib/gcc/arm-none-eabi/4.8.4/armv7-m\libgcc.a
LOAD c:/program files (x86)/atmel/atmel toolchain/arm gcc/native/4.8.1443/arm-gnu-toolchain/bin/../lib/gcc/arm-none-eabi/4.8.4/../../../../arm-none-eabi/lib/armv7-m\libc.a
END GROUP
LOAD c:/program files (x86)/atmel/atmel toolchain/arm gcc/native/4.8.1443/arm-gnu-toolchain/bin/../lib/gcc/arm-none-eabi/4.8.4/armv7-m/crtend.o
LOAD c:/program files (x86)/atmel/atmel toolchain/arm gcc/native/4.8.1443/arm-gnu-toolchain/bin/../lib/gcc/arm-none-eabi/4.8.4/armv7-m/crtn.o
                0x00002000                __stack_size__ = DEFINED (__stack_size__)?__stack_size__:0x2000
                0x20087ffc                __ram_end__ = ((ORIGIN (ram) + 0x18000) - 0x4)

.text           0x00080000     0x4f98
                0x00080000                . = ALIGN (0x4)
                0x00080000                _sfixed = .
 *(.vectors .vectors.*)
 .vectors       0x00080000       0xf4 src/ASF/sam/utils/cmsis/sam3x/source/templates/gcc/startup_sam3x.o
                0x00080000                exception_table
 *(.text .text.* .gnu.linkonce.t.*)
 .text          0x000800f4       0x54 c:/program files (x86)/atmel/atmel toolchain/arm gcc/native/4.8.1443/arm-gnu-toolchain/bin/../lib/gcc/arm-none-eabi/4.8.4/armv7-m/crtbegin.o
 .text._read    0x00080148       0x40 src/ASF/common/utils/stdio/read.o
                0x00080148                _read
 .text.task_unoComm
                0x00080188       0x24 src/Task_UnoComm.o
                0x00080188                task_unoComm
 .text._write   0x000801ac       0x54 src/ASF/common/utils/stdio/write.o
                0x000801ac                _write
 .text.task_getCordinates
                0x00080200       0x24 src/Task_GetCordinates.o
                0x00080200                task_getCordinates
 .text.task_move
                0x00080224       0x24 src/Task_Move.o
                0x00080224                task_move
 .text.vListInitialise
                0x00080248       0x18 src/ASF/thirdparty/freertos/freertos-7.3.0/source/list.o
                0x00080248                vListInitialise
 .text.vListInitialiseItem
                0x00080260        0x8 src/ASF/thirdparty/freertos/freertos-7.3.0/source/list.o
                0x00080260                vListInitialiseItem
 .text.vListInsertEnd
                0x00080268       0x1c src/ASF/thirdparty/freertos/freertos-7.3.0/source/list.o
                0x00080268                vListInsertEnd
 .text.vListInsert
                0x00080284       0x44 src/ASF/thirdparty/freertos/freertos-7.3.0/source/list.o
                0x00080284                vListInsert
 .text.uxListRemove
                0x000802c8       0x28 src/ASF/thirdparty/freertos/freertos-7.3.0/source/list.o
                0x000802c8                uxListRemove
 .text.prvPortStartFirstTask
                0x000802f0       0x14 src/ASF/thirdparty/freertos/freertos-7.3.0/source/portable/gcc/sam/port.o
 .text.pxPortInitialiseStack
                0x00080304       0x1c src/ASF/thirdparty/freertos/freertos-7.3.0/source/portable/gcc/sam/port.o
                0x00080304                pxPortInitialiseStack
 .text.SVC_Handler
                0x00080320       0x20 src/ASF/thirdparty/freertos/freertos-7.3.0/source/portable/gcc/sam/port.o
                0x00080320                SVC_Handler
 .text.vPortYieldFromISR
                0x00080340       0x10 src/ASF/thirdparty/freertos/freertos-7.3.0/source/portable/gcc/sam/port.o
                0x00080340                vPortYieldFromISR
 .text.ulPortSetInterruptMask
                0x00080350       0x10 src/ASF/thirdparty/freertos/freertos-7.3.0/source/portable/gcc/sam/port.o
                0x00080350                ulPortSetInterruptMask
 .text.vPortEnterCritical
                0x00080360       0x18 src/ASF/thirdparty/freertos/freertos-7.3.0/source/portable/gcc/sam/port.o
                0x00080360                vPortEnterCritical
 .text.vPortClearInterruptMask
                0x00080378        0x8 src/ASF/thirdparty/freertos/freertos-7.3.0/source/portable/gcc/sam/port.o
                0x00080378                vPortClearInterruptMask
 .text.vPortExitCritical
                0x00080380       0x1c src/ASF/thirdparty/freertos/freertos-7.3.0/source/portable/gcc/sam/port.o
                0x00080380                vPortExitCritical
 .text.PendSV_Handler
                0x0008039c       0x3c src/ASF/thirdparty/freertos/freertos-7.3.0/source/portable/gcc/sam/port.o
                0x0008039c                PendSV_Handler
 .text.SysTick_Handler
                0x000803d8       0x2c src/ASF/thirdparty/freertos/freertos-7.3.0/source/portable/gcc/sam/port.o
                0x000803d8                SysTick_Handler
 .text.vPortSetupTimerInterrupt
                0x00080404       0x18 src/ASF/thirdparty/freertos/freertos-7.3.0/source/portable/gcc/sam/port.o
                0x00080404                vPortSetupTimerInterrupt
 .text.xPortStartScheduler
                0x0008041c       0x38 src/ASF/thirdparty/freertos/freertos-7.3.0/source/portable/gcc/sam/port.o
                0x0008041c                xPortStartScheduler
 .text.prvInsertBlockIntoFreeList
                0x00080454       0x58 src/ASF/thirdparty/freertos/freertos-7.3.0/source/portable/memmang/heap_4.o
 .text.pvPortMalloc
                0x000804ac       0xc4 src/ASF/thirdparty/freertos/freertos-7.3.0/source/portable/memmang/heap_4.o
                0x000804ac                pvPortMalloc
 .text.vPortFree
                0x00080570       0x34 src/ASF/thirdparty/freertos/freertos-7.3.0/source/portable/memmang/heap_4.o
                0x00080570                vPortFree
 .text.prvCopyDataToQueue
                0x000805a4       0x64 src/ASF/thirdparty/freertos/freertos-7.3.0/source/queue.o
 .text.prvCopyDataFromQueue
                0x00080608       0x28 src/ASF/thirdparty/freertos/freertos-7.3.0/source/queue.o
 .text.prvUnlockQueue
                0x00080630       0x8c src/ASF/thirdparty/freertos/freertos-7.3.0/source/queue.o
 .text.xQueueGenericReset
                0x000806bc       0x7c src/ASF/thirdparty/freertos/freertos-7.3.0/source/queue.o
                0x000806bc                xQueueGenericReset
 .text.xQueueGenericCreate
                0x00080738       0x58 src/ASF/thirdparty/freertos/freertos-7.3.0/source/queue.o
                0x00080738                xQueueGenericCreate
 .text.xQueueGenericSend
                0x00080790      0x124 src/ASF/thirdparty/freertos/freertos-7.3.0/source/queue.o
                0x00080790                xQueueGenericSend
 .text.xQueueGenericSendFromISR
                0x000808b4       0x90 src/ASF/thirdparty/freertos/freertos-7.3.0/source/queue.o
                0x000808b4                xQueueGenericSendFromISR
 .text.xQueueGenericReceive
                0x00080944      0x164 src/ASF/thirdparty/freertos/freertos-7.3.0/source/queue.o
                0x00080944                xQueueGenericReceive
 .text.vQueueWaitForMessageRestricted
                0x00080aa8       0x4c src/ASF/thirdparty/freertos/freertos-7.3.0/source/queue.o
                0x00080aa8                vQueueWaitForMessageRestricted
 .text.prvAddCurrentTaskToDelayedList
                0x00080af4       0x5c src/ASF/thirdparty/freertos/freertos-7.3.0/source/tasks.o
 .text.xTaskGenericCreate
                0x00080b50      0x208 src/ASF/thirdparty/freertos/freertos-7.3.0/source/tasks.o
                0x00080b50                xTaskGenericCreate
 .text.vTaskStartScheduler
                0x00080d58       0x6c src/ASF/thirdparty/freertos/freertos-7.3.0/source/tasks.o
                0x00080d58                vTaskStartScheduler
 .text.vTaskSuspendAll
                0x00080dc4       0x10 src/ASF/thirdparty/freertos/freertos-7.3.0/source/tasks.o
                0x00080dc4                vTaskSuspendAll
 .text.xTaskGetTickCount
                0x00080dd4       0x20 src/ASF/thirdparty/freertos/freertos-7.3.0/source/tasks.o
                0x00080dd4                xTaskGetTickCount
 .text.vTaskIncrementTick
                0x00080df4      0x12c src/ASF/thirdparty/freertos/freertos-7.3.0/source/tasks.o
                0x00080df4                vTaskIncrementTick
 .text.xTaskResumeAll
                0x00080f20      0x108 src/ASF/thirdparty/freertos/freertos-7.3.0/source/tasks.o
                0x00080f20                xTaskResumeAll
 .text.vTaskDelayUntil
                0x00081028       0x98 src/ASF/thirdparty/freertos/freertos-7.3.0/source/tasks.o
                0x00081028                vTaskDelayUntil
 .text.prvIdleTask
                0x000810c0       0x84 src/ASF/thirdparty/freertos/freertos-7.3.0/source/tasks.o
 .text.vTaskSwitchContext
                0x00081144       0x90 src/ASF/thirdparty/freertos/freertos-7.3.0/source/tasks.o
                0x00081144                vTaskSwitchContext
 .text.vTaskPlaceOnEventList
                0x000811d4       0x64 src/ASF/thirdparty/freertos/freertos-7.3.0/source/tasks.o
                0x000811d4                vTaskPlaceOnEventList
 .text.vTaskPlaceOnEventListRestricted
                0x00081238       0x48 src/ASF/thirdparty/freertos/freertos-7.3.0/source/tasks.o
                0x00081238                vTaskPlaceOnEventListRestricted
 .text.xTaskRemoveFromEventList
                0x00081280       0x84 src/ASF/thirdparty/freertos/freertos-7.3.0/source/tasks.o
                0x00081280                xTaskRemoveFromEventList
 .text.vTaskSetTimeOutState
                0x00081304       0x28 src/ASF/thirdparty/freertos/freertos-7.3.0/source/tasks.o
                0x00081304                vTaskSetTimeOutState
 .text.xTaskCheckForTimeOut
                0x0008132c       0x8c src/ASF/thirdparty/freertos/freertos-7.3.0/source/tasks.o
                0x0008132c                xTaskCheckForTimeOut
 .text.vTaskMissedYield
                0x000813b8        0xc src/ASF/thirdparty/freertos/freertos-7.3.0/source/tasks.o
                0x000813b8                vTaskMissedYield
 .text.xTaskGetCurrentTaskHandle
                0x000813c4        0xc src/ASF/thirdparty/freertos/freertos-7.3.0/source/tasks.o
                0x000813c4                xTaskGetCurrentTaskHandle
 .text.xTaskGetSchedulerState
                0x000813d0       0x20 src/ASF/thirdparty/freertos/freertos-7.3.0/source/tasks.o
                0x000813d0                xTaskGetSchedulerState
 .text.vTaskPriorityInherit
                0x000813f0       0x7c src/ASF/thirdparty/freertos/freertos-7.3.0/source/tasks.o
                0x000813f0                vTaskPriorityInherit
 .text.vTaskPriorityDisinherit
                0x0008146c       0x50 src/ASF/thirdparty/freertos/freertos-7.3.0/source/tasks.o
                0x0008146c                vTaskPriorityDisinherit
 .text.prvInsertTimerInActiveList
                0x000814bc       0x50 src/ASF/thirdparty/freertos/freertos-7.3.0/source/timers.o
 .text.prvCheckForValidListAndQueue
                0x0008150c       0x5c src/ASF/thirdparty/freertos/freertos-7.3.0/source/timers.o
 .text.xTimerCreateTimerTask
                0x00081568       0x4c src/ASF/thirdparty/freertos/freertos-7.3.0/source/timers.o
                0x00081568                xTimerCreateTimerTask
 .text.xTimerGenericCommand
                0x000815b4       0x58 src/ASF/thirdparty/freertos/freertos-7.3.0/source/timers.o
                0x000815b4                xTimerGenericCommand
 .text.prvSampleTimeNow
                0x0008160c       0xbc src/ASF/thirdparty/freertos/freertos-7.3.0/source/timers.o
 .text.prvTimerTask
                0x000816c8      0x180 src/ASF/thirdparty/freertos/freertos-7.3.0/source/timers.o
 .text.sysclk_init
                0x00081848       0x64 src/ASF/common/services/clock/sam3x/sysclk.o
                0x00081848                sysclk_init
 .text.board_init
                0x000818ac       0x70 src/ASF/sam/boards/arduino_due_x/init.o
                0x000818ac                board_init
 .text.pio_set_peripheral
                0x0008191c       0x40 src/ASF/sam/drivers/pio/pio.o
                0x0008191c                pio_set_peripheral
 .text.pio_set_input
                0x0008195c       0x34 src/ASF/sam/drivers/pio/pio.o
                0x0008195c                pio_set_input
 .text.pio_set_output
                0x00081990       0x28 src/ASF/sam/drivers/pio/pio.o
                0x00081990                pio_set_output
 .text.pio_get_interrupt_status
                0x000819b8        0x4 src/ASF/sam/drivers/pio/pio.o
                0x000819b8                pio_get_interrupt_status
 .text.pio_get_interrupt_mask
                0x000819bc        0x4 src/ASF/sam/drivers/pio/pio.o
                0x000819bc                pio_get_interrupt_mask
 .text.pio_configure_pin
                0x000819c0       0xd4 src/ASF/sam/drivers/pio/pio.o
                0x000819c0                pio_configure_pin
 .text.pio_configure_pin_group
                0x00081a94       0xa0 src/ASF/sam/drivers/pio/pio.o
                0x00081a94                pio_configure_pin_group
 .text.pio_handler_process
                0x00081b34       0x58 src/ASF/sam/drivers/pio/pio_handler.o
                0x00081b34                pio_handler_process
 .text.PIOA_Handler
                0x00081b8c       0x14 src/ASF/sam/drivers/pio/pio_handler.o
                0x00081b8c                PIOA_Handler
 .text.PIOB_Handler
                0x00081ba0       0x14 src/ASF/sam/drivers/pio/pio_handler.o
                0x00081ba0                PIOB_Handler
 .text.PIOC_Handler
                0x00081bb4       0x14 src/ASF/sam/drivers/pio/pio_handler.o
                0x00081bb4                PIOC_Handler
 .text.PIOD_Handler
                0x00081bc8       0x14 src/ASF/sam/drivers/pio/pio_handler.o
                0x00081bc8                PIOD_Handler
 .text.pmc_switch_mck_to_pllack
                0x00081bdc       0x64 src/ASF/sam/drivers/pmc/pmc.o
                0x00081bdc                pmc_switch_mck_to_pllack
 .text.pmc_switch_mainck_to_xtal
                0x00081c40       0x54 src/ASF/sam/drivers/pmc/pmc.o
                0x00081c40                pmc_switch_mainck_to_xtal
 .text.pmc_osc_is_ready_mainck
                0x00081c94       0x10 src/ASF/sam/drivers/pmc/pmc.o
                0x00081c94                pmc_osc_is_ready_mainck
 .text.pmc_disable_pllack
                0x00081ca4       0x10 src/ASF/sam/drivers/pmc/pmc.o
                0x00081ca4                pmc_disable_pllack
 .text.pmc_is_locked_pllack
                0x00081cb4       0x10 src/ASF/sam/drivers/pmc/pmc.o
                0x00081cb4                pmc_is_locked_pllack
 .text.pmc_enable_periph_clk
                0x00081cc4       0x58 src/ASF/sam/drivers/pmc/pmc.o
                0x00081cc4                pmc_enable_periph_clk
 .text.Dummy_Handler
                0x00081d1c        0x4 src/ASF/sam/utils/cmsis/sam3x/source/templates/exceptions.o
                0x00081d1c                DACC_Handler
                0x00081d1c                DebugMon_Handler
                0x00081d1c                DMAC_Handler
                0x00081d1c                TRNG_Handler
                0x00081d1c                HardFault_Handler
                0x00081d1c                TC2_Handler
                0x00081d1c                USART3_Handler
                0x00081d1c                TWI1_Handler
                0x00081d1c                NMI_Handler
                0x00081d1c                TC7_Handler
                0x00081d1c                ADC_Handler
                0x00081d1c                SMC_Handler
                0x00081d1c                USART0_Handler
                0x00081d1c                RTT_Handler
                0x00081d1c                EFC1_Handler
                0x00081d1c                RTC_Handler
                0x00081d1c                UsageFault_Handler
                0x00081d1c                TC6_Handler
                0x00081d1c                WDT_Handler
                0x00081d1c                CAN0_Handler
                0x00081d1c                TC4_Handler
                0x00081d1c                TC1_Handler
                0x00081d1c                HSMCI_Handler
                0x00081d1c                TC3_Handler
                0x00081d1c                Dummy_Handler
                0x00081d1c                TWI0_Handler
                0x00081d1c                USART1_Handler
                0x00081d1c                SSC_Handler
                0x00081d1c                EFC0_Handler
                0x00081d1c                PMC_Handler
                0x00081d1c                PWM_Handler
                0x00081d1c                CAN1_Handler
                0x00081d1c                MemManage_Handler
                0x00081d1c                SUPC_Handler
                0x00081d1c                TC8_Handler
                0x00081d1c                USART2_Handler
                0x00081d1c                EMAC_Handler
                0x00081d1c                UART_Handler
                0x00081d1c                BusFault_Handler
                0x00081d1c                RSTC_Handler
                0x00081d1c                TC0_Handler
                0x00081d1c                TC5_Handler
                0x00081d1c                UOTGHS_Handler
                0x00081d1c                SPI0_Handler
 .text.Reset_Handler
                0x00081d20       0xb0 src/ASF/sam/utils/cmsis/sam3x/source/templates/gcc/startup_sam3x.o
                0x00081d20                Reset_Handler
 .text.SystemCoreClockUpdate
                0x00081dd0      0x11c src/ASF/sam/utils/cmsis/sam3x/source/templates/system_sam3x.o
                0x00081dd0                SystemCoreClockUpdate
 .text._sbrk    0x00081eec       0x34 src/ASF/sam/utils/syscalls/gcc/syscalls.o
                0x00081eec                _sbrk
 .text._close   0x00081f20        0x8 src/ASF/sam/utils/syscalls/gcc/syscalls.o
                0x00081f20                _close
 .text._fstat   0x00081f28        0xc src/ASF/sam/utils/syscalls/gcc/syscalls.o
                0x00081f28                _fstat
 .text._isatty  0x00081f34        0x4 src/ASF/sam/utils/syscalls/gcc/syscalls.o
                0x00081f34                _isatty
 .text._lseek   0x00081f38        0x4 src/ASF/sam/utils/syscalls/gcc/syscalls.o
                0x00081f38                _lseek
 .text.main     0x00081f3c       0xb8 src/main.o
                0x00081f3c                main
 .text.__libc_init_array
                0x00081ff4       0x50 c:/program files (x86)/atmel/atmel toolchain/arm gcc/native/4.8.1443/arm-gnu-toolchain/bin/../lib/gcc/arm-none-eabi/4.8.4/../../../../arm-none-eabi/lib/armv7-m\libc.a(lib_a-init.o)
                0x00081ff4                __libc_init_array
 .text.iprintf  0x00082044       0x28 c:/program files (x86)/atmel/atmel toolchain/arm gcc/native/4.8.1443/arm-gnu-toolchain/bin/../lib/gcc/arm-none-eabi/4.8.4/../../../../arm-none-eabi/lib/armv7-m\libc.a(lib_a-iprintf.o)
                0x00082044                iprintf
 .text          0x0008206c       0xec c:/program files (x86)/atmel/atmel toolchain/arm gcc/native/4.8.1443/arm-gnu-toolchain/bin/../lib/gcc/arm-none-eabi/4.8.4/../../../../arm-none-eabi/lib/armv7-m\libc.a(lib_a-memcpy.o)
                0x0008206c                memcpy
 .text.memset   0x00082158       0x94 c:/program files (x86)/atmel/atmel toolchain/arm gcc/native/4.8.1443/arm-gnu-toolchain/bin/../lib/gcc/arm-none-eabi/4.8.4/../../../../arm-none-eabi/lib/armv7-m\libc.a(lib_a-memset.o)
                0x00082158                memset
 .text.strlen   0x000821ec       0x60 c:/program files (x86)/atmel/atmel toolchain/arm gcc/native/4.8.1443/arm-gnu-toolchain/bin/../lib/gcc/arm-none-eabi/4.8.4/../../../../arm-none-eabi/lib/armv7-m\libc.a(lib_a-strlen.o)
                0x000821ec                strlen
 .text.strncpy  0x0008224c       0x64 c:/program files (x86)/atmel/atmel toolchain/arm gcc/native/4.8.1443/arm-gnu-toolchain/bin/../lib/gcc/arm-none-eabi/4.8.4/../../../../arm-none-eabi/lib/armv7-m\libc.a(lib_a-strncpy.o)
                0x0008224c                strncpy
 .text.__sprint_r.part.0
                0x000822b0       0x78 c:/program files (x86)/atmel/atmel toolchain/arm gcc/native/4.8.1443/arm-gnu-toolchain/bin/../lib/gcc/arm-none-eabi/4.8.4/../../../../arm-none-eabi/lib/armv7-m\libc.a(lib_a-vfiprintf.o)
 .text._vfiprintf_r
                0x00082328      0xc54 c:/program files (x86)/atmel/atmel toolchain/arm gcc/native/4.8.1443/arm-gnu-toolchain/bin/../lib/gcc/arm-none-eabi/4.8.4/../../../../arm-none-eabi/lib/armv7-m\libc.a(lib_a-vfiprintf.o)
                0x00082328                _vfiprintf_r
 .text.__sbprintf
                0x00082f7c       0x7c c:/program files (x86)/atmel/atmel toolchain/arm gcc/native/4.8.1443/arm-gnu-toolchain/bin/../lib/gcc/arm-none-eabi/4.8.4/../../../../arm-none-eabi/lib/armv7-m\libc.a(lib_a-vfiprintf.o)
 .text.__swsetup_r
                0x00082ff8       0xc4 c:/program files (x86)/atmel/atmel toolchain/arm gcc/native/4.8.1443/arm-gnu-toolchain/bin/../lib/gcc/arm-none-eabi/4.8.4/../../../../arm-none-eabi/lib/armv7-m\libc.a(lib_a-wsetup.o)
                0x00082ff8                __swsetup_r
 .text.startup.register_fini
                0x000830bc       0x14 c:/program files (x86)/atmel/atmel toolchain/arm gcc/native/4.8.1443/arm-gnu-toolchain/bin/../lib/gcc/arm-none-eabi/4.8.4/../../../../arm-none-eabi/lib/armv7-m\libc.a(lib_a-__call_atexit.o)
 .text.atexit   0x000830d0        0xc c:/program files (x86)/atmel/atmel toolchain/arm gcc/native/4.8.1443/arm-gnu-toolchain/bin/../lib/gcc/arm-none-eabi/4.8.4/../../../../arm-none-eabi/lib/armv7-m\libc.a(lib_a-atexit.o)
                0x000830d0                atexit
 .text.__sflush_r
                0x000830dc      0x148 c:/program files (x86)/atmel/atmel toolchain/arm gcc/native/4.8.1443/arm-gnu-toolchain/bin/../lib/gcc/arm-none-eabi/4.8.4/../../../../arm-none-eabi/lib/armv7-m\libc.a(lib_a-fflush.o)
                0x000830dc                __sflush_r
 .text._fflush_r
                0x00083224       0x2c c:/program files (x86)/atmel/atmel toolchain/arm gcc/native/4.8.1443/arm-gnu-toolchain/bin/../lib/gcc/arm-none-eabi/4.8.4/../../../../arm-none-eabi/lib/armv7-m\libc.a(lib_a-fflush.o)
                0x00083224                _fflush_r
 .text._cleanup_r
                0x00083250        0xc c:/program files (x86)/atmel/atmel toolchain/arm gcc/native/4.8.1443/arm-gnu-toolchain/bin/../lib/gcc/arm-none-eabi/4.8.4/../../../../arm-none-eabi/lib/armv7-m\libc.a(lib_a-findfp.o)
                0x00083250                _cleanup_r
 .text.__sinit  0x0008325c       0xf4 c:/program files (x86)/atmel/atmel toolchain/arm gcc/native/4.8.1443/arm-gnu-toolchain/bin/../lib/gcc/arm-none-eabi/4.8.4/../../../../arm-none-eabi/lib/armv7-m\libc.a(lib_a-findfp.o)
                0x0008325c                __sinit
 .text.__sfp_lock_acquire
                0x00083350        0x4 c:/program files (x86)/atmel/atmel toolchain/arm gcc/native/4.8.1443/arm-gnu-toolchain/bin/../lib/gcc/arm-none-eabi/4.8.4/../../../../arm-none-eabi/lib/armv7-m\libc.a(lib_a-findfp.o)
                0x00083350                __sfp_lock_acquire
 .text.__sfp_lock_release
                0x00083354        0x4 c:/program files (x86)/atmel/atmel toolchain/arm gcc/native/4.8.1443/arm-gnu-toolchain/bin/../lib/gcc/arm-none-eabi/4.8.4/../../../../arm-none-eabi/lib/armv7-m\libc.a(lib_a-findfp.o)
                0x00083354                __sfp_lock_release
 .text.__libc_fini_array
                0x00083358       0x30 c:/program files (x86)/atmel/atmel toolchain/arm gcc/native/4.8.1443/arm-gnu-toolchain/bin/../lib/gcc/arm-none-eabi/4.8.4/../../../../arm-none-eabi/lib/armv7-m\libc.a(lib_a-fini.o)
                0x00083358                __libc_fini_array
 .text._fputwc_r
                0x00083388       0xc0 c:/program files (x86)/atmel/atmel toolchain/arm gcc/native/4.8.1443/arm-gnu-toolchain/bin/../lib/gcc/arm-none-eabi/4.8.4/../../../../arm-none-eabi/lib/armv7-m\libc.a(lib_a-fputwc.o)
                0x00083388                _fputwc_r
 .text._malloc_trim_r
                0x00083448       0x9c c:/program files (x86)/atmel/atmel toolchain/arm gcc/native/4.8.1443/arm-gnu-toolchain/bin/../lib/gcc/arm-none-eabi/4.8.4/../../../../arm-none-eabi/lib/armv7-m\libc.a(lib_a-freer.o)
                0x00083448                _malloc_trim_r
 .text._free_r  0x000834e4      0x198 c:/program files (x86)/atmel/atmel toolchain/arm gcc/native/4.8.1443/arm-gnu-toolchain/bin/../lib/gcc/arm-none-eabi/4.8.4/../../../../arm-none-eabi/lib/armv7-m\libc.a(lib_a-freer.o)
                0x000834e4                _free_r
 .text.__sfvwrite_r
                0x0008367c      0x318 c:/program files (x86)/atmel/atmel toolchain/arm gcc/native/4.8.1443/arm-gnu-toolchain/bin/../lib/gcc/arm-none-eabi/4.8.4/../../../../arm-none-eabi/lib/armv7-m\libc.a(lib_a-fvwrite.o)
                0x0008367c                __sfvwrite_r
 .text._fwalk   0x00083994       0x48 c:/program files (x86)/atmel/atmel toolchain/arm gcc/native/4.8.1443/arm-gnu-toolchain/bin/../lib/gcc/arm-none-eabi/4.8.4/../../../../arm-none-eabi/lib/armv7-m\libc.a(lib_a-fwalk.o)
                0x00083994                _fwalk
 .text.__locale_charset
                0x000839dc        0x8 c:/program files (x86)/atmel/atmel toolchain/arm gcc/native/4.8.1443/arm-gnu-toolchain/bin/../lib/gcc/arm-none-eabi/4.8.4/../../../../arm-none-eabi/lib/armv7-m\libc.a(lib_a-locale.o)
                0x000839dc                __locale_charset
 .text.__locale_mb_cur_max
                0x000839e4        0xc c:/program files (x86)/atmel/atmel toolchain/arm gcc/native/4.8.1443/arm-gnu-toolchain/bin/../lib/gcc/arm-none-eabi/4.8.4/../../../../arm-none-eabi/lib/armv7-m\libc.a(lib_a-locale.o)
                0x000839e4                __locale_mb_cur_max
 .text.__smakebuf_r
                0x000839f0       0xe0 c:/program files (x86)/atmel/atmel toolchain/arm gcc/native/4.8.1443/arm-gnu-toolchain/bin/../lib/gcc/arm-none-eabi/4.8.4/../../../../arm-none-eabi/lib/armv7-m\libc.a(lib_a-makebuf.o)
                0x000839f0                __smakebuf_r
 .text._malloc_r
                0x00083ad0      0x538 c:/program files (x86)/atmel/atmel toolchain/arm gcc/native/4.8.1443/arm-gnu-toolchain/bin/../lib/gcc/arm-none-eabi/4.8.4/../../../../arm-none-eabi/lib/armv7-m\libc.a(lib_a-mallocr.o)
                0x00083ad0                _malloc_r
 .text.memchr   0x00084008       0x94 c:/program files (x86)/atmel/atmel toolchain/arm gcc/native/4.8.1443/arm-gnu-toolchain/bin/../lib/gcc/arm-none-eabi/4.8.4/../../../../arm-none-eabi/lib/armv7-m\libc.a(lib_a-memchr-stub.o)
                0x00084008                memchr
 .text.memmove  0x0008409c       0xcc c:/program files (x86)/atmel/atmel toolchain/arm gcc/native/4.8.1443/arm-gnu-toolchain/bin/../lib/gcc/arm-none-eabi/4.8.4/../../../../arm-none-eabi/lib/armv7-m\libc.a(lib_a-memmove.o)
                0x0008409c                memmove
 .text.__malloc_lock
                0x00084168        0x4 c:/program files (x86)/atmel/atmel toolchain/arm gcc/native/4.8.1443/arm-gnu-toolchain/bin/../lib/gcc/arm-none-eabi/4.8.4/../../../../arm-none-eabi/lib/armv7-m\libc.a(lib_a-mlock.o)
                0x00084168                __malloc_lock
 .text.__malloc_unlock
                0x0008416c        0x4 c:/program files (x86)/atmel/atmel toolchain/arm gcc/native/4.8.1443/arm-gnu-toolchain/bin/../lib/gcc/arm-none-eabi/4.8.4/../../../../arm-none-eabi/lib/armv7-m\libc.a(lib_a-mlock.o)
                0x0008416c                __malloc_unlock
 .text._realloc_r
                0x00084170      0x3c0 c:/program files (x86)/atmel/atmel toolchain/arm gcc/native/4.8.1443/arm-gnu-toolchain/bin/../lib/gcc/arm-none-eabi/4.8.4/../../../../arm-none-eabi/lib/armv7-m\libc.a(lib_a-reallocr.o)
                0x00084170                _realloc_r
 .text._sbrk_r  0x00084530       0x24 c:/program files (x86)/atmel/atmel toolchain/arm gcc/native/4.8.1443/arm-gnu-toolchain/bin/../lib/gcc/arm-none-eabi/4.8.4/../../../../arm-none-eabi/lib/armv7-m\libc.a(lib_a-sbrkr.o)
                0x00084530                _sbrk_r
 .text.__sread  0x00084554       0x24 c:/program files (x86)/atmel/atmel toolchain/arm gcc/native/4.8.1443/arm-gnu-toolchain/bin/../lib/gcc/arm-none-eabi/4.8.4/../../../../arm-none-eabi/lib/armv7-m\libc.a(lib_a-stdio.o)
                0x00084554                __sread
 .text.__swrite
                0x00084578       0x38 c:/program files (x86)/atmel/atmel toolchain/arm gcc/native/4.8.1443/arm-gnu-toolchain/bin/../lib/gcc/arm-none-eabi/4.8.4/../../../../arm-none-eabi/lib/armv7-m\libc.a(lib_a-stdio.o)
                0x00084578                __swrite
 .text.__sseek  0x000845b0       0x20 c:/program files (x86)/atmel/atmel toolchain/arm gcc/native/4.8.1443/arm-gnu-toolchain/bin/../lib/gcc/arm-none-eabi/4.8.4/../../../../arm-none-eabi/lib/armv7-m\libc.a(lib_a-stdio.o)
                0x000845b0                __sseek
 .text.__sclose
                0x000845d0        0x8 c:/program files (x86)/atmel/atmel toolchain/arm gcc/native/4.8.1443/arm-gnu-toolchain/bin/../lib/gcc/arm-none-eabi/4.8.4/../../../../arm-none-eabi/lib/armv7-m\libc.a(lib_a-stdio.o)
                0x000845d0                __sclose
 .text.__swbuf_r
                0x000845d8       0xa8 c:/program files (x86)/atmel/atmel toolchain/arm gcc/native/4.8.1443/arm-gnu-toolchain/bin/../lib/gcc/arm-none-eabi/4.8.4/../../../../arm-none-eabi/lib/armv7-m\libc.a(lib_a-wbuf.o)
                0x000845d8                __swbuf_r
 .text._wcrtomb_r
                0x00084680       0x50 c:/program files (x86)/atmel/atmel toolchain/arm gcc/native/4.8.1443/arm-gnu-toolchain/bin/../lib/gcc/arm-none-eabi/4.8.4/../../../../arm-none-eabi/lib/armv7-m\libc.a(lib_a-wcrtomb.o)
                0x00084680                _wcrtomb_r
 .text.__ascii_wctomb
                0x000846d0       0x1c c:/program files (x86)/atmel/atmel toolchain/arm gcc/native/4.8.1443/arm-gnu-toolchain/bin/../lib/gcc/arm-none-eabi/4.8.4/../../../../arm-none-eabi/lib/armv7-m\libc.a(lib_a-wctomb_r.o)
                0x000846d0                __ascii_wctomb
 .text._write_r
                0x000846ec       0x28 c:/program files (x86)/atmel/atmel toolchain/arm gcc/native/4.8.1443/arm-gnu-toolchain/bin/../lib/gcc/arm-none-eabi/4.8.4/../../../../arm-none-eabi/lib/armv7-m\libc.a(lib_a-writer.o)
                0x000846ec                _write_r
 .text.__register_exitproc
                0x00084714       0xa8 c:/program files (x86)/atmel/atmel toolchain/arm gcc/native/4.8.1443/arm-gnu-toolchain/bin/../lib/gcc/arm-none-eabi/4.8.4/../../../../arm-none-eabi/lib/armv7-m\libc.a(lib_a-__atexit.o)
                0x00084714                __register_exitproc
 .text._close_r
                0x000847bc       0x24 c:/program files (x86)/atmel/atmel toolchain/arm gcc/native/4.8.1443/arm-gnu-toolchain/bin/../lib/gcc/arm-none-eabi/4.8.4/../../../../arm-none-eabi/lib/armv7-m\libc.a(lib_a-closer.o)
                0x000847bc                _close_r
 .text._fclose_r
                0x000847e0       0x80 c:/program files (x86)/atmel/atmel toolchain/arm gcc/native/4.8.1443/arm-gnu-toolchain/bin/../lib/gcc/arm-none-eabi/4.8.4/../../../../arm-none-eabi/lib/armv7-m\libc.a(lib_a-fclose.o)
                0x000847e0                _fclose_r
 .text.fclose   0x00084860       0x10 c:/program files (x86)/atmel/atmel toolchain/arm gcc/native/4.8.1443/arm-gnu-toolchain/bin/../lib/gcc/arm-none-eabi/4.8.4/../../../../arm-none-eabi/lib/armv7-m\libc.a(lib_a-fclose.o)
                0x00084860                fclose
 .text._fstat_r
                0x00084870       0x28 c:/program files (x86)/atmel/atmel toolchain/arm gcc/native/4.8.1443/arm-gnu-toolchain/bin/../lib/gcc/arm-none-eabi/4.8.4/../../../../arm-none-eabi/lib/armv7-m\libc.a(lib_a-fstatr.o)
                0x00084870                _fstat_r
 .text._isatty_r
                0x00084898       0x24 c:/program files (x86)/atmel/atmel toolchain/arm gcc/native/4.8.1443/arm-gnu-toolchain/bin/../lib/gcc/arm-none-eabi/4.8.4/../../../../arm-none-eabi/lib/armv7-m\libc.a(lib_a-isattyr.o)
                0x00084898                _isatty_r
 .text._lseek_r
                0x000848bc       0x28 c:/program files (x86)/atmel/atmel toolchain/arm gcc/native/4.8.1443/arm-gnu-toolchain/bin/../lib/gcc/arm-none-eabi/4.8.4/../../../../arm-none-eabi/lib/armv7-m\libc.a(lib_a-lseekr.o)
                0x000848bc                _lseek_r
 .text._read_r  0x000848e4       0x28 c:/program files (x86)/atmel/atmel toolchain/arm gcc/native/4.8.1443/arm-gnu-toolchain/bin/../lib/gcc/arm-none-eabi/4.8.4/../../../../arm-none-eabi/lib/armv7-m\libc.a(lib_a-readr.o)
                0x000848e4                _read_r
 .text          0x0008490c       0x2c c:/program files (x86)/atmel/atmel toolchain/arm gcc/native/4.8.1443/arm-gnu-toolchain/bin/../lib/gcc/arm-none-eabi/4.8.4/armv7-m\libgcc.a(_aeabi_uldivmod.o)
                0x0008490c                __aeabi_uldivmod
 .text          0x00084938       0x60 c:/program files (x86)/atmel/atmel toolchain/arm gcc/native/4.8.1443/arm-gnu-toolchain/bin/../lib/gcc/arm-none-eabi/4.8.4/armv7-m\libgcc.a(bpabi.o)
                0x00084938                __gnu_ldivmod_helper
                0x00084968                __gnu_uldivmod_helper
 .text          0x00084998        0x4 c:/program files (x86)/atmel/atmel toolchain/arm gcc/native/4.8.1443/arm-gnu-toolchain/bin/../lib/gcc/arm-none-eabi/4.8.4/armv7-m\libgcc.a(_dvmd_tls.o)
                0x00084998                __aeabi_idiv0
                0x00084998                __aeabi_ldiv0
 .text          0x0008499c      0x2a0 c:/program files (x86)/atmel/atmel toolchain/arm gcc/native/4.8.1443/arm-gnu-toolchain/bin/../lib/gcc/arm-none-eabi/4.8.4/armv7-m\libgcc.a(_divdi3.o)
                0x0008499c                __divdi3
 .text          0x00084c3c      0x290 c:/program files (x86)/atmel/atmel toolchain/arm gcc/native/4.8.1443/arm-gnu-toolchain/bin/../lib/gcc/arm-none-eabi/4.8.4/armv7-m\libgcc.a(_udivdi3.o)
                0x00084c3c                __udivdi3
 *(.glue_7t)
 .glue_7t       0x00000000        0x0 linker stubs
 *(.glue_7)
 .glue_7        0x00000000        0x0 linker stubs
 *(.rodata .rodata* .gnu.linkonce.r.*)
 .rodata.str1.4
                0x00084ecc       0x1f src/ASF/thirdparty/freertos/freertos-7.3.0/source/tasks.o
                                 0x20 (size before relaxing)
 *fill*         0x00084eeb        0x1 
 .rodata.str1.4
                0x00084eec        0x8 src/ASF/thirdparty/freertos/freertos-7.3.0/source/timers.o
 .rodata.str1.4
                0x00084ef4       0x28 src/main.o
 .rodata.str1.4
                0x00084f1c        0x2 c:/program files (x86)/atmel/atmel toolchain/arm gcc/native/4.8.1443/arm-gnu-toolchain/bin/../lib/gcc/arm-none-eabi/4.8.4/../../../../arm-none-eabi/lib/armv7-m\libc.a(lib_a-impure.o)
                                  0x4 (size before relaxing)
 *fill*         0x00084f1e        0x2 
 .rodata._global_impure_ptr
                0x00084f20        0x4 c:/program files (x86)/atmel/atmel toolchain/arm gcc/native/4.8.1443/arm-gnu-toolchain/bin/../lib/gcc/arm-none-eabi/4.8.4/../../../../arm-none-eabi/lib/armv7-m\libc.a(lib_a-impure.o)
                0x00084f20                _global_impure_ptr
 .rodata.str1.4
                0x00084f24       0x30 c:/program files (x86)/atmel/atmel toolchain/arm gcc/native/4.8.1443/arm-gnu-toolchain/bin/../lib/gcc/arm-none-eabi/4.8.4/../../../../arm-none-eabi/lib/armv7-m\libc.a(lib_a-vfiprintf.o)
 .rodata.zeroes.6721
                0x00084f54       0x10 c:/program files (x86)/atmel/atmel toolchain/arm gcc/native/4.8.1443/arm-gnu-toolchain/bin/../lib/gcc/arm-none-eabi/4.8.4/../../../../arm-none-eabi/lib/armv7-m\libc.a(lib_a-vfiprintf.o)
 .rodata.blanks.6720
                0x00084f64       0x10 c:/program files (x86)/atmel/atmel toolchain/arm gcc/native/4.8.1443/arm-gnu-toolchain/bin/../lib/gcc/arm-none-eabi/4.8.4/../../../../arm-none-eabi/lib/armv7-m\libc.a(lib_a-vfiprintf.o)
 *(.ARM.extab* .gnu.linkonce.armextab.*)
                0x00084f74                . = ALIGN (0x4)
 *(.init)
 .init          0x00084f74        0x4 c:/program files (x86)/atmel/atmel toolchain/arm gcc/native/4.8.1443/arm-gnu-toolchain/bin/../lib/gcc/arm-none-eabi/4.8.4/armv7-m/crti.o
                0x00084f74                _init
 .init          0x00084f78        0x8 c:/program files (x86)/atmel/atmel toolchain/arm gcc/native/4.8.1443/arm-gnu-toolchain/bin/../lib/gcc/arm-none-eabi/4.8.4/armv7-m/crtn.o
                0x00084f80                . = ALIGN (0x4)
                0x00084f80                __preinit_array_start = .
 *(.preinit_array)
                0x00084f80                __preinit_array_end = .
                0x00084f80                . = ALIGN (0x4)
                0x00084f80                __init_array_start = .
 *(SORT(.init_array.*))
 .init_array.00000
                0x00084f80        0x4 c:/program files (x86)/atmel/atmel toolchain/arm gcc/native/4.8.1443/arm-gnu-toolchain/bin/../lib/gcc/arm-none-eabi/4.8.4/../../../../arm-none-eabi/lib/armv7-m\libc.a(lib_a-__call_atexit.o)
 *(.init_array)
 .init_array    0x00084f84        0x4 c:/program files (x86)/atmel/atmel toolchain/arm gcc/native/4.8.1443/arm-gnu-toolchain/bin/../lib/gcc/arm-none-eabi/4.8.4/armv7-m/crtbegin.o
                0x00084f88                __init_array_end = .
                0x00084f88                . = ALIGN (0x4)
 *crtbegin.o(.ctors)
 *(EXCLUDE_FILE(*crtend.o) .ctors)
 *(SORT(.ctors.*))
 *crtend.o(.ctors)
                0x00084f88                . = ALIGN (0x4)
 *(.fini)
 .fini          0x00084f88        0x4 c:/program files (x86)/atmel/atmel toolchain/arm gcc/native/4.8.1443/arm-gnu-toolchain/bin/../lib/gcc/arm-none-eabi/4.8.4/armv7-m/crti.o
                0x00084f88                _fini
 .fini          0x00084f8c        0x8 c:/program files (x86)/atmel/atmel toolchain/arm gcc/native/4.8.1443/arm-gnu-toolchain/bin/../lib/gcc/arm-none-eabi/4.8.4/armv7-m/crtn.o
                0x00084f94                . = ALIGN (0x4)
                0x00084f94                __fini_array_start = .
 *(.fini_array)
 .fini_array    0x00084f94        0x4 c:/program files (x86)/atmel/atmel toolchain/arm gcc/native/4.8.1443/arm-gnu-toolchain/bin/../lib/gcc/arm-none-eabi/4.8.4/armv7-m/crtbegin.o
 *(SORT(.fini_array.*))
                0x00084f98                __fini_array_end = .
 *crtbegin.o(.dtors)
 *(EXCLUDE_FILE(*crtend.o) .dtors)
 *(SORT(.dtors.*))
 *crtend.o(.dtors)
                0x00084f98                . = ALIGN (0x4)
                0x00084f98                _efixed = .
                0x00084f98                PROVIDE (__exidx_start, .)

.vfp11_veneer   0x00084f98        0x0
 .vfp11_veneer  0x00000000        0x0 linker stubs

.v4_bx          0x00084f98        0x0
 .v4_bx         0x00000000        0x0 linker stubs

.iplt           0x00084f98        0x0
 .iplt          0x00000000        0x0 c:/program files (x86)/atmel/atmel toolchain/arm gcc/native/4.8.1443/arm-gnu-toolchain/bin/../lib/gcc/arm-none-eabi/4.8.4/armv7-m/crtbegin.o

.ARM.exidx      0x00084f98        0x8
 *(.ARM.exidx* .gnu.linkonce.armexidx.*)
 .ARM.exidx     0x00084f98        0x8 c:/program files (x86)/atmel/atmel toolchain/arm gcc/native/4.8.1443/arm-gnu-toolchain/bin/../lib/gcc/arm-none-eabi/4.8.4/armv7-m\libgcc.a(_divdi3.o)
 .ARM.exidx     0x00084fa0        0x0 c:/program files (x86)/atmel/atmel toolchain/arm gcc/native/4.8.1443/arm-gnu-toolchain/bin/../lib/gcc/arm-none-eabi/4.8.4/armv7-m\libgcc.a(_udivdi3.o)
                                  0x8 (size before relaxing)
                0x00084fa0                PROVIDE (__exidx_end, .)

.eh_frame       0x00084fa0        0x0
 .eh_frame      0x00084fa0        0x0 c:/program files (x86)/atmel/atmel toolchain/arm gcc/native/4.8.1443/arm-gnu-toolchain/bin/../lib/gcc/arm-none-eabi/4.8.4/armv7-m/crtbegin.o

.rel.dyn        0x00084fa0        0x0
 .rel.iplt      0x00000000        0x0 c:/program files (x86)/atmel/atmel toolchain/arm gcc/native/4.8.1443/arm-gnu-toolchain/bin/../lib/gcc/arm-none-eabi/4.8.4/armv7-m/crtbegin.o

.jcr            0x00084fa0        0x0
 .jcr           0x00084fa0        0x0 c:/program files (x86)/atmel/atmel toolchain/arm gcc/native/4.8.1443/arm-gnu-toolchain/bin/../lib/gcc/arm-none-eabi/4.8.4/armv7-m/crtbegin.o

.igot.plt       0x00084fa0        0x0
 .igot.plt      0x00000000        0x0 c:/program files (x86)/atmel/atmel toolchain/arm gcc/native/4.8.1443/arm-gnu-toolchain/bin/../lib/gcc/arm-none-eabi/4.8.4/armv7-m/crtbegin.o
                0x00084fa0                . = ALIGN (0x4)
                0x00084fa0                _etext = .

.relocate       0x20070000      0x9a4 load address 0x00084fa0
                0x20070000                . = ALIGN (0x4)
                0x20070000                _srelocate = .
 *(.ramfunc .ramfunc.*)
 .ramfunc       0x20070000      0x12c src/ASF/sam/utils/cmsis/sam3x/source/templates/system_sam3x.o
                0x20070000                SystemInit
                0x200700a4                system_init_flash
 *(.data .data.*)
 .data.uxCriticalNesting
                0x2007012c        0x4 src/ASF/thirdparty/freertos/freertos-7.3.0/source/portable/gcc/sam/port.o
 .data.xFreeBytesRemaining
                0x20070130        0x4 src/ASF/thirdparty/freertos/freertos-7.3.0/source/portable/memmang/heap_4.o
 .data.xNextTaskUnblockTime
                0x20070134        0x2 src/ASF/thirdparty/freertos/freertos-7.3.0/source/tasks.o
 *fill*         0x20070136        0x2 
 .data.SystemCoreClock
                0x20070138        0x4 src/ASF/sam/utils/cmsis/sam3x/source/templates/system_sam3x.o
                0x20070138                SystemCoreClock
 *fill*         0x2007013c        0x4 
 .data.impure_data
                0x20070140      0x428 c:/program files (x86)/atmel/atmel toolchain/arm gcc/native/4.8.1443/arm-gnu-toolchain/bin/../lib/gcc/arm-none-eabi/4.8.4/../../../../arm-none-eabi/lib/armv7-m\libc.a(lib_a-impure.o)
 .data._impure_ptr
                0x20070568        0x4 c:/program files (x86)/atmel/atmel toolchain/arm gcc/native/4.8.1443/arm-gnu-toolchain/bin/../lib/gcc/arm-none-eabi/4.8.4/../../../../arm-none-eabi/lib/armv7-m\libc.a(lib_a-impure.o)
                0x20070568                _impure_ptr
 .data.lc_ctype_charset
                0x2007056c       0x20 c:/program files (x86)/atmel/atmel toolchain/arm gcc/native/4.8.1443/arm-gnu-toolchain/bin/../lib/gcc/arm-none-eabi/4.8.4/../../../../arm-none-eabi/lib/armv7-m\libc.a(lib_a-locale.o)
 .data.__mb_cur_max
                0x2007058c        0x4 c:/program files (x86)/atmel/atmel toolchain/arm gcc/native/4.8.1443/arm-gnu-toolchain/bin/../lib/gcc/arm-none-eabi/4.8.4/../../../../arm-none-eabi/lib/armv7-m\libc.a(lib_a-locale.o)
                0x2007058c                __mb_cur_max
 .data.__malloc_av_
                0x20070590      0x408 c:/program files (x86)/atmel/atmel toolchain/arm gcc/native/4.8.1443/arm-gnu-toolchain/bin/../lib/gcc/arm-none-eabi/4.8.4/../../../../arm-none-eabi/lib/armv7-m\libc.a(lib_a-mallocr.o)
                0x20070590                __malloc_av_
 .data.__malloc_trim_threshold
                0x20070998        0x4 c:/program files (x86)/atmel/atmel toolchain/arm gcc/native/4.8.1443/arm-gnu-toolchain/bin/../lib/gcc/arm-none-eabi/4.8.4/../../../../arm-none-eabi/lib/armv7-m\libc.a(lib_a-mallocr.o)
                0x20070998                __malloc_trim_threshold
 .data.__malloc_sbrk_base
                0x2007099c        0x4 c:/program files (x86)/atmel/atmel toolchain/arm gcc/native/4.8.1443/arm-gnu-toolchain/bin/../lib/gcc/arm-none-eabi/4.8.4/../../../../arm-none-eabi/lib/armv7-m\libc.a(lib_a-mallocr.o)
                0x2007099c                __malloc_sbrk_base
 .data.__wctomb
                0x200709a0        0x4 c:/program files (x86)/atmel/atmel toolchain/arm gcc/native/4.8.1443/arm-gnu-toolchain/bin/../lib/gcc/arm-none-eabi/4.8.4/../../../../arm-none-eabi/lib/armv7-m\libc.a(lib_a-wctomb_r.o)
                0x200709a0                __wctomb
                0x200709a4                . = ALIGN (0x4)
                0x200709a4                _erelocate = .

.bss            0x200709a8     0x8288 load address 0x00085948
                0x200709a8                . = ALIGN (0x4)
                0x200709a8                _sbss = .
                0x200709a8                _szero = .
 *(.bss .bss.*)
 .bss           0x200709a8       0x1c c:/program files (x86)/atmel/atmel toolchain/arm gcc/native/4.8.1443/arm-gnu-toolchain/bin/../lib/gcc/arm-none-eabi/4.8.4/armv7-m/crtbegin.o
 *fill*         0x200709c4        0x4 
 .bss.xHeap     0x200709c8     0x8000 src/ASF/thirdparty/freertos/freertos-7.3.0/source/portable/memmang/heap_4.o
 .bss.pxEnd     0x200789c8        0x4 src/ASF/thirdparty/freertos/freertos-7.3.0/source/portable/memmang/heap_4.o
 .bss.xStart    0x200789cc        0x8 src/ASF/thirdparty/freertos/freertos-7.3.0/source/portable/memmang/heap_4.o
 .bss.uxMissedTicks
                0x200789d4        0x4 src/ASF/thirdparty/freertos/freertos-7.3.0/source/tasks.o
 .bss.xSuspendedTaskList
                0x200789d8       0x14 src/ASF/thirdparty/freertos/freertos-7.3.0/source/tasks.o
 .bss.pxDelayedTaskList
                0x200789ec        0x4 src/ASF/thirdparty/freertos/freertos-7.3.0/source/tasks.o
 .bss.xSchedulerRunning
                0x200789f0        0x4 src/ASF/thirdparty/freertos/freertos-7.3.0/source/tasks.o
 .bss.uxTasksDeleted
                0x200789f4        0x4 src/ASF/thirdparty/freertos/freertos-7.3.0/source/tasks.o
 .bss.xTasksWaitingTermination
                0x200789f8       0x14 src/ASF/thirdparty/freertos/freertos-7.3.0/source/tasks.o
 .bss.xDelayedTaskList2
                0x20078a0c       0x14 src/ASF/thirdparty/freertos/freertos-7.3.0/source/tasks.o
 .bss.uxTopReadyPriority
                0x20078a20        0x4 src/ASF/thirdparty/freertos/freertos-7.3.0/source/tasks.o
 .bss.pxReadyTasksLists
                0x20078a24       0xc8 src/ASF/thirdparty/freertos/freertos-7.3.0/source/tasks.o
 .bss.uxSchedulerSuspended
                0x20078aec        0x4 src/ASF/thirdparty/freertos/freertos-7.3.0/source/tasks.o
 .bss.pxCurrentTCB
                0x20078af0        0x4 src/ASF/thirdparty/freertos/freertos-7.3.0/source/tasks.o
                0x20078af0                pxCurrentTCB
 .bss.xPendingReadyList
                0x20078af4       0x14 src/ASF/thirdparty/freertos/freertos-7.3.0/source/tasks.o
 .bss.xNumOfOverflows
                0x20078b08        0x4 src/ASF/thirdparty/freertos/freertos-7.3.0/source/tasks.o
 .bss.xTickCount
                0x20078b0c        0x2 src/ASF/thirdparty/freertos/freertos-7.3.0/source/tasks.o
 *fill*         0x20078b0e        0x2 
 .bss.pxOverflowDelayedTaskList
                0x20078b10        0x4 src/ASF/thirdparty/freertos/freertos-7.3.0/source/tasks.o
 .bss.uxTaskNumber
                0x20078b14        0x4 src/ASF/thirdparty/freertos/freertos-7.3.0/source/tasks.o
 .bss.xDelayedTaskList1
                0x20078b18       0x14 src/ASF/thirdparty/freertos/freertos-7.3.0/source/tasks.o
 .bss.xMissedYield
                0x20078b2c        0x4 src/ASF/thirdparty/freertos/freertos-7.3.0/source/tasks.o
 .bss.uxCurrentNumberOfTasks
                0x20078b30        0x4 src/ASF/thirdparty/freertos/freertos-7.3.0/source/tasks.o
 .bss.uxTopUsedPriority
                0x20078b34        0x4 src/ASF/thirdparty/freertos/freertos-7.3.0/source/tasks.o
 .bss.pxCurrentTimerList
                0x20078b38        0x4 src/ASF/thirdparty/freertos/freertos-7.3.0/source/timers.o
 .bss.xActiveTimerList1
                0x20078b3c       0x14 src/ASF/thirdparty/freertos/freertos-7.3.0/source/timers.o
 .bss.xActiveTimerList2
                0x20078b50       0x14 src/ASF/thirdparty/freertos/freertos-7.3.0/source/timers.o
 .bss.xLastTime.4484
                0x20078b64        0x2 src/ASF/thirdparty/freertos/freertos-7.3.0/source/timers.o
 *fill*         0x20078b66        0x2 
 .bss.xTimerQueue
                0x20078b68        0x4 src/ASF/thirdparty/freertos/freertos-7.3.0/source/timers.o
 .bss.pxOverflowTimerList
                0x20078b6c        0x4 src/ASF/thirdparty/freertos/freertos-7.3.0/source/timers.o
 .bss.gs_interrupt_sources
                0x20078b70       0x70 src/ASF/sam/drivers/pio/pio_handler.o
 .bss.heap.5098
                0x20078be0        0x4 src/ASF/sam/utils/syscalls/gcc/syscalls.o
 .bss.pvParameters
                0x20078be4        0x1 src/main.o
 *fill*         0x20078be5        0x3 
 .bss.xHandle   0x20078be8        0x4 src/main.o
                0x20078be8                xHandle
 .bss.__malloc_max_total_mem
                0x20078bec        0x4 c:/program files (x86)/atmel/atmel toolchain/arm gcc/native/4.8.1443/arm-gnu-toolchain/bin/../lib/gcc/arm-none-eabi/4.8.4/../../../../arm-none-eabi/lib/armv7-m\libc.a(lib_a-mallocr.o)
                0x20078bec                __malloc_max_total_mem
 .bss.__malloc_max_sbrked_mem
                0x20078bf0        0x4 c:/program files (x86)/atmel/atmel toolchain/arm gcc/native/4.8.1443/arm-gnu-toolchain/bin/../lib/gcc/arm-none-eabi/4.8.4/../../../../arm-none-eabi/lib/armv7-m\libc.a(lib_a-mallocr.o)
                0x20078bf0                __malloc_max_sbrked_mem
 .bss.__malloc_top_pad
                0x20078bf4        0x4 c:/program files (x86)/atmel/atmel toolchain/arm gcc/native/4.8.1443/arm-gnu-toolchain/bin/../lib/gcc/arm-none-eabi/4.8.4/../../../../arm-none-eabi/lib/armv7-m\libc.a(lib_a-mallocr.o)
                0x20078bf4                __malloc_top_pad
 .bss.__malloc_current_mallinfo
                0x20078bf8       0x28 c:/program files (x86)/atmel/atmel toolchain/arm gcc/native/4.8.1443/arm-gnu-toolchain/bin/../lib/gcc/arm-none-eabi/4.8.4/../../../../arm-none-eabi/lib/armv7-m\libc.a(lib_a-mallocr.o)
                0x20078bf8                __malloc_current_mallinfo
 *(COMMON)
 COMMON         0x20078c20        0x4 src/ASF/common/utils/stdio/read.o
                0x20078c20                ptr_get
 COMMON         0x20078c24        0x8 src/ASF/common/utils/stdio/write.o
                0x20078c24                ptr_put
                0x20078c28                stdio_base
 COMMON         0x20078c2c        0x4 c:/program files (x86)/atmel/atmel toolchain/arm gcc/native/4.8.1443/arm-gnu-toolchain/bin/../lib/gcc/arm-none-eabi/4.8.4/../../../../arm-none-eabi/lib/armv7-m\libc.a(lib_a-reent.o)
                0x20078c2c                errno
                0x20078c30                . = ALIGN (0x4)
                0x20078c30                _ebss = .
                0x20078c30                _ezero = .

.stack          0x20078c30     0x2000 load address 0x0008dbd0
                0x20078c30                . = ALIGN (0x8)
                0x20078c30                _sstack = .
                0x2007ac30                . = (. + __stack_size__)
 *fill*         0x20078c30     0x2000 
                0x2007ac30                . = ALIGN (0x8)
                0x2007ac30                _estack = .
                0x2007ac30                . = ALIGN (0x4)
                0x2007ac30                _end = .
OUTPUT(TestSchema1.elf elf32-littlearm)

.ARM.attributes
                0x00000000       0x29
 .ARM.attributes
                0x00000000       0x1d c:/program files (x86)/atmel/atmel toolchain/arm gcc/native/4.8.1443/arm-gnu-toolchain/bin/../lib/gcc/arm-none-eabi/4.8.4/armv7-m/crti.o
 .ARM.attributes
                0x0000001d       0x2d c:/program files (x86)/atmel/atmel toolchain/arm gcc/native/4.8.1443/arm-gnu-toolchain/bin/../lib/gcc/arm-none-eabi/4.8.4/armv7-m/crtbegin.o
 .ARM.attributes
                0x0000004a       0x33 src/ASF/common/utils/stdio/read.o
 .ARM.attributes
                0x0000007d       0x33 src/Task_UnoComm.o
 .ARM.attributes
                0x000000b0       0x33 src/ASF/common/utils/stdio/write.o
 .ARM.attributes
                0x000000e3       0x33 src/Task_GetCordinates.o
 .ARM.attributes
                0x00000116       0x33 src/Task_Move.o
 .ARM.attributes
                0x00000149       0x33 src/ASF/thirdparty/freertos/freertos-7.3.0/source/list.o
 .ARM.attributes
                0x0000017c       0x33 src/ASF/thirdparty/freertos/freertos-7.3.0/source/portable/gcc/sam/port.o
 .ARM.attributes
                0x000001af       0x33 src/ASF/thirdparty/freertos/freertos-7.3.0/source/portable/memmang/heap_4.o
 .ARM.attributes
                0x000001e2       0x33 src/ASF/thirdparty/freertos/freertos-7.3.0/source/queue.o
 .ARM.attributes
                0x00000215       0x33 src/ASF/thirdparty/freertos/freertos-7.3.0/source/tasks.o
 .ARM.attributes
                0x00000248       0x33 src/ASF/thirdparty/freertos/freertos-7.3.0/source/timers.o
 .ARM.attributes
                0x0000027b       0x33 src/ASF/common/services/clock/sam3x/sysclk.o
 .ARM.attributes
                0x000002ae       0x33 src/ASF/sam/boards/arduino_due_x/init.o
 .ARM.attributes
                0x000002e1       0x33 src/ASF/sam/drivers/pio/pio.o
 .ARM.attributes
                0x00000314       0x33 src/ASF/sam/drivers/pio/pio_handler.o
 .ARM.attributes
                0x00000347       0x33 src/ASF/sam/drivers/pmc/pmc.o
 .ARM.attributes
                0x0000037a       0x33 src/ASF/sam/utils/cmsis/sam3x/source/templates/exceptions.o
 .ARM.attributes
                0x000003ad       0x33 src/ASF/sam/utils/cmsis/sam3x/source/templates/gcc/startup_sam3x.o
 .ARM.attributes
                0x000003e0       0x33 src/ASF/sam/utils/cmsis/sam3x/source/templates/system_sam3x.o
 .ARM.attributes
                0x00000413       0x33 src/ASF/sam/utils/syscalls/gcc/syscalls.o
 .ARM.attributes
                0x00000446       0x33 src/main.o
 .ARM.attributes
                0x00000479       0x2d c:/program files (x86)/atmel/atmel toolchain/arm gcc/native/4.8.1443/arm-gnu-toolchain/bin/../lib/gcc/arm-none-eabi/4.8.4/../../../../arm-none-eabi/lib/armv7-m\libc.a(lib_a-impure.o)
 .ARM.attributes
                0x000004a6       0x2d c:/program files (x86)/atmel/atmel toolchain/arm gcc/native/4.8.1443/arm-gnu-toolchain/bin/../lib/gcc/arm-none-eabi/4.8.4/../../../../arm-none-eabi/lib/armv7-m\libc.a(lib_a-init.o)
 .ARM.attributes
                0x000004d3       0x2d c:/program files (x86)/atmel/atmel toolchain/arm gcc/native/4.8.1443/arm-gnu-toolchain/bin/../lib/gcc/arm-none-eabi/4.8.4/../../../../arm-none-eabi/lib/armv7-m\libc.a(lib_a-iprintf.o)
 .ARM.attributes
                0x00000500       0x1b c:/program files (x86)/atmel/atmel toolchain/arm gcc/native/4.8.1443/arm-gnu-toolchain/bin/../lib/gcc/arm-none-eabi/4.8.4/../../../../arm-none-eabi/lib/armv7-m\libc.a(lib_a-memcpy.o)
 .ARM.attributes
                0x0000051b       0x2d c:/program files (x86)/atmel/atmel toolchain/arm gcc/native/4.8.1443/arm-gnu-toolchain/bin/../lib/gcc/arm-none-eabi/4.8.4/../../../../arm-none-eabi/lib/armv7-m\libc.a(lib_a-memset.o)
 .ARM.attributes
                0x00000548       0x2d c:/program files (x86)/atmel/atmel toolchain/arm gcc/native/4.8.1443/arm-gnu-toolchain/bin/../lib/gcc/arm-none-eabi/4.8.4/../../../../arm-none-eabi/lib/armv7-m\libc.a(lib_a-strlen.o)
 .ARM.attributes
                0x00000575       0x2d c:/program files (x86)/atmel/atmel toolchain/arm gcc/native/4.8.1443/arm-gnu-toolchain/bin/../lib/gcc/arm-none-eabi/4.8.4/../../../../arm-none-eabi/lib/armv7-m\libc.a(lib_a-strncpy.o)
 .ARM.attributes
                0x000005a2       0x2d c:/program files (x86)/atmel/atmel toolchain/arm gcc/native/4.8.1443/arm-gnu-toolchain/bin/../lib/gcc/arm-none-eabi/4.8.4/../../../../arm-none-eabi/lib/armv7-m\libc.a(lib_a-vfiprintf.o)
 .ARM.attributes
                0x000005cf       0x2d c:/program files (x86)/atmel/atmel toolchain/arm gcc/native/4.8.1443/arm-gnu-toolchain/bin/../lib/gcc/arm-none-eabi/4.8.4/../../../../arm-none-eabi/lib/armv7-m\libc.a(lib_a-wsetup.o)
 .ARM.attributes
                0x000005fc       0x2d c:/program files (x86)/atmel/atmel toolchain/arm gcc/native/4.8.1443/arm-gnu-toolchain/bin/../lib/gcc/arm-none-eabi/4.8.4/../../../../arm-none-eabi/lib/armv7-m\libc.a(lib_a-__call_atexit.o)
 .ARM.attributes
                0x00000629       0x2d c:/program files (x86)/atmel/atmel toolchain/arm gcc/native/4.8.1443/arm-gnu-toolchain/bin/../lib/gcc/arm-none-eabi/4.8.4/../../../../arm-none-eabi/lib/armv7-m\libc.a(lib_a-atexit.o)
 .ARM.attributes
                0x00000656       0x2d c:/program files (x86)/atmel/atmel toolchain/arm gcc/native/4.8.1443/arm-gnu-toolchain/bin/../lib/gcc/arm-none-eabi/4.8.4/../../../../arm-none-eabi/lib/armv7-m\libc.a(lib_a-fflush.o)
 .ARM.attributes
                0x00000683       0x2d c:/program files (x86)/atmel/atmel toolchain/arm gcc/native/4.8.1443/arm-gnu-toolchain/bin/../lib/gcc/arm-none-eabi/4.8.4/../../../../arm-none-eabi/lib/armv7-m\libc.a(lib_a-findfp.o)
 .ARM.attributes
                0x000006b0       0x2d c:/program files (x86)/atmel/atmel toolchain/arm gcc/native/4.8.1443/arm-gnu-toolchain/bin/../lib/gcc/arm-none-eabi/4.8.4/../../../../arm-none-eabi/lib/armv7-m\libc.a(lib_a-fini.o)
 .ARM.attributes
                0x000006dd       0x2d c:/program files (x86)/atmel/atmel toolchain/arm gcc/native/4.8.1443/arm-gnu-toolchain/bin/../lib/gcc/arm-none-eabi/4.8.4/../../../../arm-none-eabi/lib/armv7-m\libc.a(lib_a-fputwc.o)
 .ARM.attributes
                0x0000070a       0x2d c:/program files (x86)/atmel/atmel toolchain/arm gcc/native/4.8.1443/arm-gnu-toolchain/bin/../lib/gcc/arm-none-eabi/4.8.4/../../../../arm-none-eabi/lib/armv7-m\libc.a(lib_a-freer.o)
 .ARM.attributes
                0x00000737       0x2d c:/program files (x86)/atmel/atmel toolchain/arm gcc/native/4.8.1443/arm-gnu-toolchain/bin/../lib/gcc/arm-none-eabi/4.8.4/../../../../arm-none-eabi/lib/armv7-m\libc.a(lib_a-fvwrite.o)
 .ARM.attributes
                0x00000764       0x2d c:/program files (x86)/atmel/atmel toolchain/arm gcc/native/4.8.1443/arm-gnu-toolchain/bin/../lib/gcc/arm-none-eabi/4.8.4/../../../../arm-none-eabi/lib/armv7-m\libc.a(lib_a-fwalk.o)
 .ARM.attributes
                0x00000791       0x2d c:/program files (x86)/atmel/atmel toolchain/arm gcc/native/4.8.1443/arm-gnu-toolchain/bin/../lib/gcc/arm-none-eabi/4.8.4/../../../../arm-none-eabi/lib/armv7-m\libc.a(lib_a-locale.o)
 .ARM.attributes
                0x000007be       0x2d c:/program files (x86)/atmel/atmel toolchain/arm gcc/native/4.8.1443/arm-gnu-toolchain/bin/../lib/gcc/arm-none-eabi/4.8.4/../../../../arm-none-eabi/lib/armv7-m\libc.a(lib_a-makebuf.o)
 .ARM.attributes
                0x000007eb       0x2d c:/program files (x86)/atmel/atmel toolchain/arm gcc/native/4.8.1443/arm-gnu-toolchain/bin/../lib/gcc/arm-none-eabi/4.8.4/../../../../arm-none-eabi/lib/armv7-m\libc.a(lib_a-mallocr.o)
 .ARM.attributes
                0x00000818       0x2d c:/program files (x86)/atmel/atmel toolchain/arm gcc/native/4.8.1443/arm-gnu-toolchain/bin/../lib/gcc/arm-none-eabi/4.8.4/../../../../arm-none-eabi/lib/armv7-m\libc.a(lib_a-memchr-stub.o)
 .ARM.attributes
                0x00000845       0x2d c:/program files (x86)/atmel/atmel toolchain/arm gcc/native/4.8.1443/arm-gnu-toolchain/bin/../lib/gcc/arm-none-eabi/4.8.4/../../../../arm-none-eabi/lib/armv7-m\libc.a(lib_a-memmove.o)
 .ARM.attributes
                0x00000872       0x2d c:/program files (x86)/atmel/atmel toolchain/arm gcc/native/4.8.1443/arm-gnu-toolchain/bin/../lib/gcc/arm-none-eabi/4.8.4/../../../../arm-none-eabi/lib/armv7-m\libc.a(lib_a-mlock.o)
 .ARM.attributes
                0x0000089f       0x2d c:/program files (x86)/atmel/atmel toolchain/arm gcc/native/4.8.1443/arm-gnu-toolchain/bin/../lib/gcc/arm-none-eabi/4.8.4/../../../../arm-none-eabi/lib/armv7-m\libc.a(lib_a-reallocr.o)
 .ARM.attributes
                0x000008cc       0x2d c:/program files (x86)/atmel/atmel toolchain/arm gcc/native/4.8.1443/arm-gnu-toolchain/bin/../lib/gcc/arm-none-eabi/4.8.4/../../../../arm-none-eabi/lib/armv7-m\libc.a(lib_a-sbrkr.o)
 .ARM.attributes
                0x000008f9       0x2d c:/program files (x86)/atmel/atmel toolchain/arm gcc/native/4.8.1443/arm-gnu-toolchain/bin/../lib/gcc/arm-none-eabi/4.8.4/../../../../arm-none-eabi/lib/armv7-m\libc.a(lib_a-stdio.o)
 .ARM.attributes
                0x00000926       0x2d c:/program files (x86)/atmel/atmel toolchain/arm gcc/native/4.8.1443/arm-gnu-toolchain/bin/../lib/gcc/arm-none-eabi/4.8.4/../../../../arm-none-eabi/lib/armv7-m\libc.a(lib_a-wbuf.o)
 .ARM.attributes
                0x00000953       0x2d c:/program files (x86)/atmel/atmel toolchain/arm gcc/native/4.8.1443/arm-gnu-toolchain/bin/../lib/gcc/arm-none-eabi/4.8.4/../../../../arm-none-eabi/lib/armv7-m\libc.a(lib_a-wcrtomb.o)
 .ARM.attributes
                0x00000980       0x2d c:/program files (x86)/atmel/atmel toolchain/arm gcc/native/4.8.1443/arm-gnu-toolchain/bin/../lib/gcc/arm-none-eabi/4.8.4/../../../../arm-none-eabi/lib/armv7-m\libc.a(lib_a-wctomb_r.o)
 .ARM.attributes
                0x000009ad       0x2d c:/program files (x86)/atmel/atmel toolchain/arm gcc/native/4.8.1443/arm-gnu-toolchain/bin/../lib/gcc/arm-none-eabi/4.8.4/../../../../arm-none-eabi/lib/armv7-m\libc.a(lib_a-writer.o)
 .ARM.attributes
                0x000009da       0x2d c:/program files (x86)/atmel/atmel toolchain/arm gcc/native/4.8.1443/arm-gnu-toolchain/bin/../lib/gcc/arm-none-eabi/4.8.4/../../../../arm-none-eabi/lib/armv7-m\libc.a(lib_a-__atexit.o)
 .ARM.attributes
                0x00000a07       0x2d c:/program files (x86)/atmel/atmel toolchain/arm gcc/native/4.8.1443/arm-gnu-toolchain/bin/../lib/gcc/arm-none-eabi/4.8.4/../../../../arm-none-eabi/lib/armv7-m\libc.a(lib_a-closer.o)
 .ARM.attributes
                0x00000a34       0x2d c:/program files (x86)/atmel/atmel toolchain/arm gcc/native/4.8.1443/arm-gnu-toolchain/bin/../lib/gcc/arm-none-eabi/4.8.4/../../../../arm-none-eabi/lib/armv7-m\libc.a(lib_a-fclose.o)
 .ARM.attributes
                0x00000a61       0x2d c:/program files (x86)/atmel/atmel toolchain/arm gcc/native/4.8.1443/arm-gnu-toolchain/bin/../lib/gcc/arm-none-eabi/4.8.4/../../../../arm-none-eabi/lib/armv7-m\libc.a(lib_a-fstatr.o)
 .ARM.attributes
                0x00000a8e       0x2d c:/program files (x86)/atmel/atmel toolchain/arm gcc/native/4.8.1443/arm-gnu-toolchain/bin/../lib/gcc/arm-none-eabi/4.8.4/../../../../arm-none-eabi/lib/armv7-m\libc.a(lib_a-isattyr.o)
 .ARM.attributes
                0x00000abb       0x2d c:/program files (x86)/atmel/atmel toolchain/arm gcc/native/4.8.1443/arm-gnu-toolchain/bin/../lib/gcc/arm-none-eabi/4.8.4/../../../../arm-none-eabi/lib/armv7-m\libc.a(lib_a-lseekr.o)
 .ARM.attributes
                0x00000ae8       0x2d c:/program files (x86)/atmel/atmel toolchain/arm gcc/native/4.8.1443/arm-gnu-toolchain/bin/../lib/gcc/arm-none-eabi/4.8.4/../../../../arm-none-eabi/lib/armv7-m\libc.a(lib_a-readr.o)
 .ARM.attributes
                0x00000b15       0x2d c:/program files (x86)/atmel/atmel toolchain/arm gcc/native/4.8.1443/arm-gnu-toolchain/bin/../lib/gcc/arm-none-eabi/4.8.4/../../../../arm-none-eabi/lib/armv7-m\libc.a(lib_a-reent.o)
 .ARM.attributes
                0x00000b42       0x1d c:/program files (x86)/atmel/atmel toolchain/arm gcc/native/4.8.1443/arm-gnu-toolchain/bin/../lib/gcc/arm-none-eabi/4.8.4/armv7-m\libgcc.a(_aeabi_uldivmod.o)
 .ARM.attributes
                0x00000b5f       0x2d c:/program files (x86)/atmel/atmel toolchain/arm gcc/native/4.8.1443/arm-gnu-toolchain/bin/../lib/gcc/arm-none-eabi/4.8.4/armv7-m\libgcc.a(bpabi.o)
 .ARM.attributes
                0x00000b8c       0x1d c:/program files (x86)/atmel/atmel toolchain/arm gcc/native/4.8.1443/arm-gnu-toolchain/bin/../lib/gcc/arm-none-eabi/4.8.4/armv7-m\libgcc.a(_dvmd_tls.o)
 .ARM.attributes
                0x00000ba9       0x2d c:/program files (x86)/atmel/atmel toolchain/arm gcc/native/4.8.1443/arm-gnu-toolchain/bin/../lib/gcc/arm-none-eabi/4.8.4/armv7-m\libgcc.a(_divdi3.o)
 .ARM.attributes
                0x00000bd6       0x2d c:/program files (x86)/atmel/atmel toolchain/arm gcc/native/4.8.1443/arm-gnu-toolchain/bin/../lib/gcc/arm-none-eabi/4.8.4/armv7-m\libgcc.a(_udivdi3.o)
 .ARM.attributes
                0x00000c03       0x1d c:/program files (x86)/atmel/atmel toolchain/arm gcc/native/4.8.1443/arm-gnu-toolchain/bin/../lib/gcc/arm-none-eabi/4.8.4/armv7-m/crtn.o

.comment        0x00000000       0x5b
 .comment       0x00000000       0x5b src/ASF/common/utils/stdio/read.o
                                 0x5c (size before relaxing)
 .comment       0x00000000       0x5c src/Task_UnoComm.o
 .comment       0x00000000       0x5c src/ASF/common/utils/stdio/write.o
 .comment       0x00000000       0x5c src/Task_GetCordinates.o
 .comment       0x00000000       0x5c src/Task_Move.o
 .comment       0x00000000       0x5c src/ASF/thirdparty/freertos/freertos-7.3.0/source/list.o
 .comment       0x00000000       0x5c src/ASF/thirdparty/freertos/freertos-7.3.0/source/portable/gcc/sam/port.o
 .comment       0x00000000       0x5c src/ASF/thirdparty/freertos/freertos-7.3.0/source/portable/memmang/heap_4.o
 .comment       0x00000000       0x5c src/ASF/thirdparty/freertos/freertos-7.3.0/source/queue.o
 .comment       0x00000000       0x5c src/ASF/thirdparty/freertos/freertos-7.3.0/source/tasks.o
 .comment       0x00000000       0x5c src/ASF/thirdparty/freertos/freertos-7.3.0/source/timers.o
 .comment       0x00000000       0x5c src/ASF/common/services/clock/sam3x/sysclk.o
 .comment       0x00000000       0x5c src/ASF/sam/boards/arduino_due_x/init.o
 .comment       0x00000000       0x5c src/ASF/sam/drivers/pio/pio.o
 .comment       0x00000000       0x5c src/ASF/sam/drivers/pio/pio_handler.o
 .comment       0x00000000       0x5c src/ASF/sam/drivers/pmc/pmc.o
 .comment       0x00000000       0x5c src/ASF/sam/utils/cmsis/sam3x/source/templates/exceptions.o
 .comment       0x00000000       0x5c src/ASF/sam/utils/cmsis/sam3x/source/templates/gcc/startup_sam3x.o
 .comment       0x00000000       0x5c src/ASF/sam/utils/cmsis/sam3x/source/templates/system_sam3x.o
 .comment       0x00000000       0x5c src/ASF/sam/utils/syscalls/gcc/syscalls.o
 .comment       0x00000000       0x5c src/main.o

.debug_info     0x00000000     0xb97e
 .debug_info    0x00000000      0x1bb src/ASF/common/utils/stdio/read.o
 .debug_info    0x000001bb      0xaaf src/Task_UnoComm.o
 .debug_info    0x00000c6a      0x1c0 src/ASF/common/utils/stdio/write.o
 .debug_info    0x00000e2a      0xaaf src/Task_GetCordinates.o
 .debug_info    0x000018d9      0xaaf src/Task_Move.o
 .debug_info    0x00002388      0x2b7 src/ASF/thirdparty/freertos/freertos-7.3.0/source/list.o
 .debug_info    0x0000263f      0x3a1 src/ASF/thirdparty/freertos/freertos-7.3.0/source/portable/gcc/sam/port.o
 .debug_info    0x000029e0      0x38d src/ASF/thirdparty/freertos/freertos-7.3.0/source/portable/memmang/heap_4.o
 .debug_info    0x00002d6d      0xea7 src/ASF/thirdparty/freertos/freertos-7.3.0/source/queue.o
 .debug_info    0x00003c14     0x178e src/ASF/thirdparty/freertos/freertos-7.3.0/source/tasks.o
 .debug_info    0x000053a2      0xb44 src/ASF/thirdparty/freertos/freertos-7.3.0/source/timers.o
 .debug_info    0x00005ee6      0x796 src/ASF/common/services/clock/sam3x/sysclk.o
 .debug_info    0x0000667c      0x726 src/ASF/sam/boards/arduino_due_x/init.o
 .debug_info    0x00006da2     0x1385 src/ASF/sam/drivers/pio/pio.o
 .debug_info    0x00008127      0xe52 src/ASF/sam/drivers/pio/pio_handler.o
 .debug_info    0x00008f79     0x1080 src/ASF/sam/drivers/pmc/pmc.o
 .debug_info    0x00009ff9      0x124 src/ASF/sam/utils/cmsis/sam3x/source/templates/exceptions.o
 .debug_info    0x0000a11d      0x3bd src/ASF/sam/utils/cmsis/sam3x/source/templates/gcc/startup_sam3x.o
 .debug_info    0x0000a4da      0x4c6 src/ASF/sam/utils/cmsis/sam3x/source/templates/system_sam3x.o
 .debug_info    0x0000a9a0      0x43f src/ASF/sam/utils/syscalls/gcc/syscalls.o
 .debug_info    0x0000addf      0xb9f src/main.o

.debug_abbrev   0x00000000     0x255b
 .debug_abbrev  0x00000000      0x101 src/ASF/common/utils/stdio/read.o
 .debug_abbrev  0x00000101      0x1de src/Task_UnoComm.o
 .debug_abbrev  0x000002df       0xf5 src/ASF/common/utils/stdio/write.o
 .debug_abbrev  0x000003d4      0x1de src/Task_GetCordinates.o
 .debug_abbrev  0x000005b2      0x1de src/Task_Move.o
 .debug_abbrev  0x00000790       0xfb src/ASF/thirdparty/freertos/freertos-7.3.0/source/list.o
 .debug_abbrev  0x0000088b      0x22c src/ASF/thirdparty/freertos/freertos-7.3.0/source/portable/gcc/sam/port.o
 .debug_abbrev  0x00000ab7      0x220 src/ASF/thirdparty/freertos/freertos-7.3.0/source/portable/memmang/heap_4.o
 .debug_abbrev  0x00000cd7      0x231 src/ASF/thirdparty/freertos/freertos-7.3.0/source/queue.o
 .debug_abbrev  0x00000f08      0x2e0 src/ASF/thirdparty/freertos/freertos-7.3.0/source/tasks.o
 .debug_abbrev  0x000011e8      0x261 src/ASF/thirdparty/freertos/freertos-7.3.0/source/timers.o
 .debug_abbrev  0x00001449      0x227 src/ASF/common/services/clock/sam3x/sysclk.o
 .debug_abbrev  0x00001670      0x16d src/ASF/sam/boards/arduino_due_x/init.o
 .debug_abbrev  0x000017dd      0x2d5 src/ASF/sam/drivers/pio/pio.o
 .debug_abbrev  0x00001ab2      0x257 src/ASF/sam/drivers/pio/pio_handler.o
 .debug_abbrev  0x00001d09      0x268 src/ASF/sam/drivers/pmc/pmc.o
 .debug_abbrev  0x00001f71       0x8c src/ASF/sam/utils/cmsis/sam3x/source/templates/exceptions.o
 .debug_abbrev  0x00001ffd      0x118 src/ASF/sam/utils/cmsis/sam3x/source/templates/gcc/startup_sam3x.o
 .debug_abbrev  0x00002115      0x115 src/ASF/sam/utils/cmsis/sam3x/source/templates/system_sam3x.o
 .debug_abbrev  0x0000222a      0x14e src/ASF/sam/utils/syscalls/gcc/syscalls.o
 .debug_abbrev  0x00002378      0x1e3 src/main.o

.debug_loc      0x00000000     0x5749
 .debug_loc     0x00000000       0xc5 src/ASF/common/utils/stdio/read.o
 .debug_loc     0x000000c5       0x4d src/Task_UnoComm.o
 .debug_loc     0x00000112      0x161 src/ASF/common/utils/stdio/write.o
 .debug_loc     0x00000273       0x4d src/Task_GetCordinates.o
 .debug_loc     0x000002c0       0x4d src/Task_Move.o
 .debug_loc     0x0000030d       0x91 src/ASF/thirdparty/freertos/freertos-7.3.0/source/list.o
 .debug_loc     0x0000039e      0x100 src/ASF/thirdparty/freertos/freertos-7.3.0/source/portable/gcc/sam/port.o
 .debug_loc     0x0000049e      0x371 src/ASF/thirdparty/freertos/freertos-7.3.0/source/portable/memmang/heap_4.o
 .debug_loc     0x0000080f     0x10da src/ASF/thirdparty/freertos/freertos-7.3.0/source/queue.o
 .debug_loc     0x000018e9     0x1545 src/ASF/thirdparty/freertos/freertos-7.3.0/source/tasks.o
 .debug_loc     0x00002e2e      0x9a4 src/ASF/thirdparty/freertos/freertos-7.3.0/source/timers.o
 .debug_loc     0x000037d2      0x12d src/ASF/common/services/clock/sam3x/sysclk.o
 .debug_loc     0x000038ff       0x20 src/ASF/sam/boards/arduino_due_x/init.o
 .debug_loc     0x0000391f      0xa83 src/ASF/sam/drivers/pio/pio.o
 .debug_loc     0x000043a2      0x53d src/ASF/sam/drivers/pio/pio_handler.o
 .debug_loc     0x000048df      0xc95 src/ASF/sam/drivers/pmc/pmc.o
 .debug_loc     0x00005574       0x7e src/ASF/sam/utils/cmsis/sam3x/source/templates/gcc/startup_sam3x.o
 .debug_loc     0x000055f2      0x12b src/ASF/sam/utils/syscalls/gcc/syscalls.o
 .debug_loc     0x0000571d       0x2c src/main.o

.debug_aranges  0x00000000      0x8e8
 .debug_aranges
                0x00000000       0x20 src/ASF/common/utils/stdio/read.o
 .debug_aranges
                0x00000020       0x20 src/Task_UnoComm.o
 .debug_aranges
                0x00000040       0x20 src/ASF/common/utils/stdio/write.o
 .debug_aranges
                0x00000060       0x20 src/Task_GetCordinates.o
 .debug_aranges
                0x00000080       0x20 src/Task_Move.o
 .debug_aranges
                0x000000a0       0x40 src/ASF/thirdparty/freertos/freertos-7.3.0/source/list.o
 .debug_aranges
                0x000000e0       0x80 src/ASF/thirdparty/freertos/freertos-7.3.0/source/portable/gcc/sam/port.o
 .debug_aranges
                0x00000160       0x40 src/ASF/thirdparty/freertos/freertos-7.3.0/source/portable/memmang/heap_4.o
 .debug_aranges
                0x000001a0       0xc8 src/ASF/thirdparty/freertos/freertos-7.3.0/source/queue.o
 .debug_aranges
                0x00000268      0x130 src/ASF/thirdparty/freertos/freertos-7.3.0/source/tasks.o
 .debug_aranges
                0x00000398       0x60 src/ASF/thirdparty/freertos/freertos-7.3.0/source/timers.o
 .debug_aranges
                0x000003f8       0x40 src/ASF/common/services/clock/sam3x/sysclk.o
 .debug_aranges
                0x00000438       0x20 src/ASF/sam/boards/arduino_due_x/init.o
 .debug_aranges
                0x00000458      0x148 src/ASF/sam/drivers/pio/pio.o
 .debug_aranges
                0x000005a0       0x58 src/ASF/sam/drivers/pio/pio_handler.o
 .debug_aranges
                0x000005f8      0x200 src/ASF/sam/drivers/pmc/pmc.o
 .debug_aranges
                0x000007f8       0x20 src/ASF/sam/utils/cmsis/sam3x/source/templates/exceptions.o
 .debug_aranges
                0x00000818       0x20 src/ASF/sam/utils/cmsis/sam3x/source/templates/gcc/startup_sam3x.o
 .debug_aranges
                0x00000838       0x30 src/ASF/sam/utils/cmsis/sam3x/source/templates/system_sam3x.o
 .debug_aranges
                0x00000868       0x60 src/ASF/sam/utils/syscalls/gcc/syscalls.o
 .debug_aranges
                0x000008c8       0x20 src/main.o

.debug_ranges   0x00000000      0x838
 .debug_ranges  0x00000000       0x10 src/ASF/common/utils/stdio/read.o
 .debug_ranges  0x00000010       0x10 src/Task_UnoComm.o
 .debug_ranges  0x00000020       0x10 src/ASF/common/utils/stdio/write.o
 .debug_ranges  0x00000030       0x10 src/Task_GetCordinates.o
 .debug_ranges  0x00000040       0x10 src/Task_Move.o
 .debug_ranges  0x00000050       0x30 src/ASF/thirdparty/freertos/freertos-7.3.0/source/list.o
 .debug_ranges  0x00000080       0x70 src/ASF/thirdparty/freertos/freertos-7.3.0/source/portable/gcc/sam/port.o
 .debug_ranges  0x000000f0       0x30 src/ASF/thirdparty/freertos/freertos-7.3.0/source/portable/memmang/heap_4.o
 .debug_ranges  0x00000120       0xb8 src/ASF/thirdparty/freertos/freertos-7.3.0/source/queue.o
 .debug_ranges  0x000001d8      0x168 src/ASF/thirdparty/freertos/freertos-7.3.0/source/tasks.o
 .debug_ranges  0x00000340       0xa8 src/ASF/thirdparty/freertos/freertos-7.3.0/source/timers.o
 .debug_ranges  0x000003e8       0x30 src/ASF/common/services/clock/sam3x/sysclk.o
 .debug_ranges  0x00000418       0x10 src/ASF/sam/boards/arduino_due_x/init.o
 .debug_ranges  0x00000428      0x138 src/ASF/sam/drivers/pio/pio.o
 .debug_ranges  0x00000560       0x48 src/ASF/sam/drivers/pio/pio_handler.o
 .debug_ranges  0x000005a8      0x1f0 src/ASF/sam/drivers/pmc/pmc.o
 .debug_ranges  0x00000798       0x10 src/ASF/sam/utils/cmsis/sam3x/source/templates/exceptions.o
 .debug_ranges  0x000007a8       0x10 src/ASF/sam/utils/cmsis/sam3x/source/templates/gcc/startup_sam3x.o
 .debug_ranges  0x000007b8       0x20 src/ASF/sam/utils/cmsis/sam3x/source/templates/system_sam3x.o
 .debug_ranges  0x000007d8       0x50 src/ASF/sam/utils/syscalls/gcc/syscalls.o
 .debug_ranges  0x00000828       0x10 src/main.o

.debug_macro    0x00000000    0x18a40
 .debug_macro   0x00000000      0x4a7 src/ASF/common/utils/stdio/read.o
 .debug_macro   0x000004a7      0x87a src/ASF/common/utils/stdio/read.o
 .debug_macro   0x00000d21      0x166 src/ASF/common/utils/stdio/read.o
 .debug_macro   0x00000e87      0x4d1 src/ASF/common/utils/stdio/read.o
 .debug_macro   0x00001358       0x76 src/ASF/common/utils/stdio/read.o
 .debug_macro   0x000013ce       0x16 src/ASF/common/utils/stdio/read.o
 .debug_macro   0x000013e4      0x6e4 src/ASF/common/utils/stdio/read.o
 .debug_macro   0x00001ac8       0x16 src/ASF/common/utils/stdio/read.o
 .debug_macro   0x00001ade       0x44 src/ASF/common/utils/stdio/read.o
 .debug_macro   0x00001b22      0x209 src/ASF/common/utils/stdio/read.o
 .debug_macro   0x00001d2b       0x20 src/ASF/common/utils/stdio/read.o
 .debug_macro   0x00001d4b       0x3a src/ASF/common/utils/stdio/read.o
 .debug_macro   0x00001d85       0x18 src/ASF/common/utils/stdio/read.o
 .debug_macro   0x00001d9d      0xb09 src/ASF/common/utils/stdio/read.o
 .debug_macro   0x000028a6      0xab6 src/ASF/common/utils/stdio/read.o
 .debug_macro   0x0000335c      0x569 src/ASF/common/utils/stdio/read.o
 .debug_macro   0x000038c5      0x2b5 src/ASF/common/utils/stdio/read.o
 .debug_macro   0x00003b7a      0x31a src/ASF/common/utils/stdio/read.o
 .debug_macro   0x00003e94      0x74f src/ASF/common/utils/stdio/read.o
 .debug_macro   0x000045e3       0x82 src/ASF/common/utils/stdio/read.o
 .debug_macro   0x00004665      0x57b src/ASF/common/utils/stdio/read.o
 .debug_macro   0x00004be0       0x1c src/ASF/common/utils/stdio/read.o
 .debug_macro   0x00004bfc      0x6b7 src/ASF/common/utils/stdio/read.o
 .debug_macro   0x000052b3      0x52d src/ASF/common/utils/stdio/read.o
 .debug_macro   0x000057e0       0xbe src/ASF/common/utils/stdio/read.o
 .debug_macro   0x0000589e     0x2342 src/ASF/common/utils/stdio/read.o
 .debug_macro   0x00007be0      0x85d src/ASF/common/utils/stdio/read.o
 .debug_macro   0x0000843d      0xdc9 src/ASF/common/utils/stdio/read.o
 .debug_macro   0x00009206       0x7c src/ASF/common/utils/stdio/read.o
 .debug_macro   0x00009282      0x263 src/ASF/common/utils/stdio/read.o
 .debug_macro   0x000094e5       0x58 src/ASF/common/utils/stdio/read.o
 .debug_macro   0x0000953d      0x9a7 src/ASF/common/utils/stdio/read.o
 .debug_macro   0x00009ee4      0x248 src/ASF/common/utils/stdio/read.o
 .debug_macro   0x0000a12c      0x4df src/ASF/common/utils/stdio/read.o
 .debug_macro   0x0000a60b      0x6b3 src/ASF/common/utils/stdio/read.o
 .debug_macro   0x0000acbe      0x59f src/ASF/common/utils/stdio/read.o
 .debug_macro   0x0000b25d       0x46 src/ASF/common/utils/stdio/read.o
 .debug_macro   0x0000b2a3      0x34d src/ASF/common/utils/stdio/read.o
 .debug_macro   0x0000b5f0      0x28c src/ASF/common/utils/stdio/read.o
 .debug_macro   0x0000b87c     0x14d7 src/ASF/common/utils/stdio/read.o
 .debug_macro   0x0000cd53      0x7ba src/ASF/common/utils/stdio/read.o
 .debug_macro   0x0000d50d       0x76 src/ASF/common/utils/stdio/read.o
 .debug_macro   0x0000d583       0x82 src/ASF/common/utils/stdio/read.o
 .debug_macro   0x0000d605       0x76 src/ASF/common/utils/stdio/read.o
 .debug_macro   0x0000d67b       0x4c src/ASF/common/utils/stdio/read.o
 .debug_macro   0x0000d6c7      0x105 src/ASF/common/utils/stdio/read.o
 .debug_macro   0x0000d7cc      0x105 src/ASF/common/utils/stdio/read.o
 .debug_macro   0x0000d8d1      0x105 src/ASF/common/utils/stdio/read.o
 .debug_macro   0x0000d9d6       0x88 src/ASF/common/utils/stdio/read.o
 .debug_macro   0x0000da5e       0x88 src/ASF/common/utils/stdio/read.o
 .debug_macro   0x0000dae6      0x3b4 src/ASF/common/utils/stdio/read.o
 .debug_macro   0x0000de9a       0xb8 src/ASF/common/utils/stdio/read.o
 .debug_macro   0x0000df52       0xb8 src/ASF/common/utils/stdio/read.o
 .debug_macro   0x0000e00a       0xb8 src/ASF/common/utils/stdio/read.o
 .debug_macro   0x0000e0c2       0xb8 src/ASF/common/utils/stdio/read.o
 .debug_macro   0x0000e17a      0x2b8 src/ASF/common/utils/stdio/read.o
 .debug_macro   0x0000e432      0x125 src/ASF/common/utils/stdio/read.o
 .debug_macro   0x0000e557      0x225 src/ASF/common/utils/stdio/read.o
 .debug_macro   0x0000e77c      0x225 src/ASF/common/utils/stdio/read.o
 .debug_macro   0x0000e9a1       0x2e src/ASF/common/utils/stdio/read.o
 .debug_macro   0x0000e9cf       0xac src/ASF/common/utils/stdio/read.o
 .debug_macro   0x0000ea7b      0x14d src/ASF/common/utils/stdio/read.o
 .debug_macro   0x0000ebc8       0x7c src/ASF/common/utils/stdio/read.o
 .debug_macro   0x0000ec44      0x205 src/ASF/common/utils/stdio/read.o
 .debug_macro   0x0000ee49       0x64 src/ASF/common/utils/stdio/read.o
 .debug_macro   0x0000eead       0xa6 src/ASF/common/utils/stdio/read.o
 .debug_macro   0x0000ef53       0x7c src/ASF/common/utils/stdio/read.o
 .debug_macro   0x0000efcf       0x16 src/ASF/common/utils/stdio/read.o
 .debug_macro   0x0000efe5       0x22 src/ASF/common/utils/stdio/read.o
 .debug_macro   0x0000f007       0x22 src/ASF/common/utils/stdio/read.o
 .debug_macro   0x0000f029      0x115 src/ASF/common/utils/stdio/read.o
 .debug_macro   0x0000f13e      0x115 src/ASF/common/utils/stdio/read.o
 .debug_macro   0x0000f253      0x115 src/ASF/common/utils/stdio/read.o
 .debug_macro   0x0000f368      0x115 src/ASF/common/utils/stdio/read.o
 .debug_macro   0x0000f47d       0x1c src/ASF/common/utils/stdio/read.o
 .debug_macro   0x0000f499       0x2e src/ASF/common/utils/stdio/read.o
 .debug_macro   0x0000f4c7       0x22 src/ASF/common/utils/stdio/read.o
 .debug_macro   0x0000f4e9       0x1c src/ASF/common/utils/stdio/read.o
 .debug_macro   0x0000f505       0x58 src/ASF/common/utils/stdio/read.o
 .debug_macro   0x0000f55d       0x10 src/ASF/common/utils/stdio/read.o
 .debug_macro   0x0000f56d      0x273 src/ASF/common/utils/stdio/read.o
 .debug_macro   0x0000f7e0      0xd43 src/ASF/common/utils/stdio/read.o
 .debug_macro   0x00010523      0x131 src/ASF/common/utils/stdio/read.o
 .debug_macro   0x00010654       0x58 src/ASF/common/utils/stdio/read.o
 .debug_macro   0x000106ac       0x35 src/ASF/common/utils/stdio/read.o
 .debug_macro   0x000106e1       0xa3 src/ASF/common/utils/stdio/read.o
 .debug_macro   0x00010784       0x16 src/ASF/common/utils/stdio/read.o
 .debug_macro   0x0001079a       0x35 src/ASF/common/utils/stdio/read.o
 .debug_macro   0x000107cf       0x10 src/ASF/common/utils/stdio/read.o
 .debug_macro   0x000107df       0x52 src/ASF/common/utils/stdio/read.o
 .debug_macro   0x00010831       0x16 src/ASF/common/utils/stdio/read.o
 .debug_macro   0x00010847       0x43 src/ASF/common/utils/stdio/read.o
 .debug_macro   0x0001088a      0x180 src/ASF/common/utils/stdio/read.o
 .debug_macro   0x00010a0a       0x10 src/ASF/common/utils/stdio/read.o
 .debug_macro   0x00010a1a       0x22 src/ASF/common/utils/stdio/read.o
 .debug_macro   0x00010a3c       0xbd src/ASF/common/utils/stdio/read.o
 .debug_macro   0x00010af9       0x16 src/ASF/common/utils/stdio/read.o
 .debug_macro   0x00010b0f      0x16c src/ASF/common/utils/stdio/read.o
 .debug_macro   0x00010c7b       0x22 src/ASF/common/utils/stdio/read.o
 .debug_macro   0x00010c9d       0x16 src/ASF/common/utils/stdio/read.o
 .debug_macro   0x00010cb3       0x16 src/ASF/common/utils/stdio/read.o
 .debug_macro   0x00010cc9       0x29 src/ASF/common/utils/stdio/read.o
 .debug_macro   0x00010cf2       0x6e src/ASF/common/utils/stdio/read.o
 .debug_macro   0x00010d60       0x45 src/ASF/common/utils/stdio/read.o
 .debug_macro   0x00010da5      0x3c3 src/ASF/common/utils/stdio/read.o
 .debug_macro   0x00011168      0x6bc src/Task_UnoComm.o
 .debug_macro   0x00011824       0x34 src/Task_UnoComm.o
 .debug_macro   0x00011858      0x248 src/Task_UnoComm.o
 .debug_macro   0x00011aa0      0x790 src/Task_UnoComm.o
 .debug_macro   0x00012230       0x5e src/Task_UnoComm.o
 .debug_macro   0x0001228e       0x64 src/Task_UnoComm.o
 .debug_macro   0x000122f2       0x5f src/Task_UnoComm.o
 .debug_macro   0x00012351       0x90 src/Task_UnoComm.o
 .debug_macro   0x000123e1       0x28 src/Task_UnoComm.o
 .debug_macro   0x00012409       0x23 src/Task_UnoComm.o
 .debug_macro   0x0001242c       0x46 src/Task_UnoComm.o
 .debug_macro   0x00012472      0x101 src/Task_UnoComm.o
 .debug_macro   0x00012573       0x9c src/Task_UnoComm.o
 .debug_macro   0x0001260f       0x12 src/Task_UnoComm.o
 .debug_macro   0x00012621       0x1f src/Task_UnoComm.o
 .debug_macro   0x00012640      0x1e7 src/Task_UnoComm.o
 .debug_macro   0x00012827       0x10 src/Task_UnoComm.o
 .debug_macro   0x00012837       0x16 src/Task_UnoComm.o
 .debug_macro   0x0001284d       0x5e src/Task_UnoComm.o
 .debug_macro   0x000128ab       0x43 src/Task_UnoComm.o
 .debug_macro   0x000128ee       0x96 src/Task_UnoComm.o
 .debug_macro   0x00012984       0x77 src/Task_UnoComm.o
 .debug_macro   0x000129fb       0x5d src/Task_UnoComm.o
 .debug_macro   0x00012a58       0x5b src/Task_UnoComm.o
 .debug_macro   0x00012ab3       0x94 src/Task_UnoComm.o
 .debug_macro   0x00012b47       0x40 src/Task_UnoComm.o
 .debug_macro   0x00012b87       0x70 src/Task_UnoComm.o
 .debug_macro   0x00012bf7       0x34 src/Task_UnoComm.o
 .debug_macro   0x00012c2b       0x1c src/Task_UnoComm.o
 .debug_macro   0x00012c47       0x2e src/Task_UnoComm.o
 .debug_macro   0x00012c75       0x1c src/Task_UnoComm.o
 .debug_macro   0x00012c91      0x4a7 src/ASF/common/utils/stdio/write.o
 .debug_macro   0x00013138      0x6d4 src/Task_GetCordinates.o
 .debug_macro   0x0001380c       0x10 src/Task_GetCordinates.o
 .debug_macro   0x0001381c      0x452 src/Task_GetCordinates.o
 .debug_macro   0x00013c6e       0x16 src/Task_GetCordinates.o
 .debug_macro   0x00013c84      0x6d4 src/Task_Move.o
 .debug_macro   0x00014358       0x1c src/Task_Move.o
 .debug_macro   0x00014374      0x13f src/ASF/thirdparty/freertos/freertos-7.3.0/source/list.o
 .debug_macro   0x000144b3      0x10e src/ASF/thirdparty/freertos/freertos-7.3.0/source/list.o
 .debug_macro   0x000145c1       0x7f src/ASF/thirdparty/freertos/freertos-7.3.0/source/list.o
 .debug_macro   0x00014640       0xfb src/ASF/thirdparty/freertos/freertos-7.3.0/source/list.o
 .debug_macro   0x0001473b      0x5ed src/ASF/thirdparty/freertos/freertos-7.3.0/source/portable/gcc/sam/port.o
 .debug_macro   0x00014d28       0x26 src/ASF/thirdparty/freertos/freertos-7.3.0/source/portable/gcc/sam/port.o
 .debug_macro   0x00014d4e      0x242 src/ASF/thirdparty/freertos/freertos-7.3.0/source/portable/gcc/sam/port.o
 .debug_macro   0x00014f90      0x160 src/ASF/thirdparty/freertos/freertos-7.3.0/source/portable/memmang/heap_4.o
 .debug_macro   0x000150f0      0x1fc src/ASF/thirdparty/freertos/freertos-7.3.0/source/queue.o
 .debug_macro   0x000152ec      0x255 src/ASF/thirdparty/freertos/freertos-7.3.0/source/tasks.o
 .debug_macro   0x00015541       0x97 src/ASF/thirdparty/freertos/freertos-7.3.0/source/tasks.o
 .debug_macro   0x000155d8       0xef src/ASF/thirdparty/freertos/freertos-7.3.0/source/tasks.o
 .debug_macro   0x000156c7       0xe1 src/ASF/thirdparty/freertos/freertos-7.3.0/source/timers.o
 .debug_macro   0x000157a8      0x527 src/ASF/common/services/clock/sam3x/sysclk.o
 .debug_macro   0x00015ccf      0x566 src/ASF/sam/boards/arduino_due_x/init.o
 .debug_macro   0x00016235       0x58 src/ASF/sam/boards/arduino_due_x/init.o
 .debug_macro   0x0001628d       0x6a src/ASF/sam/boards/arduino_due_x/init.o
 .debug_macro   0x000162f7      0x4c2 src/ASF/sam/drivers/pio/pio.o
 .debug_macro   0x000167b9       0x8e src/ASF/sam/drivers/pio/pio.o
 .debug_macro   0x00016847      0x4c6 src/ASF/sam/drivers/pio/pio_handler.o
 .debug_macro   0x00016d0d      0x4bc src/ASF/sam/drivers/pmc/pmc.o
 .debug_macro   0x000171c9       0x58 src/ASF/sam/drivers/pmc/pmc.o
 .debug_macro   0x00017221      0x4bb src/ASF/sam/utils/cmsis/sam3x/source/templates/exceptions.o
 .debug_macro   0x000176dc      0x4c9 src/ASF/sam/utils/cmsis/sam3x/source/templates/gcc/startup_sam3x.o
 .debug_macro   0x00017ba5      0x4c9 src/ASF/sam/utils/cmsis/sam3x/source/templates/system_sam3x.o
 .debug_macro   0x0001806e      0x129 src/ASF/sam/utils/syscalls/gcc/syscalls.o
 .debug_macro   0x00018197       0x52 src/ASF/sam/utils/syscalls/gcc/syscalls.o
 .debug_macro   0x000181e9       0x16 src/ASF/sam/utils/syscalls/gcc/syscalls.o
 .debug_macro   0x000181ff       0x10 src/ASF/sam/utils/syscalls/gcc/syscalls.o
 .debug_macro   0x0001820f       0x41 src/ASF/sam/utils/syscalls/gcc/syscalls.o
 .debug_macro   0x00018250      0x120 src/ASF/sam/utils/syscalls/gcc/syscalls.o
 .debug_macro   0x00018370      0x6d0 src/main.o

.debug_line     0x00000000     0xeb4e
 .debug_line    0x00000000      0xad9 src/ASF/common/utils/stdio/read.o
 .debug_line    0x00000ad9      0xff3 src/Task_UnoComm.o
 .debug_line    0x00001acc      0xacf src/ASF/common/utils/stdio/write.o
 .debug_line    0x0000259b     0x100d src/Task_GetCordinates.o
 .debug_line    0x000035a8      0xffb src/Task_Move.o
 .debug_line    0x000045a3      0x467 src/ASF/thirdparty/freertos/freertos-7.3.0/source/list.o
 .debug_line    0x00004a0a      0xdcd src/ASF/thirdparty/freertos/freertos-7.3.0/source/portable/gcc/sam/port.o
 .debug_line    0x000057d7      0x4c2 src/ASF/thirdparty/freertos/freertos-7.3.0/source/portable/memmang/heap_4.o
 .debug_line    0x00005c99      0x7de src/ASF/thirdparty/freertos/freertos-7.3.0/source/queue.o
 .debug_line    0x00006477      0xa28 src/ASF/thirdparty/freertos/freertos-7.3.0/source/tasks.o
 .debug_line    0x00006e9f      0x4ee src/ASF/thirdparty/freertos/freertos-7.3.0/source/timers.o
 .debug_line    0x0000738d      0xc48 src/ASF/common/services/clock/sam3x/sysclk.o
 .debug_line    0x00007fd5      0xcda src/ASF/sam/boards/arduino_due_x/init.o
 .debug_line    0x00008caf      0xe42 src/ASF/sam/drivers/pio/pio.o
 .debug_line    0x00009af1      0xb8d src/ASF/sam/drivers/pio/pio_handler.o
 .debug_line    0x0000a67e     0x1045 src/ASF/sam/drivers/pmc/pmc.o
 .debug_line    0x0000b6c3      0xab5 src/ASF/sam/utils/cmsis/sam3x/source/templates/exceptions.o
 .debug_line    0x0000c178      0xb05 src/ASF/sam/utils/cmsis/sam3x/source/templates/gcc/startup_sam3x.o
 .debug_line    0x0000cc7d      0xb22 src/ASF/sam/utils/cmsis/sam3x/source/templates/system_sam3x.o
 .debug_line    0x0000d79f      0x39b src/ASF/sam/utils/syscalls/gcc/syscalls.o
 .debug_line    0x0000db3a     0x1014 src/main.o

.debug_str      0x00000000    0x66c61
 .debug_str     0x00000000    0x58878 src/ASF/common/utils/stdio/read.o
                              0x58b7c (size before relaxing)
 .debug_str     0x00058878     0x8428 src/Task_UnoComm.o
                              0x60fef (size before relaxing)
 .debug_str     0x00060ca0       0x26 src/ASF/common/utils/stdio/write.o
                              0x58b7e (size before relaxing)
 .debug_str     0x00060cc6      0xe7a src/Task_GetCordinates.o
                              0x61de7 (size before relaxing)
 .debug_str     0x00061b40       0x7b src/Task_Move.o
                              0x61dce (size before relaxing)
 .debug_str     0x00061bbb      0x165 src/ASF/thirdparty/freertos/freertos-7.3.0/source/list.o
                               0x61b1 (size before relaxing)
 .debug_str     0x00061d20      0x5e1 src/ASF/thirdparty/freertos/freertos-7.3.0/source/portable/gcc/sam/port.o
                              0x5e977 (size before relaxing)
 .debug_str     0x00062301      0x240 src/ASF/thirdparty/freertos/freertos-7.3.0/source/portable/memmang/heap_4.o
                               0x65c5 (size before relaxing)
 .debug_str     0x00062541     0x160e src/ASF/thirdparty/freertos/freertos-7.3.0/source/queue.o
                               0x7b8c (size before relaxing)
 .debug_str     0x00063b4f      0xe37 src/ASF/thirdparty/freertos/freertos-7.3.0/source/tasks.o
                               0x93a1 (size before relaxing)
 .debug_str     0x00064986      0x383 src/ASF/thirdparty/freertos/freertos-7.3.0/source/timers.o
                               0x6267 (size before relaxing)
 .debug_str     0x00064d09      0x29c src/ASF/common/services/clock/sam3x/sysclk.o
                              0x5c94c (size before relaxing)
 .debug_str     0x00064fa5      0x38f src/ASF/sam/boards/arduino_due_x/init.o
                              0x5d215 (size before relaxing)
 .debug_str     0x00065334      0x432 src/ASF/sam/drivers/pio/pio.o
                              0x59521 (size before relaxing)
 .debug_str     0x00065766      0x445 src/ASF/sam/drivers/pio/pio_handler.o
                              0x59569 (size before relaxing)
 .debug_str     0x00065bab      0x691 src/ASF/sam/drivers/pmc/pmc.o
                              0x59597 (size before relaxing)
 .debug_str     0x0006623c       0x4d src/ASF/sam/utils/cmsis/sam3x/source/templates/exceptions.o
                              0x58b96 (size before relaxing)
 .debug_str     0x00066289       0xb2 src/ASF/sam/utils/cmsis/sam3x/source/templates/gcc/startup_sam3x.o
                              0x58c6b (size before relaxing)
 .debug_str     0x0006633b      0x1cd src/ASF/sam/utils/cmsis/sam3x/source/templates/system_sam3x.o
                              0x58e7e (size before relaxing)
 .debug_str     0x00066508      0x746 src/ASF/sam/utils/syscalls/gcc/syscalls.o
                               0x4f10 (size before relaxing)